Component: ARM Compiler 5.06 update 7 (build 960) Tool: armlink [4d3601]

==============================================================================

Section Cross References

    main.o(i.Show_Pi_Init_State) refers to bsp_pi_comm.o(i.PI_Comm_GetHostStateFlags) for PI_Comm_GetHostStateFlags
    main.o(i.Show_Pi_Init_State) refers to bsp_oled.o(i.OLED_Draw_Line) for OLED_Draw_Line
    main.o(i.Show_Shutdown_State) refers to bsp_oled.o(i.OLED_Draw_Line) for OLED_Draw_Line
    main.o(i.Show_Wait_Start_State) refers to bsp_oled.o(i.OLED_Draw_Line) for OLED_Draw_Line
    main.o(i.main) refers to bsp.o(i.bsp_init) for bsp_init
    main.o(i.main) refers to intsever.o(i.MPU6050_EXTI_Init) for MPU6050_EXTI_Init
    main.o(i.main) refers to bsp_key.o(i.Key1_Long_Press) for Key1_Long_Press
    main.o(i.main) refers to bsp_pi_comm.o(i.PI_Comm_SendEventCode) for PI_Comm_SendEventCode
    main.o(i.main) refers to main.o(i.Show_Shutdown_State) for Show_Shutdown_State
    main.o(i.main) refers to main.o(i.Show_Pi_Init_State) for Show_Pi_Init_State
    main.o(i.main) refers to bsp_pi_comm.o(i.PI_Comm_IsSystemReady) for PI_Comm_IsSystemReady
    main.o(i.main) refers to app_mode.o(i.Mode_select) for Mode_select
    main.o(i.main) refers to bsp.o(i.bsp_mode_init) for bsp_mode_init
    main.o(i.main) refers to main.o(i.Show_Wait_Start_State) for Show_Wait_Start_State
    main.o(i.main) refers to bsp_key.o(i.Key1_State) for Key1_State
    main.o(i.main) refers to bsp_oled.o(i.OLED_Draw_Line) for OLED_Draw_Line
    main.o(i.main) refers to bsp_pi_comm.o(i.PI_Comm_GetHostStateFlags) for PI_Comm_GetHostStateFlags
    main.o(i.main) refers to app_bluetooth.o(i.ProtocolCpyData) for ProtocolCpyData
    main.o(i.main) refers to app_bluetooth.o(i.Protocol) for Protocol
    main.o(i.main) refers to app_bluetooth.o(i.SendAutoUp) for SendAutoUp
    main.o(i.main) refers to f2d.o(.text) for __aeabi_f2d
    main.o(i.main) refers to printfa.o(i.__0sprintf) for __2sprintf
    main.o(i.main) refers to app_k210.o(i.Change_state_QR) for Change_state_QR
    main.o(i.main) refers to app_k210.o(i.Change_state_self) for Change_state_self
    main.o(i.main) refers to app_k210.o(i.Change_state_minst) for Change_state_minst
    main.o(i.main) refers to main.o(.data) for Stop_Flag
    main.o(i.main) refers to app_mode.o(.data) for mode
    main.o(i.main) refers to app_bluetooth.o(.data) for newLineReceived
    main.o(i.main) refers to bsp_timer.o(.data) for bulettohflag
    main.o(i.main) refers to app_control.o(.data) for battery
    main.o(i.main) refers to main.o(.bss) for showbuf
    system_stm32f10x.o(i.SetSysClock) refers to system_stm32f10x.o(i.SetSysClockTo72) for SetSysClockTo72
    system_stm32f10x.o(i.SystemCoreClockUpdate) refers to system_stm32f10x.o(.data) for SystemCoreClock
    system_stm32f10x.o(i.SystemInit) refers to system_stm32f10x.o(i.SetSysClock) for SetSysClock
    startup_stm32f10x_hd.o(RESET) refers to startup_stm32f10x_hd.o(STACK) for __initial_sp
    startup_stm32f10x_hd.o(RESET) refers to startup_stm32f10x_hd.o(.text) for Reset_Handler
    startup_stm32f10x_hd.o(RESET) refers to stm32f10x_it.o(i.NMI_Handler) for NMI_Handler
    startup_stm32f10x_hd.o(RESET) refers to stm32f10x_it.o(i.HardFault_Handler) for HardFault_Handler
    startup_stm32f10x_hd.o(RESET) refers to stm32f10x_it.o(i.MemManage_Handler) for MemManage_Handler
    startup_stm32f10x_hd.o(RESET) refers to stm32f10x_it.o(i.BusFault_Handler) for BusFault_Handler
    startup_stm32f10x_hd.o(RESET) refers to stm32f10x_it.o(i.UsageFault_Handler) for UsageFault_Handler
    startup_stm32f10x_hd.o(RESET) refers to stm32f10x_it.o(i.SVC_Handler) for SVC_Handler
    startup_stm32f10x_hd.o(RESET) refers to stm32f10x_it.o(i.DebugMon_Handler) for DebugMon_Handler
    startup_stm32f10x_hd.o(RESET) refers to stm32f10x_it.o(i.PendSV_Handler) for PendSV_Handler
    startup_stm32f10x_hd.o(RESET) refers to stm32f10x_it.o(i.SysTick_Handler) for SysTick_Handler
    startup_stm32f10x_hd.o(RESET) refers to encoder.o(i.TIM3_IRQHandler) for TIM3_IRQHandler
    startup_stm32f10x_hd.o(RESET) refers to encoder.o(i.TIM4_IRQHandler) for TIM4_IRQHandler
    startup_stm32f10x_hd.o(RESET) refers to usart.o(i.USART1_IRQHandler) for USART1_IRQHandler
    startup_stm32f10x_hd.o(RESET) refers to bsp_usart2.o(i.USART2_IRQHandler) for USART2_IRQHandler
    startup_stm32f10x_hd.o(RESET) refers to bsp_pi_comm.o(i.USART3_IRQHandler) for USART3_IRQHandler
    startup_stm32f10x_hd.o(RESET) refers to app_control.o(i.EXTI15_10_IRQHandler) for EXTI15_10_IRQHandler
    startup_stm32f10x_hd.o(RESET) refers to bsp_bluetooth.o(i.UART5_IRQHandler) for UART5_IRQHandler
    startup_stm32f10x_hd.o(RESET) refers to bsp_timer.o(i.TIM6_IRQHandler) for TIM6_IRQHandler
    startup_stm32f10x_hd.o(.text) refers to system_stm32f10x.o(i.SystemInit) for SystemInit
    startup_stm32f10x_hd.o(.text) refers to entry.o(.ARM.Collect$$$$00000000) for __main
[...]
    DMP_Init                                 0x08001af1   Thumb Code   194  mpu6050.o(i.DMP_Init)
    Deal_K210_AI                             0x08001d01   Thumb Code   130  app_k210_ai.o(i.Deal_K210_AI)
    Deal_K210_QR                             0x08001d95   Thumb Code   124  app_k210.o(i.Deal_K210_QR)
    Deal_K210_minst                          0x08001e21   Thumb Code   124  app_k210.o(i.Deal_K210_minst)
    Deal_K210_self                           0x08001ead   Thumb Code   124  app_k210.o(i.Deal_K210_self)
    DebugMon_Handler                         0x08001f39   Thumb Code     2  stm32f10x_it.o(i.DebugMon_Handler)
    EXTI15_10_IRQHandler                     0x08001f61   Thumb Code   306  app_control.o(i.EXTI15_10_IRQHandler)
    EXTI_Init                                0x080020cd   Thumb Code   142  stm32f10x_exti.o(i.EXTI_Init)
    Encoder_Init_TIM3                        0x08002161   Thumb Code   148  encoder.o(i.Encoder_Init_TIM3)
    Encoder_Init_TIM4                        0x080021fd   Thumb Code   148  encoder.o(i.Encoder_Init_TIM4)
    GPIO_EXTILineConfig                      0x0800231d   Thumb Code    60  stm32f10x_gpio.o(i.GPIO_EXTILineConfig)
    GPIO_Init                                0x0800235d   Thumb Code   278  stm32f10x_gpio.o(i.GPIO_Init)
    GPIO_PinRemapConfig                      0x08002475   Thumb Code   138  stm32f10x_gpio.o(i.GPIO_PinRemapConfig)
    GPIO_ReadInputDataBit                    0x08002505   Thumb Code    18  stm32f10x_gpio.o(i.GPIO_ReadInputDataBit)
    Get_Angle                                0x08002519   Thumb Code   920  app_control.o(i.Get_Angle)
    Get_Battery_Volotage                     0x080028f5   Thumb Code    22  bsp_battery.o(i.Get_Battery_Volotage)
    Get_K210_Data                            0x08002911   Thumb Code   166  app_k210_ai.o(i.Get_K210_Data)
    Get_Measure_Volotage                     0x080029c5   Thumb Code    30  bsp_battery.o(i.Get_Measure_Volotage)
    Get_Velocity_Form_Encoder                0x080029e9   Thumb Code   228  app_motor.o(i.Get_Velocity_Form_Encoder)
    HardFault_Handler                        0x08002af5   Thumb Code     4  stm32f10x_it.o(i.HardFault_Handler)
    I2C_ReadOneByte                          0x08002af9   Thumb Code    70  ioi2c.o(i.I2C_ReadOneByte)
    IIC_Ack                                  0x08002b41   Thumb Code    64  ioi2c.o(i.IIC_Ack)
    IIC_MPU6050_Init                         0x08002b8d   Thumb Code    40  ioi2c.o(i.IIC_MPU6050_Init)
    IIC_NAck                                 0x08002bb9   Thumb Code    62  ioi2c.o(i.IIC_NAck)
    IIC_Read_Byte                            0x08002c05   Thumb Code    98  ioi2c.o(i.IIC_Read_Byte)
    IIC_Send_Byte                            0x08002c75   Thumb Code    88  ioi2c.o(i.IIC_Send_Byte)
    IIC_Start                                0x08002cd9   Thumb Code    92  ioi2c.o(i.IIC_Start)
    IIC_Stop                                 0x08002d41   Thumb Code    60  ioi2c.o(i.IIC_Stop)
    IIC_Wait_Ack                             0x08002d89   Thumb Code    92  ioi2c.o(i.IIC_Wait_Ack)
    IICreadByte                              0x08002df1   Thumb Code    22  ioi2c.o(i.IICreadByte)
    IICwriteBit                              0x08002e07   Thumb Code    64  ioi2c.o(i.IICwriteBit)
    IICwriteBits                             0x08002e47   Thumb Code   106  ioi2c.o(i.IICwriteBits)
    IICwriteByte                             0x08002eb1   Thumb Code    20  ioi2c.o(i.IICwriteByte)
    IICwriteBytes                            0x08002ec5   Thumb Code    70  ioi2c.o(i.IICwriteBytes)
    Init_PID                                 0x08002f0d   Thumb Code    40  app_bluetooth.o(i.Init_PID)
    JTAG_Set                                 0x08002f51   Thumb Code    38  bsp.o(i.JTAG_Set)
    K210_GetAISnapshot                       0x08002f81   Thumb Code    22  app_k210_ai.o(i.K210_GetAISnapshot)
    K210_GetLastText                         0x08002f9d   Thumb Code    54  app_k210.o(i.K210_GetLastText)
    K210_HasAISnapshot                       0x08002fdd   Thumb Code     6  app_k210_ai.o(i.K210_HasAISnapshot)
    KF_X                                     0x08003019   Thumb Code   666  kf.o(i.KF_X)
    KF_Y                                     0x080032d1   Thumb Code   666  kf.o(i.KF_Y)
    Key1_GPIO_Init                           0x08003589   Thumb Code    34  bsp_key.o(i.Key1_GPIO_Init)
    Key1_Long_Press                          0x080035b1   Thumb Code    76  bsp_key.o(i.Key1_Long_Press)
    Key1_State                               0x08003601   Thumb Code    66  bsp_key.o(i.Key1_State)
    MPU6050_EXTI_Init                        0x08003669   Thumb Code   108  intsever.o(i.MPU6050_EXTI_Init)
    MPU6050_initialize                       0x080036d9   Thumb Code    40  mpu6050.o(i.MPU6050_initialize)
    MPU6050_setClockSource                   0x08003701   Thumb Code    20  mpu6050.o(i.MPU6050_setClockSource)
    MPU6050_setFullScaleAccelRange           0x08003715   Thumb Code    20  mpu6050.o(i.MPU6050_setFullScaleAccelRange)
    MPU6050_setFullScaleGyroRange            0x08003729   Thumb Code    20  mpu6050.o(i.MPU6050_setFullScaleGyroRange)
    MPU6050_setI2CBypassEnabled              0x0800373d   Thumb Code    18  mpu6050.o(i.MPU6050_setI2CBypassEnabled)
    MPU6050_setI2CMasterModeEnabled          0x0800374f   Thumb Code    18  mpu6050.o(i.MPU6050_setI2CMasterModeEnabled)
    MPU6050_setSleepEnabled                  0x08003761   Thumb Code    18  mpu6050.o(i.MPU6050_setSleepEnabled)
    MemManage_Handler                        0x08003773   Thumb Code     4  stm32f10x_it.o(i.MemManage_Handler)
    Mode_select                              0x08003779   Thumb Code    78  app_mode.o(i.Mode_select)
    NMI_Handler                              0x080037d9   Thumb Code     2  stm32f10x_it.o(i.NMI_Handler)
    NVIC_Init                                0x080037dd   Thumb Code   100  misc.o(i.NVIC_Init)
    OLED_Clear                               0x0800384d   Thumb Code    10  bsp_oled.o(i.OLED_Clear)
    OLED_Draw_Line                           0x08003857   Thumb Code    42  bsp_oled.o(i.OLED_Draw_Line)
    OLED_Draw_String                         0x08003881   Thumb Code    54  bsp_oled.o(i.OLED_Draw_String)
    OLED_I2C_Init                            0x080038bd   Thumb Code    24  bsp_oled_i2c.o(i.OLED_I2C_Init)
    OLED_IIC_Init                            0x080038e9   Thumb Code    36  bsp_oled_i2c.o(i.OLED_IIC_Init)
    OLED_IIC_Send_Byte                       0x08003915   Thumb Code    88  bsp_oled_i2c.o(i.OLED_IIC_Send_Byte)
    OLED_IIC_Start                           0x08003979   Thumb Code    92  bsp_oled_i2c.o(i.OLED_IIC_Start)
    OLED_IIC_Stop                            0x080039e1   Thumb Code    68  bsp_oled_i2c.o(i.OLED_IIC_Stop)
    OLED_IIC_Wait_Ack                        0x08003a31   Thumb Code    92  bsp_oled_i2c.o(i.OLED_IIC_Wait_Ack)
    OLED_Init                                0x08003a99   Thumb Code   318  bsp_oled.o(i.OLED_Init)
    OLED_Refresh                             0x08003bdd   Thumb Code     8  bsp_oled.o(i.OLED_Refresh)
    OLED_i2cWrite                            0x08003be5   Thumb Code    96  bsp_oled_i2c.o(i.OLED_i2cWrite)
    PI_Comm_10ms_Task                        0x08003c45   Thumb Code   152  bsp_pi_comm.o(i.PI_Comm_10ms_Task)
    PI_Comm_GetHostStateFlags                0x08003d79   Thumb Code     6  bsp_pi_comm.o(i.PI_Comm_GetHostStateFlags)
    PI_Comm_Init                             0x08003fbd   Thumb Code   172  bsp_pi_comm.o(i.PI_Comm_Init)
    PI_Comm_IsSystemReady                    0x080040a1   Thumb Code    10  bsp_pi_comm.o(i.PI_Comm_IsSystemReady)
    PI_Comm_SendEventCode                    0x08004179   Thumb Code    12  bsp_pi_comm.o(i.PI_Comm_SendEventCode)
    PWM_Ignore                               0x080043d1   Thumb Code    26  app_motor.o(i.PWM_Ignore)
    PWM_Limit                                0x080043eb   Thumb Code    18  app_motor.o(i.PWM_Limit)
    PendSV_Handler                           0x080043fd   Thumb Code     2  stm32f10x_it.o(i.PendSV_Handler)
    Pick_Up                                  0x08004401   Thumb Code   222  app_control.o(i.Pick_Up)
    Protocol                                 0x08004501   Thumb Code   852  app_bluetooth.o(i.Protocol)
    ProtocolCpyData                          0x080048b5   Thumb Code    26  app_bluetooth.o(i.ProtocolCpyData)
    ProtocolGetPID                           0x080048dd   Thumb Code   412  app_bluetooth.o(i.ProtocolGetPID)
    Put_Down                                 0x08004ae1   Thumb Code   116  app_control.o(i.Put_Down)
    RCC_ADCCLKConfig                         0x08004b69   Thumb Code    18  stm32f10x_rcc.o(i.RCC_ADCCLKConfig)
    RCC_APB1PeriphClockCmd                   0x08004b81   Thumb Code    26  stm32f10x_rcc.o(i.RCC_APB1PeriphClockCmd)
    RCC_APB1PeriphResetCmd                   0x08004ba1   Thumb Code    26  stm32f10x_rcc.o(i.RCC_APB1PeriphResetCmd)
    RCC_APB2PeriphClockCmd                   0x08004bc1   Thumb Code    26  stm32f10x_rcc.o(i.RCC_APB2PeriphClockCmd)
    RCC_APB2PeriphResetCmd                   0x08004be1   Thumb Code    26  stm32f10x_rcc.o(i.RCC_APB2PeriphResetCmd)
    RCC_GetClocksFreq                        0x08004c01   Thumb Code   192  stm32f10x_rcc.o(i.RCC_GetClocksFreq)
    Read_DMP                                 0x08004cd5   Thumb Code   560  mpu6050.o(i.Read_DMP)
    Read_Encoder                             0x08004f31   Thumb Code    46  encoder.o(i.Read_Encoder)
    Read_Temperature                         0x08004f69   Thumb Code   110  mpu6050.o(i.Read_Temperature)
    ResetPID                                 0x08004fe9   Thumb Code   136  app_bluetooth.o(i.ResetPID)
    SSD1306_DrawPixel                        0x0800508d   Thumb Code   152  bsp_oled.o(i.SSD1306_DrawPixel)
    SSD1306_Fill                             0x0800512d   Thumb Code    26  bsp_oled.o(i.SSD1306_Fill)
    SSD1306_GotoXY                           0x0800514d   Thumb Code     8  bsp_oled.o(i.SSD1306_GotoXY)
    SSD1306_Putc                             0x08005159   Thumb Code   164  bsp_oled.o(i.SSD1306_Putc)
    SSD1306_Puts                             0x08005201   Thumb Code    42  bsp_oled.o(i.SSD1306_Puts)
    SSD1306_UpdateScreen                     0x0800522d   Thumb Code    68  bsp_oled.o(i.SSD1306_UpdateScreen)
    SVC_Handler                              0x08005275   Thumb Code     2  stm32f10x_it.o(i.SVC_Handler)
    SendAutoUp                               0x08005279   Thumb Code    50  app_bluetooth.o(i.SendAutoUp)
    Set_K210track_speed                      0x080053a1   Thumb Code     8  app_line.o(i.Set_K210track_speed)
    Set_Mid_Angle                            0x080053b1   Thumb Code    50  app_mode.o(i.Set_Mid_Angle)
    Set_PID                                  0x080053f1   Thumb Code   144  app_mode.o(i.Set_PID)
    Set_Pwm                                  0x080054d9   Thumb Code   120  app_motor.o(i.Set_Pwm)
    Set_angle                                0x08005555   Thumb Code    56  app_mode.o(i.Set_angle)
    Set_control_speed                        0x08005595   Thumb Code    28  app_mode.o(i.Set_control_speed)
    StringFind                               0x08005759   Thumb Code    74  app_bluetooth.o(i.StringFind)
    SysTick_CLKSourceConfig                  0x080057a3   Thumb Code    40  misc.o(i.SysTick_CLKSourceConfig)
    SysTick_Handler                          0x080057cb   Thumb Code     2  stm32f10x_it.o(i.SysTick_Handler)
    SystemInit                               0x080057cd   Thumb Code    78  system_stm32f10x.o(i.SystemInit)
    TIM3_IRQHandler                          0x08005a6d   Thumb Code    18  encoder.o(i.TIM3_IRQHandler)
    TIM4_IRQHandler                          0x08005a85   Thumb Code    18  encoder.o(i.TIM4_IRQHandler)
    TIM6_IRQHandler                          0x08005a9d   Thumb Code   170  bsp_timer.o(i.TIM6_IRQHandler)
    TIM6_Init                                0x08005b71   Thumb Code    90  bsp_timer.o(i.TIM6_Init)
    TIM_ARRPreloadConfig                     0x08005bd1   Thumb Code    24  stm32f10x_tim.o(i.TIM_ARRPreloadConfig)
    TIM_ClearFlag                            0x08005be9   Thumb Code     6  stm32f10x_tim.o(i.TIM_ClearFlag)
    TIM_ClearITPendingBit                    0x08005bef   Thumb Code     6  stm32f10x_tim.o(i.TIM_ClearITPendingBit)
    TIM_Cmd                                  0x08005bf5   Thumb Code    24  stm32f10x_tim.o(i.TIM_Cmd)
    TIM_CtrlPWMOutputs                       0x08005c0d   Thumb Code    30  stm32f10x_tim.o(i.TIM_CtrlPWMOutputs)
    TIM_DeInit                               0x08005c2d   Thumb Code   424  stm32f10x_tim.o(i.TIM_DeInit)
    TIM_EncoderInterfaceConfig               0x08005e15   Thumb Code    66  stm32f10x_tim.o(i.TIM_EncoderInterfaceConfig)
    TIM_GetITStatus                          0x08005e57   Thumb Code    34  stm32f10x_tim.o(i.TIM_GetITStatus)
    TIM_ICInit                               0x08005e79   Thumb Code   150  stm32f10x_tim.o(i.TIM_ICInit)
    TIM_ICStructInit                         0x08005f25   Thumb Code    18  stm32f10x_tim.o(i.TIM_ICStructInit)
    TIM_ITConfig                             0x08005f37   Thumb Code    18  stm32f10x_tim.o(i.TIM_ITConfig)
    TIM_OC1Init                              0x08005f49   Thumb Code   132  stm32f10x_tim.o(i.TIM_OC1Init)
    TIM_OC1PreloadConfig                     0x08005fe1   Thumb Code    18  stm32f10x_tim.o(i.TIM_OC1PreloadConfig)
    TIM_OC2Init                              0x08005ff5   Thumb Code   154  stm32f10x_tim.o(i.TIM_OC2Init)
    TIM_OC2PreloadConfig                     0x08006099   Thumb Code    26  stm32f10x_tim.o(i.TIM_OC2PreloadConfig)
    TIM_OC3Init                              0x080060b5   Thumb Code   150  stm32f10x_tim.o(i.TIM_OC3Init)
    TIM_OC3PreloadConfig                     0x08006155   Thumb Code    18  stm32f10x_tim.o(i.TIM_OC3PreloadConfig)
    TIM_OC4Init                              0x08006169   Thumb Code   114  stm32f10x_tim.o(i.TIM_OC4Init)
    TIM_OC4PreloadConfig                     0x080061e5   Thumb Code    26  stm32f10x_tim.o(i.TIM_OC4PreloadConfig)
    TIM_SetCounter                           0x080061ff   Thumb Code     4  stm32f10x_tim.o(i.TIM_SetCounter)
    TIM_SetIC1Prescaler                      0x08006203   Thumb Code    18  stm32f10x_tim.o(i.TIM_SetIC1Prescaler)
    TIM_SetIC2Prescaler                      0x08006215   Thumb Code    26  stm32f10x_tim.o(i.TIM_SetIC2Prescaler)
    TIM_SetIC3Prescaler                      0x0800622f   Thumb Code    18  stm32f10x_tim.o(i.TIM_SetIC3Prescaler)
    TIM_SetIC4Prescaler                      0x08006241   Thumb Code    26  stm32f10x_tim.o(i.TIM_SetIC4Prescaler)
    TIM_TimeBaseInit                         0x0800625d   Thumb Code   122  stm32f10x_tim.o(i.TIM_TimeBaseInit)
    TIM_TimeBaseStructInit                   0x08006301   Thumb Code    18  stm32f10x_tim.o(i.TIM_TimeBaseStructInit)
    Turn_K210_PD                             0x08006315   Thumb Code    84  app_line.o(i.Turn_K210_PD)
    Turn_Off                                 0x08006379   Thumb Code    96  app_motor.o(i.Turn_Off)
    Turn_PD                                  0x080063f1   Thumb Code   210  pid_control.o(i.Turn_PD)
    UART5_IRQHandler                         0x080065fd   Thumb Code    30  bsp_bluetooth.o(i.UART5_IRQHandler)
    UART5_Send_Char                          0x08006621   Thumb Code    24  bsp_bluetooth.o(i.UART5_Send_Char)
    USART1_IRQHandler                        0x08006639   Thumb Code    32  usart.o(i.USART1_IRQHandler)
    USART1_Send_U8                           0x0800665d   Thumb Code    28  usart.o(i.USART1_Send_U8)
    USART2_IRQHandler                        0x0800667d   Thumb Code   104  bsp_usart2.o(i.USART2_IRQHandler)
    USART2_Send_ArrayU8                      0x080066ed   Thumb Code    28  bsp_usart2.o(i.USART2_Send_ArrayU8)
    USART2_Send_U8                           0x08006709   Thumb Code    28  bsp_usart2.o(i.USART2_Send_U8)
    USART2_init                              0x08006729   Thumb Code   152  bsp_usart2.o(i.USART2_init)
    USART3_IRQHandler                        0x080067c9   Thumb Code   298  bsp_pi_comm.o(i.USART3_IRQHandler)
    USART5_Send_Byte                         0x08006911   Thumb Code    28  bsp_bluetooth.o(i.USART5_Send_Byte)
    USART_ClearITPendingBit                  0x08006931   Thumb Code    30  stm32f10x_usart.o(i.USART_ClearITPendingBit)
    USART_Cmd                                0x0800694f   Thumb Code    24  stm32f10x_usart.o(i.USART_Cmd)
    USART_GetFlagStatus                      0x08006967   Thumb Code    26  stm32f10x_usart.o(i.USART_GetFlagStatus)
    USART_GetITStatus                        0x08006981   Thumb Code    84  stm32f10x_usart.o(i.USART_GetITStatus)
    USART_ITConfig                           0x080069d5   Thumb Code    74  stm32f10x_usart.o(i.USART_ITConfig)
    USART_Init                               0x08006a21   Thumb Code   210  stm32f10x_usart.o(i.USART_Init)
    USART_ReceiveData                        0x08006af9   Thumb Code    10  stm32f10x_usart.o(i.USART_ReceiveData)
    USART_SendData                           0x08006b03   Thumb Code     8  stm32f10x_usart.o(i.USART_SendData)
    UsageFault_Handler                       0x08006b0b   Thumb Code     4  stm32f10x_it.o(i.UsageFault_Handler)
    Velocity_PI                              0x08006b11   Thumb Code   336  pid_control.o(i.Velocity_PI)
    __0printf                                0x08006cb5   Thumb Code    22  printfa.o(i.__0printf)
    __1printf                                0x08006cb5   Thumb Code     0  printfa.o(i.__0printf)
    __2printf                                0x08006cb5   Thumb Code     0  printfa.o(i.__0printf)
    __c89printf                              0x08006cb5   Thumb Code     0  printfa.o(i.__0printf)
    printf                                   0x08006cb5   Thumb Code     0  printfa.o(i.__0printf)
    __0sprintf                               0x08006cd5   Thumb Code    34  printfa.o(i.__0sprintf)
    __1sprintf                               0x08006cd5   Thumb Code     0  printfa.o(i.__0sprintf)
    __2sprintf                               0x08006cd5   Thumb Code     0  printfa.o(i.__0sprintf)
    __c89sprintf                             0x08006cd5   Thumb Code     0  printfa.o(i.__0sprintf)
    sprintf                                  0x08006cd5   Thumb Code     0  printfa.o(i.__0sprintf)
    __ARM_fpclassify                         0x08006cfd   Thumb Code    40  fpclassify.o(i.__ARM_fpclassify)
    __kernel_poly                            0x08006d25   Thumb Code   170  poly.o(i.__kernel_poly)
    __mathlib_dbl_infnan                     0x08006dcf   Thumb Code     6  dunder.o(i.__mathlib_dbl_infnan)
    __mathlib_dbl_infnan2                    0x08006dd5   Thumb Code     4  dunder.o(i.__mathlib_dbl_infnan2)
    __mathlib_dbl_invalid                    0x08006dd9   Thumb Code    12  dunder.o(i.__mathlib_dbl_invalid)
    __mathlib_dbl_underflow                  0x08006de5   Thumb Code    10  dunder.o(i.__mathlib_dbl_underflow)
    __read_errno                             0x08006df5   Thumb Code     6  errno.o(i.__read_errno)
    __scatterload_copy                       0x08006e01   Thumb Code    14  handlers.o(i.__scatterload_copy)
    __scatterload_null                       0x08006e0f   Thumb Code     2  handlers.o(i.__scatterload_null)
    __scatterload_zeroinit                   0x08006e11   Thumb Code    14  handlers.o(i.__scatterload_zeroinit)
    __set_errno                              0x08006e21   Thumb Code     6  errno.o(i.__set_errno)
    _is_digit                                0x08006fb1   Thumb Code    14  scanf_fp.o(i._is_digit)
    asin                                     0x08007779   Thumb Code   572  asin.o(i.asin)
    atan                                     0x080079e9   Thumb Code   474  atan.o(i.atan)
    atan2                                    0x08007c09   Thumb Code   374  atan2.o(i.atan2)
    atof                                     0x08007da5   Thumb Code    42  atof.o(i.atof)
    bluetooth_init                           0x08007dd1   Thumb Code   160  bsp_bluetooth.o(i.bluetooth_init)
    bsp_init                                 0x08007e7d   Thumb Code   108  bsp.o(i.bsp_init)
    bsp_mode_init                            0x08007ee9   Thumb Code    72  bsp.o(i.bsp_mode_init)
    car_mode                                 0x08007f35   Thumb Code   104  app_mode.o(i.car_mode)
    cotrol_led                               0x08007fa5   Thumb Code   142  bsp_timer.o(i.cotrol_led)
    deal_bluetooth                           0x08008051   Thumb Code    96  app_bluetooth.o(i.deal_bluetooth)
    delay_init                               0x08008129   Thumb Code    60  delay.o(i.delay_init)
    delay_ms                                 0x08008175   Thumb Code    56  delay.o(i.delay_ms)
    delay_time                               0x080081b1   Thumb Code    16  bsp_timer.o(i.delay_time)
    delay_us                                 0x080081c5   Thumb Code    56  delay.o(i.delay_us)
    dmp_enable_6x_lp_quat                    0x08008201   Thumb Code    60  inv_mpu_dmp_motion_driver.o(i.dmp_enable_6x_lp_quat)
    dmp_enable_feature                       0x0800823d   Thumb Code   530  inv_mpu_dmp_motion_driver.o(i.dmp_enable_feature)
    dmp_enable_gyro_cal                      0x08008459   Thumb Code    62  inv_mpu_dmp_motion_driver.o(i.dmp_enable_gyro_cal)
    dmp_enable_lp_quat                       0x080084b1   Thumb Code    60  inv_mpu_dmp_motion_driver.o(i.dmp_enable_lp_quat)
    dmp_load_motion_driver_firmware          0x080084ed   Thumb Code    20  inv_mpu_dmp_motion_driver.o(i.dmp_load_motion_driver_firmware)
    dmp_read_fifo                            0x08008505   Thumb Code   456  inv_mpu_dmp_motion_driver.o(i.dmp_read_fifo)
    dmp_set_accel_bias                       0x080086d1   Thumb Code   300  inv_mpu_dmp_motion_driver.o(i.dmp_set_accel_bias)
    dmp_set_fifo_rate                        0x08008801   Thumb Code    96  inv_mpu_dmp_motion_driver.o(i.dmp_set_fifo_rate)
    dmp_set_gyro_bias                        0x08008871   Thumb Code   294  inv_mpu_dmp_motion_driver.o(i.dmp_set_gyro_bias)
    dmp_set_orientation                      0x080089a1   Thumb Code   290  inv_mpu_dmp_motion_driver.o(i.dmp_set_orientation)
    dmp_set_shake_reject_thresh              0x08008ad9   Thumb Code    56  inv_mpu_dmp_motion_driver.o(i.dmp_set_shake_reject_thresh)
    dmp_set_shake_reject_time                0x08008b11   Thumb Code    38  inv_mpu_dmp_motion_driver.o(i.dmp_set_shake_reject_time)
    dmp_set_shake_reject_timeout             0x08008b37   Thumb Code    38  inv_mpu_dmp_motion_driver.o(i.dmp_set_shake_reject_timeout)
    dmp_set_tap_axes                         0x08008b5d   Thumb Code    70  inv_mpu_dmp_motion_driver.o(i.dmp_set_tap_axes)
    dmp_set_tap_count                        0x08008ba3   Thumb Code    38  inv_mpu_dmp_motion_driver.o(i.dmp_set_tap_count)
    dmp_set_tap_thresh                       0x08008bc9   Thumb Code   396  inv_mpu_dmp_motion_driver.o(i.dmp_set_tap_thresh)
    dmp_set_tap_time                         0x08008d69   Thumb Code    38  inv_mpu_dmp_motion_driver.o(i.dmp_set_tap_time)
    dmp_set_tap_time_multi                   0x08008d8f   Thumb Code    38  inv_mpu_dmp_motion_driver.o(i.dmp_set_tap_time_multi)
    fputc                                    0x08008db5   Thumb Code    24  usart.o(i.fputc)
    i2cRead                                  0x08009401   Thumb Code   118  ioi2c.o(i.i2cRead)
    i2cWrite                                 0x08009477   Thumb Code    96  ioi2c.o(i.i2cWrite)
    init_beep                                0x080094d9   Thumb Code    46  bsp_beep.o(i.init_beep)
    init_led_gpio                            0x08009511   Thumb Code    44  bsp_led.o(i.init_led_gpio)
    main                                     0x080095bd   Thumb Code   366  main.o(i.main)
    mpu_configure_fifo                       0x080097ad   Thumb Code   106  inv_mpu.o(i.mpu_configure_fifo)
    mpu_get_accel_fsr                        0x0800981d   Thumb Code    72  inv_mpu.o(i.mpu_get_accel_fsr)
    mpu_get_accel_sens                       0x08009869   Thumb Code    78  inv_mpu.o(i.mpu_get_accel_sens)
    mpu_get_fifo_config                      0x080098bd   Thumb Code    12  inv_mpu.o(i.mpu_get_fifo_config)
    mpu_get_gyro_fsr                         0x080098cd   Thumb Code    64  inv_mpu.o(i.mpu_get_gyro_fsr)
    mpu_get_gyro_sens                        0x08009911   Thumb Code    58  inv_mpu.o(i.mpu_get_gyro_sens)
    mpu_get_lpf                              0x08009961   Thumb Code    74  inv_mpu.o(i.mpu_get_lpf)
    mpu_get_sample_rate                      0x080099b1   Thumb Code    26  inv_mpu.o(i.mpu_get_sample_rate)
    mpu_init                                 0x080099d1   Thumb Code   416  inv_mpu.o(i.mpu_init)
    mpu_load_firmware                        0x08009bc1   Thumb Code   180  inv_mpu.o(i.mpu_load_firmware)
    mpu_lp_accel_mode                        0x08009c79   Thumb Code   218  inv_mpu.o(i.mpu_lp_accel_mode)
    mpu_read_fifo_stream                     0x08009d59   Thumb Code   186  inv_mpu.o(i.mpu_read_fifo_stream)
    mpu_read_mem                             0x08009e19   Thumb Code   122  inv_mpu.o(i.mpu_read_mem)
    mpu_reset_fifo                           0x08009e99   Thumb Code   438  inv_mpu.o(i.mpu_reset_fifo)
    mpu_run_self_test                        0x0800a055   Thumb Code   278  inv_mpu.o(i.mpu_run_self_test)
    mpu_set_accel_fsr                        0x0800a171   Thumb Code   126  inv_mpu.o(i.mpu_set_accel_fsr)
    mpu_set_bypass                           0x0800a1f5   Thumb Code   328  inv_mpu.o(i.mpu_set_bypass)
    mpu_set_dmp_state                        0x0800a341   Thumb Code   138  inv_mpu.o(i.mpu_set_dmp_state)
    mpu_set_gyro_fsr                         0x0800a3d1   Thumb Code   132  inv_mpu.o(i.mpu_set_gyro_fsr)
    mpu_set_int_latched                      0x0800a459   Thumb Code   102  inv_mpu.o(i.mpu_set_int_latched)
    mpu_set_lpf                              0x0800a4c5   Thumb Code   126  inv_mpu.o(i.mpu_set_lpf)
    mpu_set_sample_rate                      0x0800a549   Thumb Code   152  inv_mpu.o(i.mpu_set_sample_rate)
    mpu_set_sensors                          0x0800a5e5   Thumb Code   202  inv_mpu.o(i.mpu_set_sensors)
    mpu_write_mem                            0x0800a6b5   Thumb Code   122  inv_mpu.o(i.mpu_write_mem)
    mul                                      0x0800a735   Thumb Code   154  kf.o(i.mul)
    my_delay                                 0x0800a7e9   Thumb Code    22  bsp_timer.o(i.my_delay)
    myabs                                    0x0800a7ff   Thumb Code    14  pid_control.o(i.myabs)
    myget_ms                                 0x0800a80d   Thumb Code     2  inv_mpu.o(i.myget_ms)
    power_decect                             0x0800a811   Thumb Code    64  bsp_timer.o(i.power_decect)
    show_mode_oled                           0x0800a985   Thumb Code   148  oled_show.o(i.show_mode_oled)
    sqrt                                     0x0800aa95   Thumb Code    76  sqrt.o(i.sqrt)
    ssd1306_I2C_Write                        0x0800aae1   Thumb Code    20  bsp_oled.o(i.ssd1306_I2C_Write)
    ssd1306_I2C_WriteMulti                   0x0800aaf5   Thumb Code    28  bsp_oled.o(i.ssd1306_I2C_WriteMulti)
    uart_init                                0x0800ab11   Thumb Code   152  usart.o(i.uart_init)
    Font7x10                                 0x0800abb0   Data        1900  oled_fonts.o(.constdata)
    Font11x18                                0x0800b31c   Data        3420  oled_fonts.o(.constdata)
    Font16x26                                0x0800c078   Data        4940  oled_fonts.o(.constdata)
    hw                                       0x0800d3c4   Data          12  inv_mpu.o(.constdata)
    reg                                      0x0800d3d0   Data          27  inv_mpu.o(.constdata)
    test                                     0x0800d3ec   Data          40  inv_mpu.o(.constdata)
    __mathlib_zero                           0x0800e1b0   Data           8  qnan.o(.constdata)
    __ctype_categories                       0x0800e1b8   Data          64  ctype_c.o(.constdata)
    Region$$Table$$Base                      0x0800e248   Number         0  anon$$obj.o(Region$$Table)
    Region$$Table$$Limit                     0x0800e268   Number         0  anon$$obj.o(Region$$Table)
    GET_Angle_Way                            0x20000000   Data           1  main.o(.data)
    Angle_Balance                            0x20000004   Data           4  main.o(.data)
    Gyro_Balance                             0x20000008   Data           4  main.o(.data)
    Gyro_Turn                                0x2000000c   Data           4  main.o(.data)
    Motor_Left                               0x20000010   Data           4  main.o(.data)
    Motor_Right                              0x20000014   Data           4  main.o(.data)
    Temperature                              0x20000018   Data           4  main.o(.data)
    Acceleration_Z                           0x2000001c   Data           4  main.o(.data)
    Mid_Angle                                0x20000020   Data           4  main.o(.data)
    Move_X                                   0x20000024   Data           4  main.o(.data)
    Move_Z                                   0x20000028   Data           4  main.o(.data)
    Stop_Flag                                0x2000002c   Data           1  main.o(.data)
    SystemCoreClock                          0x20000030   Data           4  system_stm32f10x.o(.data)
    AHBPrescTable                            0x20000034   Data          16  system_stm32f10x.o(.data)
    gyro                                     0x2000005c   Data           6  mpu6050.o(.data)
    accel                                    0x20000062   Data           6  mpu6050.o(.data)
    sensors                                  0x20000068   Data           2  mpu6050.o(.data)
    Roll                                     0x2000006c   Data           4  mpu6050.o(.data)
    Pitch                                    0x20000070   Data           4  mpu6050.o(.data)
    Yaw                                      0x20000074   Data           4  mpu6050.o(.data)
    q0                                       0x20000078   Data           4  mpu6050.o(.data)
    q1                                       0x2000007c   Data           4  mpu6050.o(.data)
    q2                                       0x20000080   Data           4  mpu6050.o(.data)
    q3                                       0x20000084   Data           4  mpu6050.o(.data)
    Gx_offset                                0x20000092   Data           2  mpu6050.o(.data)
    Gy_offset                                0x20000094   Data           2  mpu6050.o(.data)
    Gz_offset                                0x20000096   Data           2  mpu6050.o(.data)
    __stdout                                 0x20000098   Data           4  usart.o(.data)
    Font_7x10                                0x200000a4   Data           8  oled_fonts.o(.data)
    Font_11x18                               0x200000ac   Data           8  oled_fonts.o(.data)
    Font_16x26                               0x200000b4   Data           8  oled_fonts.o(.data)
    led_flag                                 0x200000c4   Data           2  bsp_timer.o(.data)
    led_twinkle_count                        0x200000c6   Data           2  bsp_timer.o(.data)
    led_count                                0x200000c8   Data           2  bsp_timer.o(.data)
    lower_power_flag                         0x200000ca   Data           1  bsp_timer.o(.data)
    bulettohflag                             0x200000cb   Data           1  bsp_timer.o(.data)
    g_key1_long_press                        0x200000ce   Data           2  bsp_key.o(.data)
    battery                                  0x200000e4   Data           4  app_control.o(.data)
    Velocity_Left                            0x200000f4   Data           4  app_motor.o(.data)
    Velocity_Right                           0x200000f8   Data           4  app_motor.o(.data)
    Balance_K                                0x200000fc   Data           4  pid_control.o(.data)
    Velocity_K                               0x20000100   Data           4  pid_control.o(.data)
    Turn_K                                   0x20000104   Data           4  pid_control.o(.data)
    Balance_Kp                               0x20000108   Data           4  pid_control.o(.data)
    Balance_Kd                               0x2000010c   Data           4  pid_control.o(.data)
    Velocity_Kp                              0x20000110   Data           4  pid_control.o(.data)
    Velocity_Ki                              0x20000114   Data           4  pid_control.o(.data)
    Turn_Kp                                  0x20000118   Data           4  pid_control.o(.data)
    Turn_Kd                                  0x2000011c   Data           4  pid_control.o(.data)
    Car_Target_Velocity                      0x20000120   Data           4  pid_control.o(.data)
    Car_Turn_Amplitude_speed                 0x20000124   Data           4  pid_control.o(.data)
    myTurn_Kd                                0x20000128   Data           4  pid_control.o(.data)
    g_autoup                                 0x20000148   Data           4  app_bluetooth.o(.data)
    newLineReceived                          0x2000014c   Data           1  app_bluetooth.o(.data)
    num                                      0x20000150   Data           4  app_bluetooth.o(.data)
    startBit                                 0x20000154   Data           1  app_bluetooth.o(.data)
    int9num                                  0x20000158   Data           4  app_bluetooth.o(.data)
    g_newcarstate                            0x2000015c   Data           1  app_bluetooth.o(.data)
    piddisplay                               0x2000015d   Data          50  app_bluetooth.o(.data)
    s_Acc                                    0x20000190   Data           4  app_bluetooth.o(.data)
    s_Gyro                                   0x20000194   Data           4  app_bluetooth.o(.data)
    g_uptimes                                0x20000198   Data           4  app_bluetooth.o(.data)
    angle_max                                0x2000019c   Data           1  app_mode.o(.data)
    mode                                     0x2000019d   Data           1  app_mode.o(.data)
    dt                                       0x200001d0   Data           4  filter.o(.data)
    g_new_flag                               0x2000029c   Data           1  app_k210.o(.data)
    g_index                                  0x2000029d   Data           1  app_k210.o(.data)
    g_new_data                               0x2000029e   Data           1  app_k210.o(.data)
    g_new_flag_AI                            0x200002a0   Data           1  app_k210_ai.o(.data)
    g_index_AI                               0x200002a1   Data           1  app_k210_ai.o(.data)
    K210_data                                0x200002a4   Data          10  app_k210_ai.o(.data)
    g_error_x                                0x200002b0   Data           2  app_follow.o(.data)
    g_error_y                                0x200002b2   Data           2  app_follow.o(.data)
    g_error_area                             0x200002b4   Data           2  app_follow.o(.data)
    showbuf                                  0x200002d0   Data          20  main.o(.bss)
    manydisplay                              0x20000504   Data          80  app_bluetooth.o(.bss)
    updata                                   0x20000554   Data          80  app_bluetooth.o(.bss)
    lspeed                                   0x200005a4   Data          10  app_bluetooth.o(.bss)
    rspeed                                   0x200005ae   Data          10  app_bluetooth.o(.bss)
    daccel                                   0x200005b8   Data          10  app_bluetooth.o(.bss)
    dgyro                                    0x200005c2   Data          10  app_bluetooth.o(.bss)
    csb                                      0x200005cc   Data          10  app_bluetooth.o(.bss)
    vi                                       0x200005d6   Data          10  app_bluetooth.o(.bss)
    inputString                              0x200005e0   Data          80  app_bluetooth.o(.bss)
    ProtocolString                           0x20000630   Data          80  app_bluetooth.o(.bss)
    charkp                                   0x20000680   Data          10  app_bluetooth.o(.bss)
    charkd                                   0x2000068a   Data          10  app_bluetooth.o(.bss)
    charksp                                  0x20000694   Data          10  app_bluetooth.o(.bss)
    charksi                                  0x2000069e   Data          10  app_bluetooth.o(.bss)
    charktp                                  0x200006a8   Data          10  app_bluetooth.o(.bss)
    charktd                                  0x200006b2   Data          10  app_bluetooth.o(.bss)
    PID_Original                             0x200006bc   Data          24  app_bluetooth.o(.bss)
    buf_msg                                  0x20000704   Data          20  app_k210.o(.bss)
    buf_msg_AI                               0x2000072d   Data          20  app_k210_ai.o(.bss)
    __initial_sp                             0x20000b48   Data           0  startup_stm32f10x_hd.o(STACK)



==============================================================================

Memory Map of the image

  Image Entry point : 0x08000131

  Load Region LR_IROM1 (Base: 0x08000000, Size: 0x0000e538, Max: 0x00080000, ABSOLUTE, COMPRESSED[0x0000e2fc])

    Execution Region ER_IROM1 (Exec base: 0x08000000, Load base: 0x08000000, Size: 0x0000e268, Max: 0x00080000, ABSOLUTE)

    Exec Addr    Load Addr    Size         Type   Attr      Idx    E Section Name        Object

    0x08000000   0x08000000   0x00000130   Data   RO          364    RESET               startup_stm32f10x_hd.o
    0x08000130   0x08000130   0x00000000   Code   RO         4695  * .ARM.Collect$$$$00000000  mc_w.l(entry.o)
    0x08000130   0x08000130   0x00000004   Code   RO         5046    .ARM.Collect$$$$00000001  mc_w.l(entry2.o)
    0x08000134   0x08000134   0x00000004   Code   RO         5049    .ARM.Collect$$$$00000004  mc_w.l(entry5.o)
    0x08000138   0x08000138   0x00000000   Code   RO         5051    .ARM.Collect$$$$00000008  mc_w.l(entry7b.o)
    0x08000138   0x08000138   0x00000000   Code   RO         5053    .ARM.Collect$$$$0000000A  mc_w.l(entry8b.o)
    0x08000138   0x08000138   0x00000008   Code   RO         5054    .ARM.Collect$$$$0000000B  mc_w.l(entry9a.o)
    0x08000140   0x08000140   0x00000004   Code   RO         5061    .ARM.Collect$$$$0000000E  mc_w.l(entry12b.o)
    0x08000144   0x08000144   0x00000000   Code   RO         5056    .ARM.Collect$$$$0000000F  mc_w.l(entry10a.o)
    0x08000144   0x08000144   0x00000000   Code   RO         5058    .ARM.Collect$$$$00000011  mc_w.l(entry11a.o)
    0x08000144   0x08000144   0x00000004   Code   RO         5047    .ARM.Collect$$$$00002712  mc_w.l(entry2.o)
    0x08000148   0x08000148   0x00000024   Code   RO          365    .text               startup_stm32f10x_hd.o
    0x0800016c   0x0800016c   0x00000062   Code   RO         4698    .text               mc_w.l(ldiv.o)
    0x080001ce   0x080001ce   0x00000024   Code   RO         4700    .text               mc_w.l(memcpya.o)
    0x080001f2   0x080001f2   0x00000024   Code   RO         4702    .text               mc_w.l(memseta.o)
    0x08000216   0x08000216   0x00000018   Code   RO         4704    .text               mc_w.l(strcat.o)
    0x0800022e   0x0800022e   0x0000000e   Code   RO         4706    .text               mc_w.l(strlen.o)
    0x0800023c   0x0800023c   0x0000001c   Code   RO         4708    .text               mc_w.l(strcmp.o)
    0x08000258   0x08000258   0x0000001a   Code   RO         4710    .text               mc_w.l(memcmp.o)
    0x08000272   0x08000272   0x000000b0   Code   RO         4975    .text               mf_w.l(fadd.o)
    0x08000322   0x08000322   0x00000064   Code   RO         4977    .text               mf_w.l(fmul.o)
    0x08000386   0x08000386   0x0000007c   Code   RO         4979    .text               mf_w.l(fdiv.o)
    0x08000402   0x08000402   0x0000014e   Code   RO         4981    .text               mf_w.l(dadd.o)
    0x08000550   0x08000550   0x000000e4   Code   RO         4983    .text               mf_w.l(dmul.o)
    0x08000634   0x08000634   0x000000de   Code   RO         4985    .text               mf_w.l(ddiv.o)
    0x08000712   0x08000712   0x00000012   Code   RO         4987    .text               mf_w.l(fflti.o)
    0x08000724   0x08000724   0x0000000a   Code   RO         4989    .text               mf_w.l(ffltui.o)
    0x0800072e   0x0800072e   0x00000022   Code   RO         4991    .text               mf_w.l(dflti.o)
    0x08000750   0x08000750   0x00000032   Code   RO         4993    .text               mf_w.l(ffixi.o)
    0x08000782   0x08000782   0x00000028   Code   RO         4995    .text               mf_w.l(ffixui.o)
    0x080007aa   0x080007aa   0x0000003e   Code   RO         4997    .text               mf_w.l(dfixi.o)
    0x080007e8   0x080007e8   0x00000026   Code   RO         4999    .text               mf_w.l(f2d.o)
    0x0800080e   0x0800080e   0x00000002   PAD
    0x08000810   0x08000810   0x00000030   Code   RO         5001    .text               mf_w.l(cdcmple.o)
    0x08000840   0x08000840   0x00000038   Code   RO         5003    .text               mf_w.l(d2f.o)
    0x08000878   0x08000878   0x00000014   Code   RO         5005    .text               mf_w.l(cfcmple.o)
    0x0800088c   0x0800088c   0x00000014   Code   RO         5007    .text               mf_w.l(cfrcmple.o)
    0x080008a0   0x080008a0   0x0000002c   Code   RO         5062    .text               mc_w.l(uidiv.o)
    0x080008cc   0x080008cc   0x00000062   Code   RO         5064    .text               mc_w.l(uldiv.o)
    0x0800092e   0x0800092e   0x0000001e   Code   RO         5066    .text               mc_w.l(llshl.o)
    0x0800094c   0x0800094c   0x00000020   Code   RO         5068    .text               mc_w.l(llushr.o)
    0x0800096c   0x0800096c   0x00000024   Code   RO         5070    .text               mc_w.l(llsshr.o)
    0x08000990   0x08000990   0x0000009c   Code   RO         5079    .text               mc_w.l(strtod.o)
    0x08000a2c   0x08000a2c   0x00000000   Code   RO         5081    .text               mc_w.l(iusefp.o)
    0x08000a2c   0x08000a2c   0x0000006e   Code   RO         5082    .text               mf_w.l(fepilogue.o)
    0x08000a9a   0x08000a9a   0x000000ba   Code   RO         5084    .text               mf_w.l(depilogue.o)
    0x08000b54   0x08000b54   0x0000002e   Code   RO         5086    .text               mf_w.l(dscalb.o)
    0x08000b82   0x08000b82   0x00000030   Code   RO         5088    .text               mf_w.l(dfixul.o)
    0x08000bb2   0x08000bb2   0x00000002   PAD
    0x08000bb4   0x08000bb4   0x00000030   Code   RO         5090    .text               mf_w.l(cdrcmple.o)
    0x08000be4   0x08000be4   0x00000024   Code   RO         5092    .text               mc_w.l(init.o)
    0x08000c08   0x08000c08   0x0000000a   Code   RO         5094    .text               mc_w.l(isspace_c.o)
    0x08000c12   0x08000c12   0x00000002   PAD
    0x08000c14   0x08000c14   0x00000360   Code   RO         5096    .text               mc_w.l(scanf_fp.o)
    0x08000f74   0x08000f74   0x00000040   Code   RO         5100    .text               mc_w.l(_sgetc.o)
    0x08000fb4   0x08000fb4   0x000000a2   Code   RO         5102    .text               mf_w.l(dsqrt.o)
    0x08001056   0x08001056   0x00000002   PAD
    0x08001058   0x08001058   0x00000028   Code   RO         5104    .text               mc_w.l(ctype_c.o)
    0x08001080   0x08001080   0x00000018   Code   RO         5107    .text               mf_w.l(dfltul.o)
    0x08001098   0x08001098   0x00000056   Code   RO         5117    .text               mc_w.l(__dczerorl2.o)
    0x080010ee   0x080010ee   0x00000016   Code   RO          411    i.ADC_Cmd           stm32f10x_adc.o
    0x08001104   0x08001104   0x0000005c   Code   RO          413    i.ADC_DeInit        stm32f10x_adc.o
    0x08001160   0x08001160   0x00000014   Code   RO          419    i.ADC_GetCalibrationStatus  stm32f10x_adc.o
    0x08001174   0x08001174   0x00000008   Code   RO          420    i.ADC_GetConversionValue  stm32f10x_adc.o
    0x0800117c   0x0800117c   0x00000012   Code   RO          422    i.ADC_GetFlagStatus  stm32f10x_adc.o
    0x0800118e   0x0800118e   0x00000014   Code   RO          425    i.ADC_GetResetCalibrationStatus  stm32f10x_adc.o
    0x080011a2   0x080011a2   0x00000002   PAD
    0x080011a4   0x080011a4   0x00000050   Code   RO          429    i.ADC_Init          stm32f10x_adc.o
    0x080011f4   0x080011f4   0x000000b8   Code   RO          433    i.ADC_RegularChannelConfig  stm32f10x_adc.o
    0x080012ac   0x080012ac   0x0000000a   Code   RO          434    i.ADC_ResetCalibration  stm32f10x_adc.o
    0x080012b6   0x080012b6   0x00000016   Code   RO          436    i.ADC_SoftwareStartConvCmd  stm32f10x_adc.o
    0x080012cc   0x080012cc   0x0000000a   Code   RO          438    i.ADC_StartCalibration  stm32f10x_adc.o
    0x080012d6   0x080012d6   0x00000002   PAD
    0x080012d8   0x080012d8   0x000000bc   Code   RO         4642    i.APP_K210X_Y_Follow_PID  app_follow.o
    0x08001394   0x08001394   0x0000002c   Code   RO         2897    i.BalanceCar_Motor_Init  motor.o
    0x080013c0   0x080013c0   0x000000ac   Code   RO         2898    i.BalanceCar_PWM_Init  motor.o
    0x0800146c   0x0800146c   0x0000009c   Code   RO         3823    i.Balance_PD        pid_control.o
    0x08001508   0x08001508   0x00000040   Code   RO         3090    i.Battery_Get       bsp_battery.o
    0x08001548   0x08001548   0x0000008c   Code   RO         3092    i.Battery_init      bsp_battery.o
    0x080015d4   0x080015d4   0x00000004   Code   RO          254    i.BusFault_Handler  stm32f10x_it.o
    0x080015d8   0x080015d8   0x0000012c   Code   RO         3860    i.CalcUpData        app_bluetooth.o
    0x08001704   0x08001704   0x00000164   Code   RO         4524    i.Change_state_QR   app_k210.o
    0x08001868   0x08001868   0x000000e8   Code   RO         4525    i.Change_state_minst  app_k210.o
    0x08001950   0x08001950   0x000000b8   Code   RO         4526    i.Change_state_self  app_k210.o
    0x08001a08   0x08001a08   0x00000060   Code   RO         4463    i.Complementary_Filter_x  filter.o
    0x08001a68   0x08001a68   0x00000060   Code   RO         4464    i.Complementary_Filter_y  filter.o
    0x08001ac8   0x08001ac8   0x00000028   Code   RO         2683    i.DIY_NVIC_PriorityGroupConfig  bsp.o
    0x08001af0   0x08001af0   0x00000210   Code   RO         2915    i.DMP_Init          mpu6050.o
    0x08001d00   0x08001d00   0x00000094   Code   RO         4587    i.Deal_K210_AI      app_k210_ai.o
    0x08001d94   0x08001d94   0x0000008c   Code   RO         4527    i.Deal_K210_QR      app_k210.o
    0x08001e20   0x08001e20   0x0000008c   Code   RO         4528    i.Deal_K210_minst   app_k210.o
    0x08001eac   0x08001eac   0x0000008c   Code   RO         4529    i.Deal_K210_self    app_k210.o
    0x08001f38   0x08001f38   0x00000002   Code   RO          255    i.DebugMon_Handler  stm32f10x_it.o
    0x08001f3a   0x08001f3a   0x00000026   Code   RO         3125    i.Delay_For_Pin     bsp_oled_i2c.o
    0x08001f60   0x08001f60   0x0000016c   Code   RO         3721    i.EXTI15_10_IRQHandler  app_control.o
    0x080020cc   0x080020cc   0x00000094   Code   RO          825    i.EXTI_Init         stm32f10x_exti.o
    0x08002160   0x08002160   0x0000009c   Code   RO         2746    i.Encoder_Init_TIM3  encoder.o
    0x080021fc   0x080021fc   0x0000009c   Code   RO         2747    i.Encoder_Init_TIM4  encoder.o
    0x08002298   0x08002298   0x00000084   Code   RO         4643    i.GO_PID            app_follow.o
    0x0800231c   0x0800231c   0x00000040   Code   RO         1050    i.GPIO_EXTILineConfig  stm32f10x_gpio.o
    0x0800235c   0x0800235c   0x00000116   Code   RO         1053    i.GPIO_Init         stm32f10x_gpio.o
    0x08002472   0x08002472   0x00000002   PAD
    0x08002474   0x08002474   0x00000090   Code   RO         1055    i.GPIO_PinRemapConfig  stm32f10x_gpio.o
    0x08002504   0x08002504   0x00000012   Code   RO         1057    i.GPIO_ReadInputDataBit  stm32f10x_gpio.o
    0x08002516   0x08002516   0x00000002   PAD
    0x08002518   0x08002518   0x000003dc   Code   RO         3722    i.Get_Angle         app_control.o
    0x080028f4   0x080028f4   0x0000001c   Code   RO         3093    i.Get_Battery_Volotage  bsp_battery.o
    0x08002910   0x08002910   0x000000b4   Code   RO         4588    i.Get_K210_Data     app_k210_ai.o
    0x080029c4   0x080029c4   0x00000024   Code   RO         3094    i.Get_Measure_Volotage  bsp_battery.o
    0x080029e8   0x080029e8   0x0000010c   Code   RO         3780    i.Get_Velocity_Form_Encoder  app_motor.o
    0x08002af4   0x08002af4   0x00000004   Code   RO          256    i.HardFault_Handler  stm32f10x_it.o
    0x08002af8   0x08002af8   0x00000046   Code   RO         2786    i.I2C_ReadOneByte   ioi2c.o
    0x08002b3e   0x08002b3e   0x00000002   PAD
    0x08002b40   0x08002b40   0x0000004c   Code   RO         2787    i.IIC_Ack           ioi2c.o
    0x08002b8c   0x08002b8c   0x0000002c   Code   RO         2788    i.IIC_MPU6050_Init  ioi2c.o
    0x08002bb8   0x08002bb8   0x0000004c   Code   RO         2789    i.IIC_NAck          ioi2c.o
    0x08002c04   0x08002c04   0x00000070   Code   RO         2790    i.IIC_Read_Byte     ioi2c.o
    0x08002c74   0x08002c74   0x00000064   Code   RO         2791    i.IIC_Send_Byte     ioi2c.o
    0x08002cd8   0x08002cd8   0x00000068   Code   RO         2792    i.IIC_Start         ioi2c.o
    0x08002d40   0x08002d40   0x00000048   Code   RO         2793    i.IIC_Stop          ioi2c.o
    0x08002d88   0x08002d88   0x00000068   Code   RO         2794    i.IIC_Wait_Ack      ioi2c.o
    0x08002df0   0x08002df0   0x00000016   Code   RO         2795    i.IICreadByte       ioi2c.o
    0x08002e06   0x08002e06   0x00000040   Code   RO         2797    i.IICwriteBit       ioi2c.o
    0x08002e46   0x08002e46   0x0000006a   Code   RO         2798    i.IICwriteBits      ioi2c.o
    0x08002eb0   0x08002eb0   0x00000014   Code   RO         2799    i.IICwriteByte      ioi2c.o
    0x08002ec4   0x08002ec4   0x00000046   Code   RO         2800    i.IICwriteBytes     ioi2c.o
    0x08002f0a   0x08002f0a   0x00000002   PAD
    0x08002f0c   0x08002f0c   0x00000044   Code   RO         3861    i.Init_PID          app_bluetooth.o
    0x08002f50   0x08002f50   0x00000030   Code   RO         2684    i.JTAG_Set          bsp.o
    0x08002f80   0x08002f80   0x0000001c   Code   RO         4589    i.K210_GetAISnapshot  app_k210_ai.o
    0x08002f9c   0x08002f9c   0x00000040   Code   RO         4530    i.K210_GetLastText  app_k210.o
    0x08002fdc   0x08002fdc   0x0000000c   Code   RO         4590    i.K210_HasAISnapshot  app_k210_ai.o
    0x08002fe8   0x08002fe8   0x00000030   Code   RO         4532    i.K210_SaveLastText  app_k210.o
    0x08003018   0x08003018   0x000002b8   Code   RO         4497    i.KF_X              kf.o
    0x080032d0   0x080032d0   0x000002b8   Code   RO         4498    i.KF_Y              kf.o
    0x08003588   0x08003588   0x00000028   Code   RO         3476    i.Key1_GPIO_Init    bsp_key.o
    0x080035b0   0x080035b0   0x00000050   Code   RO         3477    i.Key1_Long_Press   bsp_key.o
    0x08003600   0x08003600   0x0000004c   Code   RO         3478    i.Key1_State        bsp_key.o
    0x0800364c   0x0800364c   0x0000001c   Code   RO         3479    i.Key1_is_Press     bsp_key.o
    0x08003668   0x08003668   0x00000070   Code   RO         3078    i.MPU6050_EXTI_Init  intsever.o
    0x080036d8   0x080036d8   0x00000028   Code   RO         2917    i.MPU6050_initialize  mpu6050.o
    0x08003700   0x08003700   0x00000014   Code   RO         2919    i.MPU6050_setClockSource  mpu6050.o
    0x08003714   0x08003714   0x00000014   Code   RO         2920    i.MPU6050_setFullScaleAccelRange  mpu6050.o
    0x08003728   0x08003728   0x00000014   Code   RO         2921    i.MPU6050_setFullScaleGyroRange  mpu6050.o
    0x0800373c   0x0800373c   0x00000012   Code   RO         2922    i.MPU6050_setI2CBypassEnabled  mpu6050.o
    0x0800374e   0x0800374e   0x00000012   Code   RO         2923    i.MPU6050_setI2CMasterModeEnabled  mpu6050.o
    0x08003760   0x08003760   0x00000012   Code   RO         2924    i.MPU6050_setSleepEnabled  mpu6050.o
    0x08003772   0x08003772   0x00000004   Code   RO          257    i.MemManage_Handler  stm32f10x_it.o
    0x08003776   0x08003776   0x00000002   PAD
    0x08003778   0x08003778   0x00000060   Code   RO         3932    i.Mode_select       app_mode.o
    0x080037d8   0x080037d8   0x00000002   Code   RO          258    i.NMI_Handler       stm32f10x_it.o
    0x080037da   0x080037da   0x00000002   PAD
    0x080037dc   0x080037dc   0x00000070   Code   RO          369    i.NVIC_Init         misc.o
    0x0800384c   0x0800384c   0x0000000a   Code   RO         3251    i.OLED_Clear        bsp_oled.o
    0x08003856   0x08003856   0x0000002a   Code   RO         3252    i.OLED_Draw_Line    bsp_oled.o
    0x08003880   0x08003880   0x0000003c   Code   RO         3253    i.OLED_Draw_String  bsp_oled.o
    0x080038bc   0x080038bc   0x0000002c   Code   RO         3126    i.OLED_I2C_Init     bsp_oled_i2c.o
    0x080038e8   0x080038e8   0x0000002c   Code   RO         3129    i.OLED_IIC_Init     bsp_oled_i2c.o
    0x08003914   0x08003914   0x00000064   Code   RO         3132    i.OLED_IIC_Send_Byte  bsp_oled_i2c.o
    0x08003978   0x08003978   0x00000068   Code   RO         3133    i.OLED_IIC_Start    bsp_oled_i2c.o
    0x080039e0   0x080039e0   0x00000050   Code   RO         3134    i.OLED_IIC_Stop     bsp_oled_i2c.o
    0x08003a30   0x08003a30   0x00000068   Code   RO         3135    i.OLED_IIC_Wait_Ack  bsp_oled_i2c.o
    0x08003a98   0x08003a98   0x00000144   Code   RO         3254    i.OLED_Init         bsp_oled.o
    0x08003bdc   0x08003bdc   0x00000008   Code   RO         3255    i.OLED_Refresh      bsp_oled.o
    0x08003be4   0x08003be4   0x00000060   Code   RO         3143    i.OLED_i2cWrite     bsp_oled_i2c.o
    0x08003c44   0x08003c44   0x000000bc   Code   RO         3591    i.PI_Comm_10ms_Task  bsp_pi_comm.o
    0x08003d00   0x08003d00   0x0000000e   Code   RO         3592    i.PI_Comm_BytesToInt16  bsp_pi_comm.o
    0x08003d0e   0x08003d0e   0x00000022   Code   RO         3593    i.PI_Comm_Checksum  bsp_pi_comm.o
    0x08003d30   0x08003d30   0x0000002c   Code   RO         3594    i.PI_Comm_ClampMove  bsp_pi_comm.o
    0x08003d5c   0x08003d5c   0x0000001c   Code   RO         3595    i.PI_Comm_EnsureK210UartReady  bsp_pi_comm.o
    0x08003d78   0x08003d78   0x0000000c   Code   RO         3596    i.PI_Comm_GetHostStateFlags  bsp_pi_comm.o
    0x08003d84   0x08003d84   0x00000238   Code   RO         3597    i.PI_Comm_HandleFrame  bsp_pi_comm.o
    0x08003fbc   0x08003fbc   0x000000b8   Code   RO         3598    i.PI_Comm_Init      bsp_pi_comm.o
    0x08004074   0x08004074   0x0000002a   Code   RO         3599    i.PI_Comm_InitModePeripheral  bsp_pi_comm.o
    0x0800409e   0x0800409e   0x00000002   PAD
    0x080040a0   0x080040a0   0x00000010   Code   RO         3600    i.PI_Comm_IsSystemReady  bsp_pi_comm.o
    0x080040b0   0x080040b0   0x0000000e   Code   RO         3601    i.PI_Comm_PutInt16  bsp_pi_comm.o
    0x080040be   0x080040be   0x00000002   PAD
    0x080040c0   0x080040c0   0x00000020   Code   RO         3602    i.PI_Comm_RefreshWatchdog  bsp_pi_comm.o
    0x080040e0   0x080040e0   0x0000002c   Code   RO         3603    i.PI_Comm_ResetParser  bsp_pi_comm.o
    0x0800410c   0x0800410c   0x0000001c   Code   RO         3604    i.PI_Comm_SendAck   bsp_pi_comm.o
    0x08004128   0x08004128   0x0000001a   Code   RO         3605    i.PI_Comm_SendArray  bsp_pi_comm.o
    0x08004142   0x08004142   0x00000002   PAD
    0x08004144   0x08004144   0x00000020   Code   RO         3606    i.PI_Comm_SendByte  bsp_pi_comm.o
    0x08004164   0x08004164   0x00000014   Code   RO         3607    i.PI_Comm_SendEvent  bsp_pi_comm.o
    0x08004178   0x08004178   0x0000000c   Code   RO         3608    i.PI_Comm_SendEventCode  bsp_pi_comm.o
    0x08004184   0x08004184   0x00000062   Code   RO         3609    i.PI_Comm_SendFrame  bsp_pi_comm.o
    0x080041e6   0x080041e6   0x00000022   Code   RO         3610    i.PI_Comm_SendNack  bsp_pi_comm.o
    0x08004208   0x08004208   0x000000c8   Code   RO         3611    i.PI_Comm_SendStatus  bsp_pi_comm.o
    0x080042d0   0x080042d0   0x00000100   Code   RO         3612    i.PI_Comm_SendVisionStatus  bsp_pi_comm.o
    0x080043d0   0x080043d0   0x0000001a   Code   RO         3781    i.PWM_Ignore        app_motor.o
    0x080043ea   0x080043ea   0x00000012   Code   RO         3782    i.PWM_Limit         app_motor.o
    0x080043fc   0x080043fc   0x00000002   Code   RO          259    i.PendSV_Handler    stm32f10x_it.o
    0x080043fe   0x080043fe   0x00000002   PAD
    0x08004400   0x08004400   0x00000100   Code   RO         3723    i.Pick_Up           app_control.o
    0x08004500   0x08004500   0x000003b4   Code   RO         3862    i.Protocol          app_bluetooth.o
    0x080048b4   0x080048b4   0x00000028   Code   RO         3863    i.ProtocolCpyData   app_bluetooth.o
    0x080048dc   0x080048dc   0x00000204   Code   RO         3864    i.ProtocolGetPID    app_bluetooth.o
    0x08004ae0   0x08004ae0   0x00000088   Code   RO         3724    i.Put_Down          app_control.o
    0x08004b68   0x08004b68   0x00000018   Code   RO         1425    i.RCC_ADCCLKConfig  stm32f10x_rcc.o
    0x08004b80   0x08004b80   0x00000020   Code   RO         1427    i.RCC_APB1PeriphClockCmd  stm32f10x_rcc.o
    0x08004ba0   0x08004ba0   0x00000020   Code   RO         1428    i.RCC_APB1PeriphResetCmd  stm32f10x_rcc.o
    0x08004bc0   0x08004bc0   0x00000020   Code   RO         1429    i.RCC_APB2PeriphClockCmd  stm32f10x_rcc.o
    0x08004be0   0x08004be0   0x00000020   Code   RO         1430    i.RCC_APB2PeriphResetCmd  stm32f10x_rcc.o
    0x08004c00   0x08004c00   0x000000d4   Code   RO         1437    i.RCC_GetClocksFreq  stm32f10x_rcc.o
    0x08004cd4   0x08004cd4   0x0000025c   Code   RO         2926    i.Read_DMP          mpu6050.o
    0x08004f30   0x08004f30   0x00000038   Code   RO         2748    i.Read_Encoder      encoder.o
    0x08004f68   0x08004f68   0x00000080   Code   RO         2927    i.Read_Temperature  mpu6050.o
    0x08004fe8   0x08004fe8   0x000000a4   Code   RO         3865    i.ResetPID          app_bluetooth.o
    0x0800508c   0x0800508c   0x000000a0   Code   RO         3258    i.SSD1306_DrawPixel  bsp_oled.o
    0x0800512c   0x0800512c   0x00000020   Code   RO         3260    i.SSD1306_Fill      bsp_oled.o
    0x0800514c   0x0800514c   0x0000000c   Code   RO         3261    i.SSD1306_GotoXY    bsp_oled.o
    0x08005158   0x08005158   0x000000a8   Code   RO         3264    i.SSD1306_Putc      bsp_oled.o
    0x08005200   0x08005200   0x0000002a   Code   RO         3265    i.SSD1306_Puts      bsp_oled.o
    0x0800522a   0x0800522a   0x00000002   PAD
    0x0800522c   0x0800522c   0x00000048   Code   RO         3267    i.SSD1306_UpdateScreen  bsp_oled.o
    0x08005274   0x08005274   0x00000002   Code   RO          260    i.SVC_Handler       stm32f10x_it.o
    0x08005276   0x08005276   0x00000002   PAD
    0x08005278   0x08005278   0x00000040   Code   RO         3866    i.SendAutoUp        app_bluetooth.o
    0x080052b8   0x080052b8   0x00000008   Code   RO          317    i.SetSysClock       system_stm32f10x.o
    0x080052c0   0x080052c0   0x000000e0   Code   RO          318    i.SetSysClockTo72   system_stm32f10x.o
    0x080053a0   0x080053a0   0x00000010   Code   RO         4624    i.Set_K210track_speed  app_line.o
    0x080053b0   0x080053b0   0x00000040   Code   RO         3933    i.Set_Mid_Angle     app_mode.o
    0x080053f0   0x080053f0   0x000000e8   Code   RO         3934    i.Set_PID           app_mode.o
    0x080054d8   0x080054d8   0x0000007c   Code   RO         3783    i.Set_Pwm           app_motor.o
    0x08005554   0x08005554   0x00000040   Code   RO         3935    i.Set_angle         app_mode.o
    0x08005594   0x08005594   0x00000030   Code   RO         3936    i.Set_control_speed  app_mode.o
    0x080055c4   0x080055c4   0x000000ec   Code   RO            1    i.Show_Pi_Init_State  main.o
    0x080056b0   0x080056b0   0x00000064   Code   RO            2    i.Show_Shutdown_State  main.o
    0x08005714   0x08005714   0x00000044   Code   RO            3    i.Show_Wait_Start_State  main.o
    0x08005758   0x08005758   0x0000004a   Code   RO         3867    i.StringFind        app_bluetooth.o
    0x080057a2   0x080057a2   0x00000028   Code   RO          373    i.SysTick_CLKSourceConfig  misc.o
    0x080057ca   0x080057ca   0x00000002   Code   RO          261    i.SysTick_Handler   stm32f10x_it.o
    0x080057cc   0x080057cc   0x00000060   Code   RO          320    i.SystemInit        system_stm32f10x.o
    0x0800582c   0x0800582c   0x00000080   Code   RO         1955    i.TI1_Config        stm32f10x_tim.o
    0x080058ac   0x080058ac   0x00000098   Code   RO         1956    i.TI2_Config        stm32f10x_tim.o
    0x08005944   0x08005944   0x00000090   Code   RO         1957    i.TI3_Config        stm32f10x_tim.o
    0x080059d4   0x080059d4   0x00000098   Code   RO         1958    i.TI4_Config        stm32f10x_tim.o
    0x08005a6c   0x08005a6c   0x00000018   Code   RO         2749    i.TIM3_IRQHandler   encoder.o
    0x08005a84   0x08005a84   0x00000018   Code   RO         2750    i.TIM4_IRQHandler   encoder.o
    0x08005a9c   0x08005a9c   0x000000d4   Code   RO         3426    i.TIM6_IRQHandler   bsp_timer.o
    0x08005b70   0x08005b70   0x00000060   Code   RO         3427    i.TIM6_Init         bsp_timer.o
    0x08005bd0   0x08005bd0   0x00000018   Code   RO         1959    i.TIM_ARRPreloadConfig  stm32f10x_tim.o
    0x08005be8   0x08005be8   0x00000006   Code   RO         1965    i.TIM_ClearFlag     stm32f10x_tim.o
    0x08005bee   0x08005bee   0x00000006   Code   RO         1966    i.TIM_ClearITPendingBit  stm32f10x_tim.o
    0x08005bf4   0x08005bf4   0x00000018   Code   RO         1971    i.TIM_Cmd           stm32f10x_tim.o
    0x08005c0c   0x08005c0c   0x0000001e   Code   RO         1973    i.TIM_CtrlPWMOutputs  stm32f10x_tim.o
    0x08005c2a   0x08005c2a   0x00000002   PAD
    0x08005c2c   0x08005c2c   0x000001e8   Code   RO         1976    i.TIM_DeInit        stm32f10x_tim.o
    0x08005e14   0x08005e14   0x00000042   Code   RO         1980    i.TIM_EncoderInterfaceConfig  stm32f10x_tim.o
    0x08005e56   0x08005e56   0x00000022   Code   RO         1992    i.TIM_GetITStatus   stm32f10x_tim.o
    0x08005e78   0x08005e78   0x000000ac   Code   RO         1994    i.TIM_ICInit        stm32f10x_tim.o
    0x08005f24   0x08005f24   0x00000012   Code   RO         1995    i.TIM_ICStructInit  stm32f10x_tim.o
    0x08005f36   0x08005f36   0x00000012   Code   RO         1996    i.TIM_ITConfig      stm32f10x_tim.o
    0x08005f48   0x08005f48   0x00000098   Code   RO         2000    i.TIM_OC1Init       stm32f10x_tim.o
    0x08005fe0   0x08005fe0   0x00000012   Code   RO         2003    i.TIM_OC1PreloadConfig  stm32f10x_tim.o
    0x08005ff2   0x08005ff2   0x00000002   PAD
    0x08005ff4   0x08005ff4   0x000000a4   Code   RO         2005    i.TIM_OC2Init       stm32f10x_tim.o
    0x08006098   0x08006098   0x0000001a   Code   RO         2008    i.TIM_OC2PreloadConfig  stm32f10x_tim.o
    0x080060b2   0x080060b2   0x00000002   PAD
    0x080060b4   0x080060b4   0x000000a0   Code   RO         2010    i.TIM_OC3Init       stm32f10x_tim.o
    0x08006154   0x08006154   0x00000012   Code   RO         2013    i.TIM_OC3PreloadConfig  stm32f10x_tim.o
    0x08006166   0x08006166   0x00000002   PAD
    0x08006168   0x08006168   0x0000007c   Code   RO         2015    i.TIM_OC4Init       stm32f10x_tim.o
    0x080061e4   0x080061e4   0x0000001a   Code   RO         2017    i.TIM_OC4PreloadConfig  stm32f10x_tim.o
    0x080061fe   0x080061fe   0x00000004   Code   RO         2036    i.TIM_SetCounter    stm32f10x_tim.o
    0x08006202   0x08006202   0x00000012   Code   RO         2037    i.TIM_SetIC1Prescaler  stm32f10x_tim.o
    0x08006214   0x08006214   0x0000001a   Code   RO         2038    i.TIM_SetIC2Prescaler  stm32f10x_tim.o
    0x0800622e   0x0800622e   0x00000012   Code   RO         2039    i.TIM_SetIC3Prescaler  stm32f10x_tim.o
    0x08006240   0x08006240   0x0000001a   Code   RO         2040    i.TIM_SetIC4Prescaler  stm32f10x_tim.o
    0x0800625a   0x0800625a   0x00000002   PAD
    0x0800625c   0x0800625c   0x000000a4   Code   RO         2042    i.TIM_TimeBaseInit  stm32f10x_tim.o
    0x08006300   0x08006300   0x00000012   Code   RO         2043    i.TIM_TimeBaseStructInit  stm32f10x_tim.o
    0x08006312   0x08006312   0x00000002   PAD
    0x08006314   0x08006314   0x00000064   Code   RO         4625    i.Turn_K210_PD      app_line.o
    0x08006378   0x08006378   0x00000078   Code   RO         3784    i.Turn_Off          app_motor.o
    0x080063f0   0x080063f0   0x00000108   Code   RO         3824    i.Turn_PD           pid_control.o
    0x080064f8   0x080064f8   0x00000104   Code   RO         4644    i.Turn_PID          app_follow.o
    0x080065fc   0x080065fc   0x00000024   Code   RO         3513    i.UART5_IRQHandler  bsp_bluetooth.o
    0x08006620   0x08006620   0x00000018   Code   RO         3515    i.UART5_Send_Char   bsp_bluetooth.o
    0x08006638   0x08006638   0x00000024   Code   RO         3026    i.USART1_IRQHandler  usart.o
    0x0800665c   0x0800665c   0x00000020   Code   RO         3028    i.USART1_Send_U8    usart.o
    0x0800667c   0x0800667c   0x00000070   Code   RO         3558    i.USART2_IRQHandler  bsp_usart2.o
    0x080066ec   0x080066ec   0x0000001c   Code   RO         3559    i.USART2_Send_ArrayU8  bsp_usart2.o
    0x08006708   0x08006708   0x00000020   Code   RO         3560    i.USART2_Send_U8    bsp_usart2.o
    0x08006728   0x08006728   0x000000a0   Code   RO         3561    i.USART2_init       bsp_usart2.o
    0x080067c8   0x080067c8   0x00000148   Code   RO         3613    i.USART3_IRQHandler  bsp_pi_comm.o
    0x08006910   0x08006910   0x00000020   Code   RO         3517    i.USART5_Send_Byte  bsp_bluetooth.o
    0x08006930   0x08006930   0x0000001e   Code   RO         2504    i.USART_ClearITPendingBit  stm32f10x_usart.o
    0x0800694e   0x0800694e   0x00000018   Code   RO         2507    i.USART_Cmd         stm32f10x_usart.o
    0x08006966   0x08006966   0x0000001a   Code   RO         2510    i.USART_GetFlagStatus  stm32f10x_usart.o
    0x08006980   0x08006980   0x00000054   Code   RO         2511    i.USART_GetITStatus  stm32f10x_usart.o
    0x080069d4   0x080069d4   0x0000004a   Code   RO         2513    i.USART_ITConfig    stm32f10x_usart.o
    0x08006a1e   0x08006a1e   0x00000002   PAD
    0x08006a20   0x08006a20   0x000000d8   Code   RO         2514    i.USART_Init        stm32f10x_usart.o
    0x08006af8   0x08006af8   0x0000000a   Code   RO         2521    i.USART_ReceiveData  stm32f10x_usart.o
    0x08006b02   0x08006b02   0x00000008   Code   RO         2524    i.USART_SendData    stm32f10x_usart.o
    0x08006b0a   0x08006b0a   0x00000004   Code   RO          262    i.UsageFault_Handler  stm32f10x_it.o
    0x08006b0e   0x08006b0e   0x00000002   PAD
    0x08006b10   0x08006b10   0x000001a4   Code   RO         3825    i.Velocity_PI       pid_control.o
    0x08006cb4   0x08006cb4   0x00000020   Code   RO         4947    i.__0printf         mc_w.l(printfa.o)
    0x08006cd4   0x08006cd4   0x00000028   Code   RO         4949    i.__0sprintf        mc_w.l(printfa.o)
    0x08006cfc   0x08006cfc   0x00000028   Code   RO         5033    i.__ARM_fpclassify  m_ws.l(fpclassify.o)
    0x08006d24   0x08006d24   0x000000aa   Code   RO         5035    i.__kernel_poly     m_ws.l(poly.o)
    0x08006dce   0x08006dce   0x00000006   Code   RO         5020    i.__mathlib_dbl_infnan  m_ws.l(dunder.o)
    0x08006dd4   0x08006dd4   0x00000004   Code   RO         5021    i.__mathlib_dbl_infnan2  m_ws.l(dunder.o)
    0x08006dd8   0x08006dd8   0x0000000c   Code   RO         5022    i.__mathlib_dbl_invalid  m_ws.l(dunder.o)
    0x08006de4   0x08006de4   0x00000010   Code   RO         5025    i.__mathlib_dbl_underflow  m_ws.l(dunder.o)
    0x08006df4   0x08006df4   0x0000000c   Code   RO         5073    i.__read_errno      mc_w.l(errno.o)
    0x08006e00   0x08006e00   0x0000000e   Code   RO         5111    i.__scatterload_copy  mc_w.l(handlers.o)
    0x08006e0e   0x08006e0e   0x00000002   Code   RO         5112    i.__scatterload_null  mc_w.l(handlers.o)
    0x08006e10   0x08006e10   0x0000000e   Code   RO         5113    i.__scatterload_zeroinit  mc_w.l(handlers.o)
    0x08006e1e   0x08006e1e   0x00000002   PAD
    0x08006e20   0x08006e20   0x0000000c   Code   RO         5074    i.__set_errno       mc_w.l(errno.o)
    0x08006e2c   0x08006e2c   0x00000184   Code   RO         4954    i._fp_digits        mc_w.l(printfa.o)
    0x08006fb0   0x08006fb0   0x0000000e   Code   RO         5098    i._is_digit         mc_w.l(scanf_fp.o)
    0x08006fbe   0x08006fbe   0x00000002   PAD
    0x08006fc0   0x08006fc0   0x000006b4   Code   RO         4955    i._printf_core      mc_w.l(printfa.o)
    0x08007674   0x08007674   0x00000024   Code   RO         4956    i._printf_post_padding  mc_w.l(printfa.o)
    0x08007698   0x08007698   0x0000002e   Code   RO         4957    i._printf_pre_padding  mc_w.l(printfa.o)
    0x080076c6   0x080076c6   0x0000000a   Code   RO         4959    i._sputc            mc_w.l(printfa.o)
    0x080076d0   0x080076d0   0x000000a8   Code   RO         3998    i.accel_self_test   inv_mpu.o
    0x08007778   0x08007778   0x00000270   Code   RO         4674    i.asin              m_ws.l(asin.o)
    0x080079e8   0x080079e8   0x00000220   Code   RO         5010    i.atan              m_ws.l(atan.o)
    0x08007c08   0x08007c08   0x0000019c   Code   RO         4684    i.atan2             m_ws.l(atan2.o)
    0x08007da4   0x08007da4   0x0000002a   Code   RO         4692    i.atof              m_ws.l(atof.o)
    0x08007dce   0x08007dce   0x00000002   PAD
    0x08007dd0   0x08007dd0   0x000000ac   Code   RO         3518    i.bluetooth_init    bsp_bluetooth.o
    0x08007e7c   0x08007e7c   0x0000006c   Code   RO         2685    i.bsp_init          bsp.o
    0x08007ee8   0x08007ee8   0x0000004c   Code   RO         2686    i.bsp_mode_init     bsp.o
    0x08007f34   0x08007f34   0x00000070   Code   RO         3937    i.car_mode          app_mode.o
    0x08007fa4   0x08007fa4   0x000000ac   Code   RO         3428    i.cotrol_led        bsp_timer.o
    0x08008050   0x08008050   0x00000074   Code   RO         3868    i.deal_bluetooth    app_bluetooth.o
    0x080080c4   0x080080c4   0x00000064   Code   RO         4287    i.decode_gesture    inv_mpu_dmp_motion_driver.o
    0x08008128   0x08008128   0x0000004c   Code   RO         2720    i.delay_init        delay.o
    0x08008174   0x08008174   0x0000003c   Code   RO         2721    i.delay_ms          delay.o
    0x080081b0   0x080081b0   0x00000014   Code   RO         3429    i.delay_time        bsp_timer.o
    0x080081c4   0x080081c4   0x0000003c   Code   RO         2722    i.delay_us          delay.o
    0x08008200   0x08008200   0x0000003c   Code   RO         4288    i.dmp_enable_6x_lp_quat  inv_mpu_dmp_motion_driver.o
    0x0800823c   0x0800823c   0x0000021c   Code   RO         4289    i.dmp_enable_feature  inv_mpu_dmp_motion_driver.o
    0x08008458   0x08008458   0x00000058   Code   RO         4290    i.dmp_enable_gyro_cal  inv_mpu_dmp_motion_driver.o
    0x080084b0   0x080084b0   0x0000003c   Code   RO         4291    i.dmp_enable_lp_quat  inv_mpu_dmp_motion_driver.o
    0x080084ec   0x080084ec   0x00000018   Code   RO         4296    i.dmp_load_motion_driver_firmware  inv_mpu_dmp_motion_driver.o
    0x08008504   0x08008504   0x000001cc   Code   RO         4297    i.dmp_read_fifo     inv_mpu_dmp_motion_driver.o
    0x080086d0   0x080086d0   0x00000130   Code   RO         4300    i.dmp_set_accel_bias  inv_mpu_dmp_motion_driver.o
    0x08008800   0x08008800   0x00000070   Code   RO         4301    i.dmp_set_fifo_rate  inv_mpu_dmp_motion_driver.o
    0x08008870   0x08008870   0x00000130   Code   RO         4302    i.dmp_set_gyro_bias  inv_mpu_dmp_motion_driver.o
    0x080089a0   0x080089a0   0x00000138   Code   RO         4304    i.dmp_set_orientation  inv_mpu_dmp_motion_driver.o
    0x08008ad8   0x08008ad8   0x00000038   Code   RO         4307    i.dmp_set_shake_reject_thresh  inv_mpu_dmp_motion_driver.o
    0x08008b10   0x08008b10   0x00000026   Code   RO         4308    i.dmp_set_shake_reject_time  inv_mpu_dmp_motion_driver.o
    0x08008b36   0x08008b36   0x00000026   Code   RO         4309    i.dmp_set_shake_reject_timeout  inv_mpu_dmp_motion_driver.o
    0x08008b5c   0x08008b5c   0x00000046   Code   RO         4310    i.dmp_set_tap_axes  inv_mpu_dmp_motion_driver.o
    0x08008ba2   0x08008ba2   0x00000026   Code   RO         4311    i.dmp_set_tap_count  inv_mpu_dmp_motion_driver.o
    0x08008bc8   0x08008bc8   0x000001a0   Code   RO         4312    i.dmp_set_tap_thresh  inv_mpu_dmp_motion_driver.o
    0x08008d68   0x08008d68   0x00000026   Code   RO         4313    i.dmp_set_tap_time  inv_mpu_dmp_motion_driver.o
    0x08008d8e   0x08008d8e   0x00000026   Code   RO         4314    i.dmp_set_tap_time_multi  inv_mpu_dmp_motion_driver.o
    0x08008db4   0x08008db4   0x0000001c   Code   RO         3030    i.fputc             usart.o
    0x08008dd0   0x08008dd0   0x000000b4   Code   RO         3999    i.get_accel_prod_shift  inv_mpu.o
    0x08008e84   0x08008e84   0x0000046c   Code   RO         4000    i.get_st_biases     inv_mpu.o
    0x080092f0   0x080092f0   0x00000110   Code   RO         4001    i.gyro_self_test    inv_mpu.o
    0x08009400   0x08009400   0x00000076   Code   RO         2801    i.i2cRead           ioi2c.o
    0x08009476   0x08009476   0x00000060   Code   RO         2802    i.i2cWrite          ioi2c.o
    0x080094d6   0x080094d6   0x00000002   PAD
    0x080094d8   0x080094d8   0x00000038   Code   RO         3393    i.init_beep         bsp_beep.o
    0x08009510   0x08009510   0x00000034   Code   RO         3414    i.init_led_gpio     bsp_led.o
    0x08009544   0x08009544   0x00000028   Code   RO         2928    i.inv_orientation_matrix_to_scalar  mpu6050.o
    0x0800956c   0x0800956c   0x0000004e   Code   RO         2929    i.inv_row_2_scale   mpu6050.o
    0x080095ba   0x080095ba   0x00000002   PAD
    0x080095bc   0x080095bc   0x000001f0   Code   RO            4    i.main              main.o
    0x080097ac   0x080097ac   0x00000070   Code   RO         4002    i.mpu_configure_fifo  inv_mpu.o
    0x0800981c   0x0800981c   0x0000004c   Code   RO         4003    i.mpu_get_accel_fsr  inv_mpu.o
    0x08009868   0x08009868   0x00000054   Code   RO         4005    i.mpu_get_accel_sens  inv_mpu.o
    0x080098bc   0x080098bc   0x00000010   Code   RO         4010    i.mpu_get_fifo_config  inv_mpu.o
    0x080098cc   0x080098cc   0x00000044   Code   RO         4011    i.mpu_get_gyro_fsr  inv_mpu.o
    0x08009910   0x08009910   0x00000050   Code   RO         4013    i.mpu_get_gyro_sens  inv_mpu.o
    0x08009960   0x08009960   0x00000050   Code   RO         4015    i.mpu_get_lpf       inv_mpu.o
    0x080099b0   0x080099b0   0x00000020   Code   RO         4017    i.mpu_get_sample_rate  inv_mpu.o
    0x080099d0   0x080099d0   0x000001f0   Code   RO         4019    i.mpu_init          inv_mpu.o
    0x08009bc0   0x08009bc0   0x000000b8   Code   RO         4020    i.mpu_load_firmware  inv_mpu.o
    0x08009c78   0x08009c78   0x000000e0   Code   RO         4021    i.mpu_lp_accel_mode  inv_mpu.o
    0x08009d58   0x08009d58   0x000000c0   Code   RO         4024    i.mpu_read_fifo_stream  inv_mpu.o
    0x08009e18   0x08009e18   0x00000080   Code   RO         4025    i.mpu_read_mem      inv_mpu.o
    0x08009e98   0x08009e98   0x000001bc   Code   RO         4028    i.mpu_reset_fifo    inv_mpu.o
    0x0800a054   0x0800a054   0x0000011c   Code   RO         4029    i.mpu_run_self_test  inv_mpu.o
    0x0800a170   0x0800a170   0x00000084   Code   RO         4031    i.mpu_set_accel_fsr  inv_mpu.o
    0x0800a1f4   0x0800a1f4   0x0000014c   Code   RO         4032    i.mpu_set_bypass    inv_mpu.o
    0x0800a340   0x0800a340   0x00000090   Code   RO         4034    i.mpu_set_dmp_state  inv_mpu.o
    0x0800a3d0   0x0800a3d0   0x00000088   Code   RO         4035    i.mpu_set_gyro_fsr  inv_mpu.o
    0x0800a458   0x0800a458   0x0000006c   Code   RO         4036    i.mpu_set_int_latched  inv_mpu.o
    0x0800a4c4   0x0800a4c4   0x00000084   Code   RO         4038    i.mpu_set_lpf       inv_mpu.o
    0x0800a548   0x0800a548   0x0000009c   Code   RO         4039    i.mpu_set_sample_rate  inv_mpu.o
    0x0800a5e4   0x0800a5e4   0x000000d0   Code   RO         4040    i.mpu_set_sensors   inv_mpu.o
    0x0800a6b4   0x0800a6b4   0x00000080   Code   RO         4041    i.mpu_write_mem     inv_mpu.o
    0x0800a734   0x0800a734   0x000000b4   Code   RO         4499    i.mul               kf.o
    0x0800a7e8   0x0800a7e8   0x00000016   Code   RO         3430    i.my_delay          bsp_timer.o
    0x0800a7fe   0x0800a7fe   0x0000000e   Code   RO         3826    i.myabs             pid_control.o
    0x0800a80c   0x0800a80c   0x00000002   Code   RO         4042    i.myget_ms          inv_mpu.o
    0x0800a80e   0x0800a80e   0x00000002   PAD
    0x0800a810   0x0800a810   0x00000054   Code   RO         3431    i.power_decect      bsp_timer.o
    0x0800a864   0x0800a864   0x00000090   Code   RO         2930    i.run_self_test     mpu6050.o
    0x0800a8f4   0x0800a8f4   0x00000090   Code   RO         4043    i.set_int_enable    inv_mpu.o
    0x0800a984   0x0800a984   0x00000110   Code   RO         3985    i.show_mode_oled    oled_show.o
    0x0800aa94   0x0800aa94   0x0000004c   Code   RO         5039    i.sqrt              m_ws.l(sqrt.o)
    0x0800aae0   0x0800aae0   0x00000014   Code   RO         3268    i.ssd1306_I2C_Write  bsp_oled.o
    0x0800aaf4   0x0800aaf4   0x0000001c   Code   RO         3269    i.ssd1306_I2C_WriteMulti  bsp_oled.o
    0x0800ab10   0x0800ab10   0x000000a0   Code   RO         3031    i.uart_init         usart.o
    0x0800abb0   0x0800abb0   0x00002814   Data   RO         3377    .constdata          oled_fonts.o
    0x0800d3c4   0x0800d3c4   0x00000050   Data   RO         4044    .constdata          inv_mpu.o
    0x0800d414   0x0800d414   0x00000bf6   Data   RO         4316    .constdata          inv_mpu_dmp_motion_driver.o
    0x0800e00a   0x0800e00a   0x00000002   PAD
    0x0800e00c   0x0800e00c   0x000000b8   Data   RO         4501    .constdata          kf.o
    0x0800e0c4   0x0800e0c4   0x00000004   PAD
    0x0800e0c8   0x0800e0c8   0x00000050   Data   RO         4675    .constdata          m_ws.l(asin.o)
    0x0800e118   0x0800e118   0x00000098   Data   RO         5011    .constdata          m_ws.l(atan.o)
    0x0800e1b0   0x0800e1b0   0x00000008   Data   RO         5037    .constdata          m_ws.l(qnan.o)
    0x0800e1b8   0x0800e1b8   0x00000040   Data   RO         5105    .constdata          mc_w.l(ctype_c.o)
    0x0800e1f8   0x0800e1f8   0x0000004e   Data   RO         4045    .conststring        inv_mpu.o
    0x0800e246   0x0800e246   0x00000002   PAD
    0x0800e248   0x0800e248   0x00000020   Data   RO         5109    Region$$Table       anon$$obj.o


    Execution Region RW_IRAM1 (Exec base: 0x20000000, Load base: 0x0800e268, Size: 0x00000b48, Max: 0x00020000, ABSOLUTE, COMPRESSED[0x00000094])

    Exec Addr    Load Addr    Size         Type   Attr      Idx    E Section Name        Object

    0x20000000   COMPRESSED   0x0000002d   Data   RW            6    .data               main.o
    0x2000002d   COMPRESSED   0x00000003   PAD
    0x20000030   COMPRESSED   0x00000014   Data   RW          321    .data               system_stm32f10x.o
    0x20000044   COMPRESSED   0x00000014   Data   RW         1457    .data               stm32f10x_rcc.o
    0x20000058   COMPRESSED   0x00000004   Data   RW         2723    .data               delay.o
    0x2000005c   COMPRESSED   0x0000003c   Data   RW         2932    .data               mpu6050.o
    0x20000098   COMPRESSED   0x00000004   Data   RW         3032    .data               usart.o
    0x2000009c   COMPRESSED   0x00000006   Data   RW         3271    .data               bsp_oled.o
    0x200000a2   COMPRESSED   0x00000002   PAD
    0x200000a4   COMPRESSED   0x00000018   Data   RW         3378    .data               oled_fonts.o
    0x200000bc   COMPRESSED   0x00000011   Data   RW         3432    .data               bsp_timer.o
    0x200000cd   COMPRESSED   0x00000001   PAD
    0x200000ce   COMPRESSED   0x00000004   Data   RW         3480    .data               bsp_key.o
    0x200000d2   COMPRESSED   0x0000000e   Data   RW         3615    .data               bsp_pi_comm.o
    0x200000e0   COMPRESSED   0x00000012   Data   RW         3728    .data               app_control.o
    0x200000f2   COMPRESSED   0x00000002   PAD
    0x200000f4   COMPRESSED   0x00000008   Data   RW         3785    .data               app_motor.o
    0x200000fc   COMPRESSED   0x0000004c   Data   RW         3827    .data               pid_control.o
    0x20000148   COMPRESSED   0x00000054   Data   RW         3870    .data               app_bluetooth.o
    0x2000019c   COMPRESSED   0x00000004   Data   RW         3938    .data               app_mode.o
    0x200001a0   COMPRESSED   0x00000001   Data   RW         3986    .data               oled_show.o
    0x200001a1   COMPRESSED   0x00000003   PAD
    0x200001a4   COMPRESSED   0x0000002c   Data   RW         4046    .data               inv_mpu.o
    0x200001d0   COMPRESSED   0x0000007c   Data   RW         4468    .data               filter.o
    0x2000024c   COMPRESSED   0x00000050   Data   RW         4502    .data               kf.o
    0x2000029c   COMPRESSED   0x00000004   Data   RW         4534    .data               app_k210.o
    0x200002a0   COMPRESSED   0x0000000e   Data   RW         4592    .data               app_k210_ai.o
    0x200002ae   COMPRESSED   0x00000002   PAD
    0x200002b0   COMPRESSED   0x0000001c   Data   RW         4646    .data               app_follow.o
    0x200002cc   COMPRESSED   0x00000004   Data   RW         5075    .data               mc_w.l(errno.o)
    0x200002d0        -       0x00000014   Zero   RW            5    .bss                main.o
    0x200002e4        -       0x00000200   Zero   RW         3270    .bss                bsp_oled.o
    0x200004e4        -       0x00000020   Zero   RW         3614    .bss                bsp_pi_comm.o
    0x20000504        -       0x000001d0   Zero   RW         3869    .bss                app_bluetooth.o
    0x200006d4        -       0x00000010   Zero   RW         4315    .bss                inv_mpu_dmp_motion_driver.o
    0x200006e4        -       0x00000020   Zero   RW         4500    .bss                kf.o
    0x20000704        -       0x00000029   Zero   RW         4533    .bss                app_k210.o
    0x2000072d        -       0x00000014   Zero   RW         4591    .bss                app_k210_ai.o
    0x20000741   COMPRESSED   0x00000007   PAD
    0x20000748        -       0x00000400   Zero   RW          362    STACK               startup_stm32f10x_hd.o


==============================================================================

Image component sizes


      Code (inc. data)   RO Data    RW Data    ZI Data      Debug   Object Name

      2290        412          0         84        464       7607   app_bluetooth.o
      1744        180          0         18          0       3906   app_control.o
       580        114          0         28          0       1872   app_follow.o
      1304        280          0          4         41       5124   app_k210.o
       368         44          0         14         20       2905   app_k210_ai.o
       116         24          0          0          0        981   app_line.o
       616        164          0          4          0       2940   app_mode.o
       556         68          0          8          0       3101   app_motor.o
       272         22          0          0          0       3609   bsp.o
       268         26          0          0          0       2085   bsp_battery.o
        56         10          0          0          0        452   bsp_beep.o
       264         22          0          0          0       2165   bsp_bluetooth.o
       224         26          0          4          0       2176   bsp_key.o
        52          8          0          0          0        464   bsp_led.o
       978         38          0          6        512       8506   bsp_oled.o
       610         76          0          0          0       5192   bsp_oled_i2c.o
      2254        228          0         14         32      14647   bsp_pi_comm.o
       606        102          0         17          0       3423   bsp_timer.o
       332         20          0          0          0       2501   bsp_usart2.o
         0          0          0          0          0         32   core_cm3.o
       196         24          0          4          0       1559   delay.o
       416         38          0          0          0       2615   encoder.o
       192         28          0        124          0       3091   filter.o
       112          4          0          0          0        584   intsever.o
      5874        278        158         44          0      25426   inv_mpu.o
      3096        122       3062          0         16      19474   inv_mpu_dmp_motion_driver.o
      1254         92          0          0          0       9847   ioi2c.o
      1572         86        184         80         32       3792   kf.o
       900        372          0         45         20     267027   main.o
       152         12          0          0          0       1358   misc.o
       216         10          0          0          0       1162   motor.o
      1676        396          0         60          0      23247   mpu6050.o
         0          0      10260         24          0       1063   oled_fonts.o
       272        132          0          1          0        533   oled_show.o
       854        164          0         76          0       3192   pid_control.o
        36          8        304          0       1024        760   startup_stm32f10x_hd.o
       486         24          0          0          0       7894   stm32f10x_adc.o
       148          6          0          0          0        848   stm32f10x_exti.o
       504         10          0          0          0       3744   stm32f10x_gpio.o
        26          0          0          0          0       3362   stm32f10x_it.o
       364         50          0         20          0       5663   stm32f10x_rcc.o
      2424        264          0          0          0      17794   stm32f10x_tim.o
       472          6          0          0          0       6271   stm32f10x_usart.o
       328         28          0         20          0       1981   system_stm32f10x.o
       256         20          0          4          0       3743   usart.o

    ----------------------------------------------------------------------
     35366       4038      14008        716       2168     489718   Object Totals
         0          0         32          0          0          0   (incl. Generated)
        50          0          8         13          7          0   (incl. Padding)

    ----------------------------------------------------------------------

      Code (inc. data)   RO Data    RW Data    ZI Data      Debug   Library Member Name

       624         52         80          0          0        168   asin.o
       544         70        152          0          0        124   atan.o
       412         38          0          0          0        144   atan2.o
        42          0          0          0          0         84   atof.o
        38          6          0          0          0        272   dunder.o
        40          0          0          0          0         68   fpclassify.o
       170          0          0          0          0         96   poly.o
         0          0          8          0          0          0   qnan.o
        76          0          0          0          0         84   sqrt.o
        86          0          0          0          0          0   __dczerorl2.o
        64          0          0          0          0         84   _sgetc.o
        40          6         64          0          0         68   ctype_c.o
         0          0          0          0          0          0   entry.o
         0          0          0          0          0          0   entry10a.o
         0          0          0          0          0          0   entry11a.o
         4          0          0          0          0          0   entry12b.o
         8          4          0          0          0          0   entry2.o
         4          0          0          0          0          0   entry5.o
         0          0          0          0          0          0   entry7b.o
         0          0          0          0          0          0   entry8b.o
         8          4          0          0          0          0   entry9a.o
        24         12          0          4          0        136   errno.o
        30          0          0          0          0          0   handlers.o
        36          8          0          0          0         68   init.o
        10          0          0          0          0         68   isspace_c.o
         0          0          0          0          0          0   iusefp.o
        98          0          0          0          0         84   ldiv.o
        30          0          0          0          0         68   llshl.o
        36          0          0          0          0         68   llsshr.o
        32          0          0          0          0         68   llushr.o
        26          0          0          0          0         80   memcmp.o
        36          0          0          0          0         68   memcpya.o
        36          0          0          0          0        108   memseta.o
      2268         96          0          0          0        616   printfa.o
       878         12          0          0          0        216   scanf_fp.o
        24          0          0          0          0         68   strcat.o
        28          0          0          0          0         76   strcmp.o
        14          0          0          0          0         68   strlen.o
       156         12          0          0          0        120   strtod.o
        44          0          0          0          0         80   uidiv.o
        98          0          0          0          0         92   uldiv.o
        48          0          0          0          0         68   cdcmple.o
        48          0          0          0          0         68   cdrcmple.o
        20          0          0          0          0         68   cfcmple.o
        20          0          0          0          0         68   cfrcmple.o
        56          0          0          0          0         88   d2f.o
       334          0          0          0          0        148   dadd.o
       222          0          0          0          0        100   ddiv.o
       186          0          0          0          0        176   depilogue.o
        62          0          0          0          0         80   dfixi.o
        48          0          0          0          0         68   dfixul.o
        34          0          0          0          0         76   dflti.o
        24          0          0          0          0         76   dfltul.o
       228          0          0          0          0         96   dmul.o
        46          0          0          0          0         80   dscalb.o
       162          0          0          0          0        100   dsqrt.o
        38          0          0          0          0         68   f2d.o
       176          0          0          0          0        140   fadd.o
       124          0          0          0          0         88   fdiv.o
       110          0          0          0          0        168   fepilogue.o
        50          0          0          0          0         68   ffixi.o
        40          0          0          0          0         68   ffixui.o
        18          0          0          0          0         68   fflti.o
        10          0          0          0          0         68   ffltui.o
       100          0          0          0          0         76   fmul.o

    ----------------------------------------------------------------------
      8282        320        304          4          0       5516   Library Totals
        14          0          0          0          0          0   (incl. Padding)

    ----------------------------------------------------------------------

      Code (inc. data)   RO Data    RW Data    ZI Data      Debug   Library Name

      1946        166        240          0          0       1040   m_ws.l
      4118        154         64          4          0       2304   mc_w.l
      2204          0          0          0          0       2172   mf_w.l

    ----------------------------------------------------------------------
      8282        320        304          4          0       5516   Library Totals

    ----------------------------------------------------------------------

==============================================================================


      Code (inc. data)   RO Data    RW Data    ZI Data      Debug   

     43648       4358      14312        720       2168     477318   Grand Totals
     43648       4358      14312        148       2168     477318   ELF Image Totals (compressed)
     43648       4358      14312        148          0          0   ROM Totals

==============================================================================

    Total RO  Size (Code + RO Data)                57960 (  56.60kB)
    Total RW  Size (RW Data + ZI Data)              2888 (   2.82kB)
    Total ROM Size (Code + RO Data + RW Data)      58108 (  56.75kB)

==============================================================================

