Component: ARM Compiler 5.06 update 7 (build 960) Tool: armlink [4d3601]

==============================================================================

Section Cross References

    main.o(i.Restore_Normal_Mode_Safe) refers to app_mode.o(i.Set_Mid_Angle) for Set_Mid_Angle
    main.o(i.Restore_Normal_Mode_Safe) refers to app_mode.o(i.Set_angle) for Set_angle
    main.o(i.Restore_Normal_Mode_Safe) refers to app_mode.o(i.Set_control_speed) for Set_control_speed
    main.o(i.Restore_Normal_Mode_Safe) refers to app_mode.o(i.Set_PID) for Set_PID
    main.o(i.Restore_Normal_Mode_Safe) refers to bsp.o(i.bsp_mode_init) for bsp_mode_init
    main.o(i.Restore_Normal_Mode_Safe) refers to main.o(.data) for Balance_Run_Enabled
    main.o(i.Restore_Normal_Mode_Safe) refers to app_mode.o(.data) for mode
    main.o(i.Show_Fault_Recovery_State) refers to bsp_pi_comm.o(i.PI_Comm_GetHostStateFlags) for PI_Comm_GetHostStateFlags
    main.o(i.Show_Fault_Recovery_State) refers to bsp_pi_comm.o(i.PI_Comm_HasHeartbeatTimeout) for PI_Comm_HasHeartbeatTimeout
    main.o(i.Show_Fault_Recovery_State) refers to bsp_oled.o(i.OLED_Draw_Line) for OLED_Draw_Line
    main.o(i.Show_Pi_Init_State) refers to bsp_pi_comm.o(i.PI_Comm_GetHostStateFlags) for PI_Comm_GetHostStateFlags
    main.o(i.Show_Pi_Init_State) refers to bsp_oled.o(i.OLED_Draw_Line) for OLED_Draw_Line
    main.o(i.Show_Shutdown_State) refers to bsp_oled.o(i.OLED_Draw_Line) for OLED_Draw_Line
    main.o(i.Show_Wait_Start_State) refers to bsp_oled.o(i.OLED_Draw_Line) for OLED_Draw_Line
    main.o(i.main) refers to bsp.o(i.bsp_init) for bsp_init
    main.o(i.main) refers to intsever.o(i.MPU6050_EXTI_Init) for MPU6050_EXTI_Init
    main.o(i.main) refers to bsp_key.o(i.Key1_Long_Press) for Key1_Long_Press
    main.o(i.main) refers to bsp_pi_comm.o(i.PI_Comm_SendEventCode) for PI_Comm_SendEventCode
    main.o(i.main) refers to main.o(i.Show_Shutdown_State) for Show_Shutdown_State
    main.o(i.main) refers to app_mode.o(i.Mode_select) for Mode_select
    main.o(i.main) refers to bsp.o(i.bsp_mode_init) for bsp_mode_init
    main.o(i.main) refers to main.o(i.Show_Wait_Start_State) for Show_Wait_Start_State
    main.o(i.main) refers to main.o(i.Show_Pi_Init_State) for Show_Pi_Init_State
    main.o(i.main) refers to main.o(i.Mode_RequiresPi) for Mode_RequiresPi
    main.o(i.main) refers to bsp_pi_comm.o(i.PI_Comm_IsSystemReady) for PI_Comm_IsSystemReady
    main.o(i.main) refers to bsp_oled.o(i.OLED_Draw_Line) for OLED_Draw_Line
    main.o(i.main) refers to bsp_key.o(i.Key1_State) for Key1_State
    main.o(i.main) refers to main.o(i.Show_Fault_Recovery_State) for Show_Fault_Recovery_State
    main.o(i.main) refers to bsp_pi_comm.o(i.PI_Comm_GetHostStateFlags) for PI_Comm_GetHostStateFlags
    main.o(i.main) refers to bsp_pi_comm.o(i.PI_Comm_HasHeartbeatTimeout) for PI_Comm_HasHeartbeatTimeout
    main.o(i.main) refers to main.o(i.Restore_Normal_Mode_Safe) for Restore_Normal_Mode_Safe
    main.o(i.main) refers to app_bluetooth.o(i.ProtocolCpyData) for ProtocolCpyData
    main.o(i.main) refers to app_bluetooth.o(i.Protocol) for Protocol
    main.o(i.main) refers to app_bluetooth.o(i.SendAutoUp) for SendAutoUp
    main.o(i.main) refers to f2d.o(.text) for __aeabi_f2d
    main.o(i.main) refers to printfa.o(i.__0sprintf) for __2sprintf
    main.o(i.main) refers to main.o(.data) for Balance_Run_Enabled
    main.o(i.main) refers to app_mode.o(.data) for mode
    main.o(i.main) refers to app_bluetooth.o(.data) for newLineReceived
    main.o(i.main) refers to bsp_timer.o(.data) for bulettohflag
    main.o(i.main) refers to app_control.o(.data) for battery
    main.o(i.main) refers to main.o(.bss) for showbuf
    system_stm32f10x.o(i.SetSysClock) refers to system_stm32f10x.o(i.SetSysClockTo72) for SetSysClockTo72
    system_stm32f10x.o(i.SystemCoreClockUpdate) refers to system_stm32f10x.o(.data) for SystemCoreClock
    system_stm32f10x.o(i.SystemInit) refers to system_stm32f10x.o(i.SetSysClock) for SetSysClock
    startup_stm32f10x_hd.o(RESET) refers to startup_stm32f10x_hd.o(STACK) for __initial_sp
    startup_stm32f10x_hd.o(RESET) refers to startup_stm32f10x_hd.o(.text) for Reset_Handler
    startup_stm32f10x_hd.o(RESET) refers to stm32f10x_it.o(i.NMI_Handler) for NMI_Handler
    startup_stm32f10x_hd.o(RESET) refers to stm32f10x_it.o(i.HardFault_Handler) for HardFault_Handler
    startup_stm32f10x_hd.o(RESET) refers to stm32f10x_it.o(i.MemManage_Handler) for MemManage_Handler
    startup_stm32f10x_hd.o(RESET) refers to stm32f10x_it.o(i.BusFault_Handler) for BusFault_Handler
    startup_stm32f10x_hd.o(RESET) refers to stm32f10x_it.o(i.UsageFault_Handler) for UsageFault_Handler
    startup_stm32f10x_hd.o(RESET) refers to stm32f10x_it.o(i.SVC_Handler) for SVC_Handler
    startup_stm32f10x_hd.o(RESET) refers to stm32f10x_it.o(i.DebugMon_Handler) for DebugMon_Handler
    startup_stm32f10x_hd.o(RESET) refers to stm32f10x_it.o(i.PendSV_Handler) for PendSV_Handler
[...]
    __aeabi_d2f                              0x080007e5   Thumb Code    56  d2f.o(.text)
    __aeabi_cfcmpeq                          0x0800081d   Thumb Code     0  cfcmple.o(.text)
    __aeabi_cfcmple                          0x0800081d   Thumb Code    20  cfcmple.o(.text)
    __aeabi_cfrcmple                         0x08000831   Thumb Code    20  cfrcmple.o(.text)
    __aeabi_uidiv                            0x08000845   Thumb Code     0  uidiv.o(.text)
    __aeabi_uidivmod                         0x08000845   Thumb Code    44  uidiv.o(.text)
    __aeabi_uldivmod                         0x08000871   Thumb Code    98  uldiv.o(.text)
    __aeabi_llsl                             0x080008d3   Thumb Code    30  llshl.o(.text)
    _ll_shift_l                              0x080008d3   Thumb Code     0  llshl.o(.text)
    __aeabi_llsr                             0x080008f1   Thumb Code    32  llushr.o(.text)
    _ll_ushift_r                             0x080008f1   Thumb Code     0  llushr.o(.text)
    __aeabi_lasr                             0x08000911   Thumb Code    36  llsshr.o(.text)
    _ll_sshift_r                             0x08000911   Thumb Code     0  llsshr.o(.text)
    __strtod_int                             0x0800096b   Thumb Code    90  strtod.o(.text)
    __I$use$fp                               0x080009d1   Thumb Code     0  iusefp.o(.text)
    _float_round                             0x080009d1   Thumb Code    18  fepilogue.o(.text)
    _float_epilogue                          0x080009e3   Thumb Code    92  fepilogue.o(.text)
    _double_round                            0x08000a3f   Thumb Code    30  depilogue.o(.text)
    _double_epilogue                         0x08000a5d   Thumb Code   156  depilogue.o(.text)
    __ARM_scalbn                             0x08000af9   Thumb Code    46  dscalb.o(.text)
    scalbn                                   0x08000af9   Thumb Code     0  dscalb.o(.text)
    __aeabi_d2ulz                            0x08000b27   Thumb Code    48  dfixul.o(.text)
    __aeabi_cdrcmple                         0x08000b59   Thumb Code    48  cdrcmple.o(.text)
    __scatterload                            0x08000b89   Thumb Code    28  init.o(.text)
    __scatterload_rt2                        0x08000b89   Thumb Code     0  init.o(.text)
    isspace                                  0x08000bad   Thumb Code    10  isspace_c.o(.text)
    _scanf_real                              0x08000ce1   Thumb Code     0  scanf_fp.o(.text)
    _scanf_really_real                       0x08000ce1   Thumb Code   556  scanf_fp.o(.text)
    _sgetc                                   0x08000f19   Thumb Code    30  _sgetc.o(.text)
    _sbackspace                              0x08000f37   Thumb Code    34  _sgetc.o(.text)
    _dsqrt                                   0x08000f59   Thumb Code   162  dsqrt.o(.text)
    __ctype_lookup                           0x08000ffd   Thumb Code    34  ctype_c.o(.text)
    __aeabi_ul2d                             0x08001025   Thumb Code    24  dfltul.o(.text)
    __decompress                             0x0800103d   Thumb Code     0  __dczerorl2.o(.text)
    __decompress1                            0x0800103d   Thumb Code    86  __dczerorl2.o(.text)
    ADC_Cmd                                  0x08001093   Thumb Code    22  stm32f10x_adc.o(i.ADC_Cmd)
    ADC_DeInit                               0x080010a9   Thumb Code    78  stm32f10x_adc.o(i.ADC_DeInit)
    ADC_GetCalibrationStatus                 0x08001105   Thumb Code    20  stm32f10x_adc.o(i.ADC_GetCalibrationStatus)
    ADC_GetConversionValue                   0x08001119   Thumb Code     8  stm32f10x_adc.o(i.ADC_GetConversionValue)
    ADC_GetFlagStatus                        0x08001121   Thumb Code    18  stm32f10x_adc.o(i.ADC_GetFlagStatus)
    ADC_GetResetCalibrationStatus            0x08001133   Thumb Code    20  stm32f10x_adc.o(i.ADC_GetResetCalibrationStatus)
    ADC_Init                                 0x08001149   Thumb Code    70  stm32f10x_adc.o(i.ADC_Init)
    ADC_RegularChannelConfig                 0x08001199   Thumb Code   184  stm32f10x_adc.o(i.ADC_RegularChannelConfig)
    ADC_ResetCalibration                     0x08001251   Thumb Code    10  stm32f10x_adc.o(i.ADC_ResetCalibration)
    ADC_SoftwareStartConvCmd                 0x0800125b   Thumb Code    22  stm32f10x_adc.o(i.ADC_SoftwareStartConvCmd)
    ADC_StartCalibration                     0x08001271   Thumb Code    10  stm32f10x_adc.o(i.ADC_StartCalibration)
    BalanceCar_Motor_Init                    0x0800127d   Thumb Code    40  motor.o(i.BalanceCar_Motor_Init)
    BalanceCar_PWM_Init                      0x080012a9   Thumb Code   166  motor.o(i.BalanceCar_PWM_Init)
    Balance_PD                               0x08001355   Thumb Code   130  pid_control.o(i.Balance_PD)
    Battery_init                             0x08001431   Thumb Code   132  bsp_battery.o(i.Battery_init)
    BusFault_Handler                         0x080014bd   Thumb Code     4  stm32f10x_it.o(i.BusFault_Handler)
    CalcUpData                               0x080014c1   Thumb Code   198  app_bluetooth.o(i.CalcUpData)
    Complementary_Filter_x                   0x080015ed   Thumb Code    82  filter.o(i.Complementary_Filter_x)
    Complementary_Filter_y                   0x0800164d   Thumb Code    82  filter.o(i.Complementary_Filter_y)
    DIY_NVIC_PriorityGroupConfig             0x080016ad   Thumb Code    32  bsp.o(i.DIY_NVIC_PriorityGroupConfig)
    DMP_Init                                 0x080016d5   Thumb Code   194  mpu6050.o(i.DMP_Init)
    DebugMon_Handler                         0x080018e5   Thumb Code     2  stm32f10x_it.o(i.DebugMon_Handler)
    EXTI15_10_IRQHandler                     0x0800190d   Thumb Code   298  app_control.o(i.EXTI15_10_IRQHandler)
    EXTI_Init                                0x08001a75   Thumb Code   142  stm32f10x_exti.o(i.EXTI_Init)
    Encoder_Init_TIM3                        0x08001b09   Thumb Code   148  encoder.o(i.Encoder_Init_TIM3)
    Encoder_Init_TIM4                        0x08001ba5   Thumb Code   148  encoder.o(i.Encoder_Init_TIM4)
    GPIO_EXTILineConfig                      0x08001c41   Thumb Code    60  stm32f10x_gpio.o(i.GPIO_EXTILineConfig)
    GPIO_Init                                0x08001c81   Thumb Code   278  stm32f10x_gpio.o(i.GPIO_Init)
    GPIO_ReadInputDataBit                    0x08001d97   Thumb Code    18  stm32f10x_gpio.o(i.GPIO_ReadInputDataBit)
    Get_Angle                                0x08001da9   Thumb Code   920  app_control.o(i.Get_Angle)
    Get_Battery_Volotage                     0x08002185   Thumb Code    22  bsp_battery.o(i.Get_Battery_Volotage)
    Get_Measure_Volotage                     0x080021a1   Thumb Code    30  bsp_battery.o(i.Get_Measure_Volotage)
    Get_Velocity_Form_Encoder                0x080021c5   Thumb Code   228  app_motor.o(i.Get_Velocity_Form_Encoder)
    HardFault_Handler                        0x080022d1   Thumb Code     4  stm32f10x_it.o(i.HardFault_Handler)
    I2C_ReadOneByte                          0x080022d5   Thumb Code    70  ioi2c.o(i.I2C_ReadOneByte)
    IIC_Ack                                  0x0800231d   Thumb Code    64  ioi2c.o(i.IIC_Ack)
    IIC_MPU6050_Init                         0x08002369   Thumb Code    40  ioi2c.o(i.IIC_MPU6050_Init)
    IIC_NAck                                 0x08002395   Thumb Code    62  ioi2c.o(i.IIC_NAck)
    IIC_Read_Byte                            0x080023e1   Thumb Code    98  ioi2c.o(i.IIC_Read_Byte)
    IIC_Send_Byte                            0x08002451   Thumb Code    88  ioi2c.o(i.IIC_Send_Byte)
    IIC_Start                                0x080024b5   Thumb Code    92  ioi2c.o(i.IIC_Start)
    IIC_Stop                                 0x0800251d   Thumb Code    60  ioi2c.o(i.IIC_Stop)
    IIC_Wait_Ack                             0x08002565   Thumb Code    92  ioi2c.o(i.IIC_Wait_Ack)
    IICreadByte                              0x080025cd   Thumb Code    22  ioi2c.o(i.IICreadByte)
    IICwriteBit                              0x080025e3   Thumb Code    64  ioi2c.o(i.IICwriteBit)
    IICwriteBits                             0x08002623   Thumb Code   106  ioi2c.o(i.IICwriteBits)
    IICwriteByte                             0x0800268d   Thumb Code    20  ioi2c.o(i.IICwriteByte)
    IICwriteBytes                            0x080026a1   Thumb Code    70  ioi2c.o(i.IICwriteBytes)
    Init_PID                                 0x080026e9   Thumb Code    40  app_bluetooth.o(i.Init_PID)
    JTAG_Set                                 0x0800272d   Thumb Code    38  bsp.o(i.JTAG_Set)
    KF_X                                     0x0800275d   Thumb Code   666  kf.o(i.KF_X)
    KF_Y                                     0x08002a15   Thumb Code   666  kf.o(i.KF_Y)
    Key1_GPIO_Init                           0x08002ccd   Thumb Code    34  bsp_key.o(i.Key1_GPIO_Init)
    Key1_Long_Press                          0x08002cf5   Thumb Code    76  bsp_key.o(i.Key1_Long_Press)
    Key1_State                               0x08002d45   Thumb Code    66  bsp_key.o(i.Key1_State)
    MPU6050_EXTI_Init                        0x08002dad   Thumb Code   108  intsever.o(i.MPU6050_EXTI_Init)
    MPU6050_initialize                       0x08002e1d   Thumb Code    40  mpu6050.o(i.MPU6050_initialize)
    MPU6050_setClockSource                   0x08002e45   Thumb Code    20  mpu6050.o(i.MPU6050_setClockSource)
    MPU6050_setFullScaleAccelRange           0x08002e59   Thumb Code    20  mpu6050.o(i.MPU6050_setFullScaleAccelRange)
    MPU6050_setFullScaleGyroRange            0x08002e6d   Thumb Code    20  mpu6050.o(i.MPU6050_setFullScaleGyroRange)
    MPU6050_setI2CBypassEnabled              0x08002e81   Thumb Code    18  mpu6050.o(i.MPU6050_setI2CBypassEnabled)
    MPU6050_setI2CMasterModeEnabled          0x08002e93   Thumb Code    18  mpu6050.o(i.MPU6050_setI2CMasterModeEnabled)
    MPU6050_setSleepEnabled                  0x08002ea5   Thumb Code    18  mpu6050.o(i.MPU6050_setSleepEnabled)
    MemManage_Handler                        0x08002eb7   Thumb Code     4  stm32f10x_it.o(i.MemManage_Handler)
    Mode_select                              0x08002f25   Thumb Code    78  app_mode.o(i.Mode_select)
    NMI_Handler                              0x08002f85   Thumb Code     2  stm32f10x_it.o(i.NMI_Handler)
    NVIC_Init                                0x08002f89   Thumb Code   100  misc.o(i.NVIC_Init)
    OLED_Clear                               0x08002ff9   Thumb Code    10  bsp_oled.o(i.OLED_Clear)
    OLED_Draw_Line                           0x08003003   Thumb Code    50  bsp_oled.o(i.OLED_Draw_Line)
    OLED_Draw_String                         0x08003035   Thumb Code    54  bsp_oled.o(i.OLED_Draw_String)
    OLED_I2C_Init                            0x08003071   Thumb Code    24  bsp_oled_i2c.o(i.OLED_I2C_Init)
    OLED_IIC_Init                            0x0800309d   Thumb Code    36  bsp_oled_i2c.o(i.OLED_IIC_Init)
    OLED_IIC_Send_Byte                       0x080030c9   Thumb Code    88  bsp_oled_i2c.o(i.OLED_IIC_Send_Byte)
    OLED_IIC_Start                           0x0800312d   Thumb Code    92  bsp_oled_i2c.o(i.OLED_IIC_Start)
    OLED_IIC_Stop                            0x08003195   Thumb Code    68  bsp_oled_i2c.o(i.OLED_IIC_Stop)
    OLED_IIC_Wait_Ack                        0x080031e5   Thumb Code    92  bsp_oled_i2c.o(i.OLED_IIC_Wait_Ack)
    OLED_Init                                0x0800324d   Thumb Code   318  bsp_oled.o(i.OLED_Init)
    OLED_Refresh                             0x08003391   Thumb Code     8  bsp_oled.o(i.OLED_Refresh)
    OLED_i2cWrite                            0x08003399   Thumb Code    96  bsp_oled_i2c.o(i.OLED_i2cWrite)
    PI_Comm_10ms_Task                        0x080033f9   Thumb Code   152  bsp_pi_comm.o(i.PI_Comm_10ms_Task)
    PI_Comm_GetHostStateFlags                0x0800353d   Thumb Code     6  bsp_pi_comm.o(i.PI_Comm_GetHostStateFlags)
    PI_Comm_HasHeartbeatTimeout              0x080037a9   Thumb Code     6  bsp_pi_comm.o(i.PI_Comm_HasHeartbeatTimeout)
    PI_Comm_Init                             0x080037b5   Thumb Code    16  bsp_pi_comm.o(i.PI_Comm_Init)
    PI_Comm_IsSystemReady                    0x080037f1   Thumb Code    10  bsp_pi_comm.o(i.PI_Comm_IsSystemReady)
    PI_Comm_OnByteReceived                   0x08003801   Thumb Code   266  bsp_pi_comm.o(i.PI_Comm_OnByteReceived)
    PI_Comm_SendEventCode                    0x080039ed   Thumb Code    12  bsp_pi_comm.o(i.PI_Comm_SendEventCode)
    PWM_Ignore                               0x08003b7d   Thumb Code    26  app_motor.o(i.PWM_Ignore)
    PWM_Limit                                0x08003b97   Thumb Code    18  app_motor.o(i.PWM_Limit)
    PendSV_Handler                           0x08003ba9   Thumb Code     2  stm32f10x_it.o(i.PendSV_Handler)
    Pick_Up                                  0x08003bad   Thumb Code   222  app_control.o(i.Pick_Up)
    Protocol                                 0x08003cad   Thumb Code   852  app_bluetooth.o(i.Protocol)
    ProtocolCpyData                          0x08004061   Thumb Code    26  app_bluetooth.o(i.ProtocolCpyData)
    ProtocolGetPID                           0x08004089   Thumb Code   412  app_bluetooth.o(i.ProtocolGetPID)
    Put_Down                                 0x0800428d   Thumb Code   130  app_control.o(i.Put_Down)
    RCC_ADCCLKConfig                         0x08004329   Thumb Code    18  stm32f10x_rcc.o(i.RCC_ADCCLKConfig)
    RCC_APB1PeriphClockCmd                   0x08004341   Thumb Code    26  stm32f10x_rcc.o(i.RCC_APB1PeriphClockCmd)
    RCC_APB1PeriphResetCmd                   0x08004361   Thumb Code    26  stm32f10x_rcc.o(i.RCC_APB1PeriphResetCmd)
    RCC_APB2PeriphClockCmd                   0x08004381   Thumb Code    26  stm32f10x_rcc.o(i.RCC_APB2PeriphClockCmd)
    RCC_APB2PeriphResetCmd                   0x080043a1   Thumb Code    26  stm32f10x_rcc.o(i.RCC_APB2PeriphResetCmd)
    RCC_GetClocksFreq                        0x080043c1   Thumb Code   192  stm32f10x_rcc.o(i.RCC_GetClocksFreq)
    Read_DMP                                 0x08004495   Thumb Code   560  mpu6050.o(i.Read_DMP)
    Read_Encoder                             0x080046f1   Thumb Code    46  encoder.o(i.Read_Encoder)
    Read_Temperature                         0x08004729   Thumb Code   110  mpu6050.o(i.Read_Temperature)
    ResetPID                                 0x080047a9   Thumb Code   136  app_bluetooth.o(i.ResetPID)
    SSD1306_DrawPixel                        0x08004895   Thumb Code   152  bsp_oled.o(i.SSD1306_DrawPixel)
    SSD1306_Fill                             0x08004935   Thumb Code    26  bsp_oled.o(i.SSD1306_Fill)
    SSD1306_GotoXY                           0x08004955   Thumb Code     8  bsp_oled.o(i.SSD1306_GotoXY)
    SSD1306_Putc                             0x08004961   Thumb Code   164  bsp_oled.o(i.SSD1306_Putc)
    SSD1306_Puts                             0x08004a09   Thumb Code    42  bsp_oled.o(i.SSD1306_Puts)
    SSD1306_UpdateScreen                     0x08004a35   Thumb Code    68  bsp_oled.o(i.SSD1306_UpdateScreen)
    SVC_Handler                              0x08004a7d   Thumb Code     2  stm32f10x_it.o(i.SVC_Handler)
    SendAutoUp                               0x08004a81   Thumb Code    50  app_bluetooth.o(i.SendAutoUp)
    Set_Mid_Angle                            0x08004ba9   Thumb Code    56  app_mode.o(i.Set_Mid_Angle)
    Set_PID                                  0x08004bed   Thumb Code   146  app_mode.o(i.Set_PID)
    Set_Pwm                                  0x08004cd9   Thumb Code   120  app_motor.o(i.Set_Pwm)
    Set_angle                                0x08004d55   Thumb Code    40  app_mode.o(i.Set_angle)
    Set_control_speed                        0x08004d85   Thumb Code    40  app_mode.o(i.Set_control_speed)
    StringFind                               0x08005061   Thumb Code    74  app_bluetooth.o(i.StringFind)
    SysTick_CLKSourceConfig                  0x080050ab   Thumb Code    40  misc.o(i.SysTick_CLKSourceConfig)
    SysTick_Handler                          0x080050d3   Thumb Code     2  stm32f10x_it.o(i.SysTick_Handler)
    SystemInit                               0x080050d5   Thumb Code    78  system_stm32f10x.o(i.SystemInit)
    TIM3_IRQHandler                          0x08005375   Thumb Code    18  encoder.o(i.TIM3_IRQHandler)
    TIM4_IRQHandler                          0x0800538d   Thumb Code    18  encoder.o(i.TIM4_IRQHandler)
    TIM6_IRQHandler                          0x080053a5   Thumb Code   170  bsp_timer.o(i.TIM6_IRQHandler)
    TIM6_Init                                0x08005479   Thumb Code    90  bsp_timer.o(i.TIM6_Init)
    TIM_ARRPreloadConfig                     0x080054d9   Thumb Code    24  stm32f10x_tim.o(i.TIM_ARRPreloadConfig)
    TIM_ClearFlag                            0x080054f1   Thumb Code     6  stm32f10x_tim.o(i.TIM_ClearFlag)
    TIM_ClearITPendingBit                    0x080054f7   Thumb Code     6  stm32f10x_tim.o(i.TIM_ClearITPendingBit)
    TIM_Cmd                                  0x080054fd   Thumb Code    24  stm32f10x_tim.o(i.TIM_Cmd)
    TIM_CtrlPWMOutputs                       0x08005515   Thumb Code    30  stm32f10x_tim.o(i.TIM_CtrlPWMOutputs)
    TIM_DeInit                               0x08005535   Thumb Code   424  stm32f10x_tim.o(i.TIM_DeInit)
    TIM_EncoderInterfaceConfig               0x0800571d   Thumb Code    66  stm32f10x_tim.o(i.TIM_EncoderInterfaceConfig)
    TIM_GetITStatus                          0x0800575f   Thumb Code    34  stm32f10x_tim.o(i.TIM_GetITStatus)
    TIM_ICInit                               0x08005781   Thumb Code   150  stm32f10x_tim.o(i.TIM_ICInit)
    TIM_ICStructInit                         0x0800582d   Thumb Code    18  stm32f10x_tim.o(i.TIM_ICStructInit)
    TIM_ITConfig                             0x0800583f   Thumb Code    18  stm32f10x_tim.o(i.TIM_ITConfig)
    TIM_OC1Init                              0x08005851   Thumb Code   132  stm32f10x_tim.o(i.TIM_OC1Init)
    TIM_OC1PreloadConfig                     0x080058e9   Thumb Code    18  stm32f10x_tim.o(i.TIM_OC1PreloadConfig)
    TIM_OC2Init                              0x080058fd   Thumb Code   154  stm32f10x_tim.o(i.TIM_OC2Init)
    TIM_OC2PreloadConfig                     0x080059a1   Thumb Code    26  stm32f10x_tim.o(i.TIM_OC2PreloadConfig)
    TIM_OC3Init                              0x080059bd   Thumb Code   150  stm32f10x_tim.o(i.TIM_OC3Init)
    TIM_OC3PreloadConfig                     0x08005a5d   Thumb Code    18  stm32f10x_tim.o(i.TIM_OC3PreloadConfig)
    TIM_OC4Init                              0x08005a71   Thumb Code   114  stm32f10x_tim.o(i.TIM_OC4Init)
    TIM_OC4PreloadConfig                     0x08005aed   Thumb Code    26  stm32f10x_tim.o(i.TIM_OC4PreloadConfig)
    TIM_SetCounter                           0x08005b07   Thumb Code     4  stm32f10x_tim.o(i.TIM_SetCounter)
    TIM_SetIC1Prescaler                      0x08005b0b   Thumb Code    18  stm32f10x_tim.o(i.TIM_SetIC1Prescaler)
    TIM_SetIC2Prescaler                      0x08005b1d   Thumb Code    26  stm32f10x_tim.o(i.TIM_SetIC2Prescaler)
    TIM_SetIC3Prescaler                      0x08005b37   Thumb Code    18  stm32f10x_tim.o(i.TIM_SetIC3Prescaler)
    TIM_SetIC4Prescaler                      0x08005b49   Thumb Code    26  stm32f10x_tim.o(i.TIM_SetIC4Prescaler)
    TIM_TimeBaseInit                         0x08005b65   Thumb Code   122  stm32f10x_tim.o(i.TIM_TimeBaseInit)
    TIM_TimeBaseStructInit                   0x08005c09   Thumb Code    18  stm32f10x_tim.o(i.TIM_TimeBaseStructInit)
    Turn_Off                                 0x08005c1d   Thumb Code    96  app_motor.o(i.Turn_Off)
    Turn_PD                                  0x08005c95   Thumb Code   210  pid_control.o(i.Turn_PD)
    UART5_IRQHandler                         0x08005d9d   Thumb Code    30  bsp_bluetooth.o(i.UART5_IRQHandler)
    UART5_Send_Char                          0x08005dc1   Thumb Code    24  bsp_bluetooth.o(i.UART5_Send_Char)
    USART1_IRQHandler                        0x08005dd9   Thumb Code    32  usart.o(i.USART1_IRQHandler)
    USART1_Send_U8                           0x08005dfd   Thumb Code    28  usart.o(i.USART1_Send_U8)
    USART2_IRQHandler                        0x08005e1d   Thumb Code    40  bsp_usart2.o(i.USART2_IRQHandler)
    USART2_init                              0x08005e49   Thumb Code   152  bsp_usart2.o(i.USART2_init)
    USART5_Send_Byte                         0x08005ee9   Thumb Code    28  bsp_bluetooth.o(i.USART5_Send_Byte)
    USART_ClearITPendingBit                  0x08005f09   Thumb Code    30  stm32f10x_usart.o(i.USART_ClearITPendingBit)
    USART_Cmd                                0x08005f27   Thumb Code    24  stm32f10x_usart.o(i.USART_Cmd)
    USART_GetFlagStatus                      0x08005f3f   Thumb Code    26  stm32f10x_usart.o(i.USART_GetFlagStatus)
    USART_GetITStatus                        0x08005f59   Thumb Code    84  stm32f10x_usart.o(i.USART_GetITStatus)
    USART_ITConfig                           0x08005fad   Thumb Code    74  stm32f10x_usart.o(i.USART_ITConfig)
    USART_Init                               0x08005ff9   Thumb Code   210  stm32f10x_usart.o(i.USART_Init)
    USART_ReceiveData                        0x080060d1   Thumb Code    10  stm32f10x_usart.o(i.USART_ReceiveData)
    USART_SendData                           0x080060db   Thumb Code     8  stm32f10x_usart.o(i.USART_SendData)
    UsageFault_Handler                       0x080060e3   Thumb Code     4  stm32f10x_it.o(i.UsageFault_Handler)
    Velocity_PI                              0x080060e9   Thumb Code   336  pid_control.o(i.Velocity_PI)
    __0printf                                0x0800628d   Thumb Code    22  printfa.o(i.__0printf)
    __1printf                                0x0800628d   Thumb Code     0  printfa.o(i.__0printf)
    __2printf                                0x0800628d   Thumb Code     0  printfa.o(i.__0printf)
    __c89printf                              0x0800628d   Thumb Code     0  printfa.o(i.__0printf)
    printf                                   0x0800628d   Thumb Code     0  printfa.o(i.__0printf)
    __0sprintf                               0x080062ad   Thumb Code    34  printfa.o(i.__0sprintf)
    __1sprintf                               0x080062ad   Thumb Code     0  printfa.o(i.__0sprintf)
    __2sprintf                               0x080062ad   Thumb Code     0  printfa.o(i.__0sprintf)
    __c89sprintf                             0x080062ad   Thumb Code     0  printfa.o(i.__0sprintf)
    sprintf                                  0x080062ad   Thumb Code     0  printfa.o(i.__0sprintf)
    __ARM_fpclassify                         0x080062d5   Thumb Code    40  fpclassify.o(i.__ARM_fpclassify)
    __kernel_poly                            0x080062fd   Thumb Code   170  poly.o(i.__kernel_poly)
    __mathlib_dbl_infnan                     0x080063a7   Thumb Code     6  dunder.o(i.__mathlib_dbl_infnan)
    __mathlib_dbl_infnan2                    0x080063ad   Thumb Code     4  dunder.o(i.__mathlib_dbl_infnan2)
    __mathlib_dbl_invalid                    0x080063b1   Thumb Code    12  dunder.o(i.__mathlib_dbl_invalid)
    __mathlib_dbl_underflow                  0x080063bd   Thumb Code    10  dunder.o(i.__mathlib_dbl_underflow)
    __read_errno                             0x080063cd   Thumb Code     6  errno.o(i.__read_errno)
    __scatterload_copy                       0x080063d9   Thumb Code    14  handlers.o(i.__scatterload_copy)
    __scatterload_null                       0x080063e7   Thumb Code     2  handlers.o(i.__scatterload_null)
    __scatterload_zeroinit                   0x080063e9   Thumb Code    14  handlers.o(i.__scatterload_zeroinit)
    __set_errno                              0x080063f9   Thumb Code     6  errno.o(i.__set_errno)
    _is_digit                                0x08006589   Thumb Code    14  scanf_fp.o(i._is_digit)
    asin                                     0x08006d51   Thumb Code   572  asin.o(i.asin)
    atan                                     0x08006fc1   Thumb Code   474  atan.o(i.atan)
    atan2                                    0x080071e1   Thumb Code   374  atan2.o(i.atan2)
    atof                                     0x0800737d   Thumb Code    42  atof.o(i.atof)
    bluetooth_init                           0x080073a9   Thumb Code   160  bsp_bluetooth.o(i.bluetooth_init)
    bsp_init                                 0x08007455   Thumb Code   108  bsp.o(i.bsp_init)
    bsp_mode_init                            0x080074c1   Thumb Code    22  bsp.o(i.bsp_mode_init)
    car_mode                                 0x080074dd   Thumb Code    76  app_mode.o(i.car_mode)
    cotrol_led                               0x08007531   Thumb Code   142  bsp_timer.o(i.cotrol_led)
    deal_bluetooth                           0x080075dd   Thumb Code    96  app_bluetooth.o(i.deal_bluetooth)
    delay_init                               0x080076b5   Thumb Code    60  delay.o(i.delay_init)
    delay_ms                                 0x08007701   Thumb Code    56  delay.o(i.delay_ms)
    delay_us                                 0x0800773d   Thumb Code    56  delay.o(i.delay_us)
    dmp_enable_6x_lp_quat                    0x08007779   Thumb Code    60  inv_mpu_dmp_motion_driver.o(i.dmp_enable_6x_lp_quat)
    dmp_enable_feature                       0x080077b5   Thumb Code   530  inv_mpu_dmp_motion_driver.o(i.dmp_enable_feature)
    dmp_enable_gyro_cal                      0x080079d1   Thumb Code    62  inv_mpu_dmp_motion_driver.o(i.dmp_enable_gyro_cal)
    dmp_enable_lp_quat                       0x08007a29   Thumb Code    60  inv_mpu_dmp_motion_driver.o(i.dmp_enable_lp_quat)
    dmp_load_motion_driver_firmware          0x08007a65   Thumb Code    20  inv_mpu_dmp_motion_driver.o(i.dmp_load_motion_driver_firmware)
    dmp_read_fifo                            0x08007a7d   Thumb Code   456  inv_mpu_dmp_motion_driver.o(i.dmp_read_fifo)
    dmp_set_accel_bias                       0x08007c49   Thumb Code   300  inv_mpu_dmp_motion_driver.o(i.dmp_set_accel_bias)
    dmp_set_fifo_rate                        0x08007d79   Thumb Code    96  inv_mpu_dmp_motion_driver.o(i.dmp_set_fifo_rate)
    dmp_set_gyro_bias                        0x08007de9   Thumb Code   294  inv_mpu_dmp_motion_driver.o(i.dmp_set_gyro_bias)
    dmp_set_orientation                      0x08007f19   Thumb Code   290  inv_mpu_dmp_motion_driver.o(i.dmp_set_orientation)
    dmp_set_shake_reject_thresh              0x08008051   Thumb Code    56  inv_mpu_dmp_motion_driver.o(i.dmp_set_shake_reject_thresh)
    dmp_set_shake_reject_time                0x08008089   Thumb Code    38  inv_mpu_dmp_motion_driver.o(i.dmp_set_shake_reject_time)
    dmp_set_shake_reject_timeout             0x080080af   Thumb Code    38  inv_mpu_dmp_motion_driver.o(i.dmp_set_shake_reject_timeout)
    dmp_set_tap_axes                         0x080080d5   Thumb Code    70  inv_mpu_dmp_motion_driver.o(i.dmp_set_tap_axes)
    dmp_set_tap_count                        0x0800811b   Thumb Code    38  inv_mpu_dmp_motion_driver.o(i.dmp_set_tap_count)
    dmp_set_tap_thresh                       0x08008141   Thumb Code   396  inv_mpu_dmp_motion_driver.o(i.dmp_set_tap_thresh)
    dmp_set_tap_time                         0x080082e1   Thumb Code    38  inv_mpu_dmp_motion_driver.o(i.dmp_set_tap_time)
    dmp_set_tap_time_multi                   0x08008307   Thumb Code    38  inv_mpu_dmp_motion_driver.o(i.dmp_set_tap_time_multi)
    fputc                                    0x0800832d   Thumb Code    24  usart.o(i.fputc)
    i2cRead                                  0x08008979   Thumb Code   118  ioi2c.o(i.i2cRead)
    i2cWrite                                 0x080089ef   Thumb Code    96  ioi2c.o(i.i2cWrite)
    init_beep                                0x08008a51   Thumb Code    46  bsp_beep.o(i.init_beep)
    init_led_gpio                            0x08008a89   Thumb Code    44  bsp_led.o(i.init_led_gpio)
    main                                     0x08008b35   Thumb Code   478  main.o(i.main)
    mpu_configure_fifo                       0x08008dd5   Thumb Code   106  inv_mpu.o(i.mpu_configure_fifo)
    mpu_get_accel_fsr                        0x08008e45   Thumb Code    72  inv_mpu.o(i.mpu_get_accel_fsr)
    mpu_get_accel_sens                       0x08008e91   Thumb Code    78  inv_mpu.o(i.mpu_get_accel_sens)
    mpu_get_fifo_config                      0x08008ee5   Thumb Code    12  inv_mpu.o(i.mpu_get_fifo_config)
    mpu_get_gyro_fsr                         0x08008ef5   Thumb Code    64  inv_mpu.o(i.mpu_get_gyro_fsr)
    mpu_get_gyro_sens                        0x08008f39   Thumb Code    58  inv_mpu.o(i.mpu_get_gyro_sens)
    mpu_get_lpf                              0x08008f89   Thumb Code    74  inv_mpu.o(i.mpu_get_lpf)
    mpu_get_sample_rate                      0x08008fd9   Thumb Code    26  inv_mpu.o(i.mpu_get_sample_rate)
    mpu_init                                 0x08008ff9   Thumb Code   416  inv_mpu.o(i.mpu_init)
    mpu_load_firmware                        0x080091e9   Thumb Code   180  inv_mpu.o(i.mpu_load_firmware)
    mpu_lp_accel_mode                        0x080092a1   Thumb Code   218  inv_mpu.o(i.mpu_lp_accel_mode)
    mpu_read_fifo_stream                     0x08009381   Thumb Code   186  inv_mpu.o(i.mpu_read_fifo_stream)
    mpu_read_mem                             0x08009441   Thumb Code   122  inv_mpu.o(i.mpu_read_mem)
    mpu_reset_fifo                           0x080094c1   Thumb Code   438  inv_mpu.o(i.mpu_reset_fifo)
    mpu_run_self_test                        0x0800967d   Thumb Code   278  inv_mpu.o(i.mpu_run_self_test)
    mpu_set_accel_fsr                        0x08009799   Thumb Code   126  inv_mpu.o(i.mpu_set_accel_fsr)
    mpu_set_bypass                           0x0800981d   Thumb Code   328  inv_mpu.o(i.mpu_set_bypass)
    mpu_set_dmp_state                        0x08009969   Thumb Code   138  inv_mpu.o(i.mpu_set_dmp_state)
    mpu_set_gyro_fsr                         0x080099f9   Thumb Code   132  inv_mpu.o(i.mpu_set_gyro_fsr)
    mpu_set_int_latched                      0x08009a81   Thumb Code   102  inv_mpu.o(i.mpu_set_int_latched)
    mpu_set_lpf                              0x08009aed   Thumb Code   126  inv_mpu.o(i.mpu_set_lpf)
    mpu_set_sample_rate                      0x08009b71   Thumb Code   152  inv_mpu.o(i.mpu_set_sample_rate)
    mpu_set_sensors                          0x08009c0d   Thumb Code   202  inv_mpu.o(i.mpu_set_sensors)
    mpu_write_mem                            0x08009cdd   Thumb Code   122  inv_mpu.o(i.mpu_write_mem)
    mul                                      0x08009d5d   Thumb Code   154  kf.o(i.mul)
    myabs                                    0x08009e11   Thumb Code    14  pid_control.o(i.myabs)
    myget_ms                                 0x08009e1f   Thumb Code     2  inv_mpu.o(i.myget_ms)
    power_decect                             0x08009e21   Thumb Code    64  bsp_timer.o(i.power_decect)
    show_mode_oled                           0x08009f95   Thumb Code   122  oled_show.o(i.show_mode_oled)
    sqrt                                     0x0800a069   Thumb Code    76  sqrt.o(i.sqrt)
    ssd1306_I2C_Write                        0x0800a0b5   Thumb Code    20  bsp_oled.o(i.ssd1306_I2C_Write)
    ssd1306_I2C_WriteMulti                   0x0800a0c9   Thumb Code    28  bsp_oled.o(i.ssd1306_I2C_WriteMulti)
    uart_init                                0x0800a0e5   Thumb Code   152  usart.o(i.uart_init)
    Font7x10                                 0x0800a184   Data        1900  oled_fonts.o(.constdata)
    Font11x18                                0x0800a8f0   Data        3420  oled_fonts.o(.constdata)
    Font16x26                                0x0800b64c   Data        4940  oled_fonts.o(.constdata)
    hw                                       0x0800c998   Data          12  inv_mpu.o(.constdata)
    reg                                      0x0800c9a4   Data          27  inv_mpu.o(.constdata)
    test                                     0x0800c9c0   Data          40  inv_mpu.o(.constdata)
    __mathlib_zero                           0x0800d780   Data           8  qnan.o(.constdata)
    __ctype_categories                       0x0800d788   Data          64  ctype_c.o(.constdata)
    Region$$Table$$Base                      0x0800d818   Number         0  anon$$obj.o(Region$$Table)
    Region$$Table$$Limit                     0x0800d838   Number         0  anon$$obj.o(Region$$Table)
    GET_Angle_Way                            0x20000000   Data           1  main.o(.data)
    Angle_Balance                            0x20000004   Data           4  main.o(.data)
    Gyro_Balance                             0x20000008   Data           4  main.o(.data)
    Gyro_Turn                                0x2000000c   Data           4  main.o(.data)
    Motor_Left                               0x20000010   Data           4  main.o(.data)
    Motor_Right                              0x20000014   Data           4  main.o(.data)
    Temperature                              0x20000018   Data           4  main.o(.data)
    Acceleration_Z                           0x2000001c   Data           4  main.o(.data)
    Mid_Angle                                0x20000020   Data           4  main.o(.data)
    Move_X                                   0x20000024   Data           4  main.o(.data)
    Move_Z                                   0x20000028   Data           4  main.o(.data)
    Stop_Flag                                0x2000002c   Data           1  main.o(.data)
    Balance_Run_Enabled                      0x2000002d   Data           1  main.o(.data)
    SystemCoreClock                          0x20000030   Data           4  system_stm32f10x.o(.data)
    AHBPrescTable                            0x20000034   Data          16  system_stm32f10x.o(.data)
    gyro                                     0x2000005c   Data           6  mpu6050.o(.data)
    accel                                    0x20000062   Data           6  mpu6050.o(.data)
    sensors                                  0x20000068   Data           2  mpu6050.o(.data)
    Roll                                     0x2000006c   Data           4  mpu6050.o(.data)
    Pitch                                    0x20000070   Data           4  mpu6050.o(.data)
    Yaw                                      0x20000074   Data           4  mpu6050.o(.data)
    q0                                       0x20000078   Data           4  mpu6050.o(.data)
    q1                                       0x2000007c   Data           4  mpu6050.o(.data)
    q2                                       0x20000080   Data           4  mpu6050.o(.data)
    q3                                       0x20000084   Data           4  mpu6050.o(.data)
    Gx_offset                                0x20000092   Data           2  mpu6050.o(.data)
    Gy_offset                                0x20000094   Data           2  mpu6050.o(.data)
    Gz_offset                                0x20000096   Data           2  mpu6050.o(.data)
    __stdout                                 0x20000098   Data           4  usart.o(.data)
    Font_7x10                                0x200000a4   Data           8  oled_fonts.o(.data)
    Font_11x18                               0x200000ac   Data           8  oled_fonts.o(.data)
    Font_16x26                               0x200000b4   Data           8  oled_fonts.o(.data)
    led_flag                                 0x200000c4   Data           2  bsp_timer.o(.data)
    led_twinkle_count                        0x200000c6   Data           2  bsp_timer.o(.data)
    led_count                                0x200000c8   Data           2  bsp_timer.o(.data)
    lower_power_flag                         0x200000ca   Data           1  bsp_timer.o(.data)
    bulettohflag                             0x200000cb   Data           1  bsp_timer.o(.data)
    g_key1_long_press                        0x200000ce   Data           2  bsp_key.o(.data)
    battery                                  0x200000e4   Data           4  app_control.o(.data)
    Velocity_Left                            0x200000f4   Data           4  app_motor.o(.data)
    Velocity_Right                           0x200000f8   Data           4  app_motor.o(.data)
    Balance_K                                0x200000fc   Data           4  pid_control.o(.data)
    Velocity_K                               0x20000100   Data           4  pid_control.o(.data)
    Turn_K                                   0x20000104   Data           4  pid_control.o(.data)
    Balance_Kp                               0x20000108   Data           4  pid_control.o(.data)
    Balance_Kd                               0x2000010c   Data           4  pid_control.o(.data)
    Velocity_Kp                              0x20000110   Data           4  pid_control.o(.data)
    Velocity_Ki                              0x20000114   Data           4  pid_control.o(.data)
    Turn_Kp                                  0x20000118   Data           4  pid_control.o(.data)
    Turn_Kd                                  0x2000011c   Data           4  pid_control.o(.data)
    Car_Target_Velocity                      0x20000120   Data           4  pid_control.o(.data)
    Car_Turn_Amplitude_speed                 0x20000124   Data           4  pid_control.o(.data)
    myTurn_Kd                                0x20000128   Data           4  pid_control.o(.data)
    g_autoup                                 0x20000148   Data           4  app_bluetooth.o(.data)
    newLineReceived                          0x2000014c   Data           1  app_bluetooth.o(.data)
    num                                      0x20000150   Data           4  app_bluetooth.o(.data)
    startBit                                 0x20000154   Data           1  app_bluetooth.o(.data)
    int9num                                  0x20000158   Data           4  app_bluetooth.o(.data)
    g_newcarstate                            0x2000015c   Data           1  app_bluetooth.o(.data)
    piddisplay                               0x2000015d   Data          50  app_bluetooth.o(.data)
    s_Acc                                    0x20000190   Data           4  app_bluetooth.o(.data)
    s_Gyro                                   0x20000194   Data           4  app_bluetooth.o(.data)
    g_uptimes                                0x20000198   Data           4  app_bluetooth.o(.data)
    angle_max                                0x2000019c   Data           1  app_mode.o(.data)
    mode                                     0x2000019d   Data           1  app_mode.o(.data)
    dt                                       0x200001d0   Data           4  filter.o(.data)
    showbuf                                  0x200002a0   Data          20  main.o(.bss)
    manydisplay                              0x200004d4   Data          80  app_bluetooth.o(.bss)
    updata                                   0x20000524   Data          80  app_bluetooth.o(.bss)
    lspeed                                   0x20000574   Data          10  app_bluetooth.o(.bss)
    rspeed                                   0x2000057e   Data          10  app_bluetooth.o(.bss)
    daccel                                   0x20000588   Data          10  app_bluetooth.o(.bss)
    dgyro                                    0x20000592   Data          10  app_bluetooth.o(.bss)
    csb                                      0x2000059c   Data          10  app_bluetooth.o(.bss)
    vi                                       0x200005a6   Data          10  app_bluetooth.o(.bss)
    inputString                              0x200005b0   Data          80  app_bluetooth.o(.bss)
    ProtocolString                           0x20000600   Data          80  app_bluetooth.o(.bss)
    charkp                                   0x20000650   Data          10  app_bluetooth.o(.bss)
    charkd                                   0x2000065a   Data          10  app_bluetooth.o(.bss)
    charksp                                  0x20000664   Data          10  app_bluetooth.o(.bss)
    charksi                                  0x2000066e   Data          10  app_bluetooth.o(.bss)
    charktp                                  0x20000678   Data          10  app_bluetooth.o(.bss)
    charktd                                  0x20000682   Data          10  app_bluetooth.o(.bss)
    PID_Original                             0x2000068c   Data          24  app_bluetooth.o(.bss)
    __initial_sp                             0x20000ad8   Data           0  startup_stm32f10x_hd.o(STACK)



==============================================================================

Memory Map of the image

  Image Entry point : 0x08000131

  Load Region LR_IROM1 (Base: 0x08000000, Size: 0x0000dad8, Max: 0x00080000, ABSOLUTE, COMPRESSED[0x0000d8c4])

    Execution Region ER_IROM1 (Exec base: 0x08000000, Load base: 0x08000000, Size: 0x0000d838, Max: 0x00080000, ABSOLUTE)

    Exec Addr    Load Addr    Size         Type   Attr      Idx    E Section Name        Object

    0x08000000   0x08000000   0x00000130   Data   RO          379    RESET               startup_stm32f10x_hd.o
    0x08000130   0x08000130   0x00000000   Code   RO         4736  * .ARM.Collect$$$$00000000  mc_w.l(entry.o)
    0x08000130   0x08000130   0x00000004   Code   RO         5087    .ARM.Collect$$$$00000001  mc_w.l(entry2.o)
    0x08000134   0x08000134   0x00000004   Code   RO         5090    .ARM.Collect$$$$00000004  mc_w.l(entry5.o)
    0x08000138   0x08000138   0x00000000   Code   RO         5092    .ARM.Collect$$$$00000008  mc_w.l(entry7b.o)
    0x08000138   0x08000138   0x00000000   Code   RO         5094    .ARM.Collect$$$$0000000A  mc_w.l(entry8b.o)
    0x08000138   0x08000138   0x00000008   Code   RO         5095    .ARM.Collect$$$$0000000B  mc_w.l(entry9a.o)
    0x08000140   0x08000140   0x00000004   Code   RO         5102    .ARM.Collect$$$$0000000E  mc_w.l(entry12b.o)
    0x08000144   0x08000144   0x00000000   Code   RO         5097    .ARM.Collect$$$$0000000F  mc_w.l(entry10a.o)
    0x08000144   0x08000144   0x00000000   Code   RO         5099    .ARM.Collect$$$$00000011  mc_w.l(entry11a.o)
    0x08000144   0x08000144   0x00000004   Code   RO         5088    .ARM.Collect$$$$00002712  mc_w.l(entry2.o)
    0x08000148   0x08000148   0x00000024   Code   RO          380    .text               startup_stm32f10x_hd.o
    0x0800016c   0x0800016c   0x00000062   Code   RO         4739    .text               mc_w.l(ldiv.o)
    0x080001ce   0x080001ce   0x00000024   Code   RO         4741    .text               mc_w.l(memcpya.o)
    0x080001f2   0x080001f2   0x00000024   Code   RO         4743    .text               mc_w.l(memseta.o)
    0x08000216   0x08000216   0x00000018   Code   RO         4745    .text               mc_w.l(strcat.o)
    0x0800022e   0x0800022e   0x0000000e   Code   RO         4747    .text               mc_w.l(strlen.o)
    0x0800023c   0x0800023c   0x0000001a   Code   RO         4751    .text               mc_w.l(memcmp.o)
    0x08000256   0x08000256   0x000000b0   Code   RO         5016    .text               mf_w.l(fadd.o)
    0x08000306   0x08000306   0x00000064   Code   RO         5018    .text               mf_w.l(fmul.o)
    0x0800036a   0x0800036a   0x0000007c   Code   RO         5020    .text               mf_w.l(fdiv.o)
    0x080003e6   0x080003e6   0x0000014e   Code   RO         5022    .text               mf_w.l(dadd.o)
    0x08000534   0x08000534   0x000000e4   Code   RO         5024    .text               mf_w.l(dmul.o)
    0x08000618   0x08000618   0x000000de   Code   RO         5026    .text               mf_w.l(ddiv.o)
    0x080006f6   0x080006f6   0x00000012   Code   RO         5028    .text               mf_w.l(fflti.o)
    0x08000708   0x08000708   0x0000000a   Code   RO         5030    .text               mf_w.l(ffltui.o)
    0x08000712   0x08000712   0x00000022   Code   RO         5032    .text               mf_w.l(dflti.o)
    0x08000734   0x08000734   0x00000032   Code   RO         5034    .text               mf_w.l(ffixi.o)
    0x08000766   0x08000766   0x00000028   Code   RO         5036    .text               mf_w.l(ffixui.o)
    0x0800078e   0x0800078e   0x00000026   Code   RO         5040    .text               mf_w.l(f2d.o)
    0x080007b4   0x080007b4   0x00000030   Code   RO         5042    .text               mf_w.l(cdcmple.o)
    0x080007e4   0x080007e4   0x00000038   Code   RO         5044    .text               mf_w.l(d2f.o)
    0x0800081c   0x0800081c   0x00000014   Code   RO         5046    .text               mf_w.l(cfcmple.o)
    0x08000830   0x08000830   0x00000014   Code   RO         5048    .text               mf_w.l(cfrcmple.o)
    0x08000844   0x08000844   0x0000002c   Code   RO         5103    .text               mc_w.l(uidiv.o)
    0x08000870   0x08000870   0x00000062   Code   RO         5105    .text               mc_w.l(uldiv.o)
    0x080008d2   0x080008d2   0x0000001e   Code   RO         5107    .text               mc_w.l(llshl.o)
    0x080008f0   0x080008f0   0x00000020   Code   RO         5109    .text               mc_w.l(llushr.o)
    0x08000910   0x08000910   0x00000024   Code   RO         5111    .text               mc_w.l(llsshr.o)
    0x08000934   0x08000934   0x0000009c   Code   RO         5120    .text               mc_w.l(strtod.o)
    0x080009d0   0x080009d0   0x00000000   Code   RO         5122    .text               mc_w.l(iusefp.o)
    0x080009d0   0x080009d0   0x0000006e   Code   RO         5123    .text               mf_w.l(fepilogue.o)
    0x08000a3e   0x08000a3e   0x000000ba   Code   RO         5125    .text               mf_w.l(depilogue.o)
    0x08000af8   0x08000af8   0x0000002e   Code   RO         5127    .text               mf_w.l(dscalb.o)
    0x08000b26   0x08000b26   0x00000030   Code   RO         5129    .text               mf_w.l(dfixul.o)
    0x08000b56   0x08000b56   0x00000002   PAD
    0x08000b58   0x08000b58   0x00000030   Code   RO         5131    .text               mf_w.l(cdrcmple.o)
    0x08000b88   0x08000b88   0x00000024   Code   RO         5133    .text               mc_w.l(init.o)
    0x08000bac   0x08000bac   0x0000000a   Code   RO         5135    .text               mc_w.l(isspace_c.o)
    0x08000bb6   0x08000bb6   0x00000002   PAD
    0x08000bb8   0x08000bb8   0x00000360   Code   RO         5137    .text               mc_w.l(scanf_fp.o)
    0x08000f18   0x08000f18   0x00000040   Code   RO         5141    .text               mc_w.l(_sgetc.o)
    0x08000f58   0x08000f58   0x000000a2   Code   RO         5143    .text               mf_w.l(dsqrt.o)
    0x08000ffa   0x08000ffa   0x00000002   PAD
    0x08000ffc   0x08000ffc   0x00000028   Code   RO         5145    .text               mc_w.l(ctype_c.o)
    0x08001024   0x08001024   0x00000018   Code   RO         5148    .text               mf_w.l(dfltul.o)
    0x0800103c   0x0800103c   0x00000056   Code   RO         5158    .text               mc_w.l(__dczerorl2.o)
    0x08001092   0x08001092   0x00000016   Code   RO          426    i.ADC_Cmd           stm32f10x_adc.o
    0x080010a8   0x080010a8   0x0000005c   Code   RO          428    i.ADC_DeInit        stm32f10x_adc.o
    0x08001104   0x08001104   0x00000014   Code   RO          434    i.ADC_GetCalibrationStatus  stm32f10x_adc.o
    0x08001118   0x08001118   0x00000008   Code   RO          435    i.ADC_GetConversionValue  stm32f10x_adc.o
    0x08001120   0x08001120   0x00000012   Code   RO          437    i.ADC_GetFlagStatus  stm32f10x_adc.o
    0x08001132   0x08001132   0x00000014   Code   RO          440    i.ADC_GetResetCalibrationStatus  stm32f10x_adc.o
    0x08001146   0x08001146   0x00000002   PAD
    0x08001148   0x08001148   0x00000050   Code   RO          444    i.ADC_Init          stm32f10x_adc.o
    0x08001198   0x08001198   0x000000b8   Code   RO          448    i.ADC_RegularChannelConfig  stm32f10x_adc.o
    0x08001250   0x08001250   0x0000000a   Code   RO          449    i.ADC_ResetCalibration  stm32f10x_adc.o
    0x0800125a   0x0800125a   0x00000016   Code   RO          451    i.ADC_SoftwareStartConvCmd  stm32f10x_adc.o
    0x08001270   0x08001270   0x0000000a   Code   RO          453    i.ADC_StartCalibration  stm32f10x_adc.o
    0x0800127a   0x0800127a   0x00000002   PAD
    0x0800127c   0x0800127c   0x0000002c   Code   RO         2912    i.BalanceCar_Motor_Init  motor.o
    0x080012a8   0x080012a8   0x000000ac   Code   RO         2913    i.BalanceCar_PWM_Init  motor.o
    0x08001354   0x08001354   0x0000009c   Code   RO         3849    i.Balance_PD        pid_control.o
    0x080013f0   0x080013f0   0x00000040   Code   RO         3105    i.Battery_Get       bsp_battery.o
    0x08001430   0x08001430   0x0000008c   Code   RO         3107    i.Battery_init      bsp_battery.o
    0x080014bc   0x080014bc   0x00000004   Code   RO          269    i.BusFault_Handler  stm32f10x_it.o
    0x080014c0   0x080014c0   0x0000012c   Code   RO         3886    i.CalcUpData        app_bluetooth.o
    0x080015ec   0x080015ec   0x00000060   Code   RO         4504    i.Complementary_Filter_x  filter.o
    0x0800164c   0x0800164c   0x00000060   Code   RO         4505    i.Complementary_Filter_y  filter.o
    0x080016ac   0x080016ac   0x00000028   Code   RO         2698    i.DIY_NVIC_PriorityGroupConfig  bsp.o
    0x080016d4   0x080016d4   0x00000210   Code   RO         2930    i.DMP_Init          mpu6050.o
    0x080018e4   0x080018e4   0x00000002   Code   RO          270    i.DebugMon_Handler  stm32f10x_it.o
    0x080018e6   0x080018e6   0x00000026   Code   RO         3140    i.Delay_For_Pin     bsp_oled_i2c.o
    0x0800190c   0x0800190c   0x00000168   Code   RO         3747    i.EXTI15_10_IRQHandler  app_control.o
    0x08001a74   0x08001a74   0x00000094   Code   RO          840    i.EXTI_Init         stm32f10x_exti.o
    0x08001b08   0x08001b08   0x0000009c   Code   RO         2761    i.Encoder_Init_TIM3  encoder.o
    0x08001ba4   0x08001ba4   0x0000009c   Code   RO         2762    i.Encoder_Init_TIM4  encoder.o
    0x08001c40   0x08001c40   0x00000040   Code   RO         1065    i.GPIO_EXTILineConfig  stm32f10x_gpio.o
    0x08001c80   0x08001c80   0x00000116   Code   RO         1068    i.GPIO_Init         stm32f10x_gpio.o
    0x08001d96   0x08001d96   0x00000012   Code   RO         1072    i.GPIO_ReadInputDataBit  stm32f10x_gpio.o
    0x08001da8   0x08001da8   0x000003dc   Code   RO         3748    i.Get_Angle         app_control.o
    0x08002184   0x08002184   0x0000001c   Code   RO         3108    i.Get_Battery_Volotage  bsp_battery.o
    0x080021a0   0x080021a0   0x00000024   Code   RO         3109    i.Get_Measure_Volotage  bsp_battery.o
    0x080021c4   0x080021c4   0x0000010c   Code   RO         3806    i.Get_Velocity_Form_Encoder  app_motor.o
    0x080022d0   0x080022d0   0x00000004   Code   RO          271    i.HardFault_Handler  stm32f10x_it.o
    0x080022d4   0x080022d4   0x00000046   Code   RO         2801    i.I2C_ReadOneByte   ioi2c.o
    0x0800231a   0x0800231a   0x00000002   PAD
    0x0800231c   0x0800231c   0x0000004c   Code   RO         2802    i.IIC_Ack           ioi2c.o
    0x08002368   0x08002368   0x0000002c   Code   RO         2803    i.IIC_MPU6050_Init  ioi2c.o
    0x08002394   0x08002394   0x0000004c   Code   RO         2804    i.IIC_NAck          ioi2c.o
    0x080023e0   0x080023e0   0x00000070   Code   RO         2805    i.IIC_Read_Byte     ioi2c.o
    0x08002450   0x08002450   0x00000064   Code   RO         2806    i.IIC_Send_Byte     ioi2c.o
    0x080024b4   0x080024b4   0x00000068   Code   RO         2807    i.IIC_Start         ioi2c.o
    0x0800251c   0x0800251c   0x00000048   Code   RO         2808    i.IIC_Stop          ioi2c.o
    0x08002564   0x08002564   0x00000068   Code   RO         2809    i.IIC_Wait_Ack      ioi2c.o
    0x080025cc   0x080025cc   0x00000016   Code   RO         2810    i.IICreadByte       ioi2c.o
    0x080025e2   0x080025e2   0x00000040   Code   RO         2812    i.IICwriteBit       ioi2c.o
    0x08002622   0x08002622   0x0000006a   Code   RO         2813    i.IICwriteBits      ioi2c.o
    0x0800268c   0x0800268c   0x00000014   Code   RO         2814    i.IICwriteByte      ioi2c.o
    0x080026a0   0x080026a0   0x00000046   Code   RO         2815    i.IICwriteBytes     ioi2c.o
    0x080026e6   0x080026e6   0x00000002   PAD
    0x080026e8   0x080026e8   0x00000044   Code   RO         3887    i.Init_PID          app_bluetooth.o
    0x0800272c   0x0800272c   0x00000030   Code   RO         2699    i.JTAG_Set          bsp.o
    0x0800275c   0x0800275c   0x000002b8   Code   RO         4538    i.KF_X              kf.o
    0x08002a14   0x08002a14   0x000002b8   Code   RO         4539    i.KF_Y              kf.o
    0x08002ccc   0x08002ccc   0x00000028   Code   RO         3491    i.Key1_GPIO_Init    bsp_key.o
    0x08002cf4   0x08002cf4   0x00000050   Code   RO         3492    i.Key1_Long_Press   bsp_key.o
    0x08002d44   0x08002d44   0x0000004c   Code   RO         3493    i.Key1_State        bsp_key.o
    0x08002d90   0x08002d90   0x0000001c   Code   RO         3494    i.Key1_is_Press     bsp_key.o
    0x08002dac   0x08002dac   0x00000070   Code   RO         3093    i.MPU6050_EXTI_Init  intsever.o
    0x08002e1c   0x08002e1c   0x00000028   Code   RO         2932    i.MPU6050_initialize  mpu6050.o
    0x08002e44   0x08002e44   0x00000014   Code   RO         2934    i.MPU6050_setClockSource  mpu6050.o
    0x08002e58   0x08002e58   0x00000014   Code   RO         2935    i.MPU6050_setFullScaleAccelRange  mpu6050.o
    0x08002e6c   0x08002e6c   0x00000014   Code   RO         2936    i.MPU6050_setFullScaleGyroRange  mpu6050.o
    0x08002e80   0x08002e80   0x00000012   Code   RO         2937    i.MPU6050_setI2CBypassEnabled  mpu6050.o
    0x08002e92   0x08002e92   0x00000012   Code   RO         2938    i.MPU6050_setI2CMasterModeEnabled  mpu6050.o
    0x08002ea4   0x08002ea4   0x00000012   Code   RO         2939    i.MPU6050_setSleepEnabled  mpu6050.o
    0x08002eb6   0x08002eb6   0x00000004   Code   RO          272    i.MemManage_Handler  stm32f10x_it.o
    0x08002eba   0x08002eba   0x0000002a   Code   RO         3959    i.Mode_Next         app_mode.o
    0x08002ee4   0x08002ee4   0x0000002a   Code   RO         3960    i.Mode_Previous     app_mode.o
    0x08002f0e   0x08002f0e   0x00000016   Code   RO            1    i.Mode_RequiresPi   main.o
    0x08002f24   0x08002f24   0x00000060   Code   RO         3961    i.Mode_select       app_mode.o
    0x08002f84   0x08002f84   0x00000002   Code   RO          273    i.NMI_Handler       stm32f10x_it.o
    0x08002f86   0x08002f86   0x00000002   PAD
    0x08002f88   0x08002f88   0x00000070   Code   RO          384    i.NVIC_Init         misc.o
    0x08002ff8   0x08002ff8   0x0000000a   Code   RO         3266    i.OLED_Clear        bsp_oled.o
    0x08003002   0x08003002   0x00000032   Code   RO         3267    i.OLED_Draw_Line    bsp_oled.o
    0x08003034   0x08003034   0x0000003c   Code   RO         3268    i.OLED_Draw_String  bsp_oled.o
    0x08003070   0x08003070   0x0000002c   Code   RO         3141    i.OLED_I2C_Init     bsp_oled_i2c.o
    0x0800309c   0x0800309c   0x0000002c   Code   RO         3144    i.OLED_IIC_Init     bsp_oled_i2c.o
    0x080030c8   0x080030c8   0x00000064   Code   RO         3147    i.OLED_IIC_Send_Byte  bsp_oled_i2c.o
    0x0800312c   0x0800312c   0x00000068   Code   RO         3148    i.OLED_IIC_Start    bsp_oled_i2c.o
    0x08003194   0x08003194   0x00000050   Code   RO         3149    i.OLED_IIC_Stop     bsp_oled_i2c.o
    0x080031e4   0x080031e4   0x00000068   Code   RO         3150    i.OLED_IIC_Wait_Ack  bsp_oled_i2c.o
    0x0800324c   0x0800324c   0x00000144   Code   RO         3269    i.OLED_Init         bsp_oled.o
    0x08003390   0x08003390   0x00000008   Code   RO         3270    i.OLED_Refresh      bsp_oled.o
    0x08003398   0x08003398   0x00000060   Code   RO         3158    i.OLED_i2cWrite     bsp_oled_i2c.o
    0x080033f8   0x080033f8   0x000000bc   Code   RO         3606    i.PI_Comm_10ms_Task  bsp_pi_comm.o
    0x080034b4   0x080034b4   0x0000000e   Code   RO         3607    i.PI_Comm_BytesToInt16  bsp_pi_comm.o
    0x080034c2   0x080034c2   0x00000022   Code   RO         3608    i.PI_Comm_Checksum  bsp_pi_comm.o
    0x080034e4   0x080034e4   0x0000002c   Code   RO         3609    i.PI_Comm_ClampLinearMove  bsp_pi_comm.o
    0x08003510   0x08003510   0x0000002c   Code   RO         3610    i.PI_Comm_ClampTurnMove  bsp_pi_comm.o
    0x0800353c   0x0800353c   0x0000000c   Code   RO         3611    i.PI_Comm_GetHostStateFlags  bsp_pi_comm.o
    0x08003548   0x08003548   0x00000260   Code   RO         3612    i.PI_Comm_HandleFrame  bsp_pi_comm.o
    0x080037a8   0x080037a8   0x0000000c   Code   RO         3613    i.PI_Comm_HasHeartbeatTimeout  bsp_pi_comm.o
    0x080037b4   0x080037b4   0x00000010   Code   RO         3614    i.PI_Comm_Init      bsp_pi_comm.o
    0x080037c4   0x080037c4   0x00000010   Code   RO         3615    i.PI_Comm_InitModePeripheral  bsp_pi_comm.o
    0x080037d4   0x080037d4   0x0000001c   Code   RO         3616    i.PI_Comm_IsModeSupported  bsp_pi_comm.o
    0x080037f0   0x080037f0   0x00000010   Code   RO         3617    i.PI_Comm_IsSystemReady  bsp_pi_comm.o
    0x08003800   0x08003800   0x00000124   Code   RO         3618    i.PI_Comm_OnByteReceived  bsp_pi_comm.o
    0x08003924   0x08003924   0x0000000e   Code   RO         3619    i.PI_Comm_PutInt16  bsp_pi_comm.o
    0x08003932   0x08003932   0x00000002   PAD
    0x08003934   0x08003934   0x00000020   Code   RO         3620    i.PI_Comm_RefreshWatchdog  bsp_pi_comm.o
    0x08003954   0x08003954   0x0000002c   Code   RO         3621    i.PI_Comm_ResetParser  bsp_pi_comm.o
    0x08003980   0x08003980   0x0000001c   Code   RO         3622    i.PI_Comm_SendAck   bsp_pi_comm.o
    0x0800399c   0x0800399c   0x0000001a   Code   RO         3623    i.PI_Comm_SendArray  bsp_pi_comm.o
    0x080039b6   0x080039b6   0x00000002   PAD
    0x080039b8   0x080039b8   0x00000020   Code   RO         3624    i.PI_Comm_SendByte  bsp_pi_comm.o
    0x080039d8   0x080039d8   0x00000014   Code   RO         3625    i.PI_Comm_SendEvent  bsp_pi_comm.o
    0x080039ec   0x080039ec   0x0000000c   Code   RO         3626    i.PI_Comm_SendEventCode  bsp_pi_comm.o
    0x080039f8   0x080039f8   0x00000062   Code   RO         3627    i.PI_Comm_SendFrame  bsp_pi_comm.o
    0x08003a5a   0x08003a5a   0x00000022   Code   RO         3628    i.PI_Comm_SendNack  bsp_pi_comm.o
    0x08003a7c   0x08003a7c   0x000000c8   Code   RO         3629    i.PI_Comm_SendStatus  bsp_pi_comm.o
    0x08003b44   0x08003b44   0x00000038   Code   RO         3630    i.PI_Comm_SendVisionStatus  bsp_pi_comm.o
    0x08003b7c   0x08003b7c   0x0000001a   Code   RO         3807    i.PWM_Ignore        app_motor.o
    0x08003b96   0x08003b96   0x00000012   Code   RO         3808    i.PWM_Limit         app_motor.o
    0x08003ba8   0x08003ba8   0x00000002   Code   RO          274    i.PendSV_Handler    stm32f10x_it.o
    0x08003baa   0x08003baa   0x00000002   PAD
    0x08003bac   0x08003bac   0x00000100   Code   RO         3749    i.Pick_Up           app_control.o
    0x08003cac   0x08003cac   0x000003b4   Code   RO         3888    i.Protocol          app_bluetooth.o
    0x08004060   0x08004060   0x00000028   Code   RO         3889    i.ProtocolCpyData   app_bluetooth.o
    0x08004088   0x08004088   0x00000204   Code   RO         3890    i.ProtocolGetPID    app_bluetooth.o
    0x0800428c   0x0800428c   0x0000009c   Code   RO         3750    i.Put_Down          app_control.o
    0x08004328   0x08004328   0x00000018   Code   RO         1440    i.RCC_ADCCLKConfig  stm32f10x_rcc.o
    0x08004340   0x08004340   0x00000020   Code   RO         1442    i.RCC_APB1PeriphClockCmd  stm32f10x_rcc.o
    0x08004360   0x08004360   0x00000020   Code   RO         1443    i.RCC_APB1PeriphResetCmd  stm32f10x_rcc.o
    0x08004380   0x08004380   0x00000020   Code   RO         1444    i.RCC_APB2PeriphClockCmd  stm32f10x_rcc.o
    0x080043a0   0x080043a0   0x00000020   Code   RO         1445    i.RCC_APB2PeriphResetCmd  stm32f10x_rcc.o
    0x080043c0   0x080043c0   0x000000d4   Code   RO         1452    i.RCC_GetClocksFreq  stm32f10x_rcc.o
    0x08004494   0x08004494   0x0000025c   Code   RO         2941    i.Read_DMP          mpu6050.o
    0x080046f0   0x080046f0   0x00000038   Code   RO         2763    i.Read_Encoder      encoder.o
    0x08004728   0x08004728   0x00000080   Code   RO         2942    i.Read_Temperature  mpu6050.o
    0x080047a8   0x080047a8   0x000000a4   Code   RO         3891    i.ResetPID          app_bluetooth.o
    0x0800484c   0x0800484c   0x00000048   Code   RO            2    i.Restore_Normal_Mode_Safe  main.o
    0x08004894   0x08004894   0x000000a0   Code   RO         3273    i.SSD1306_DrawPixel  bsp_oled.o
    0x08004934   0x08004934   0x00000020   Code   RO         3275    i.SSD1306_Fill      bsp_oled.o
    0x08004954   0x08004954   0x0000000c   Code   RO         3276    i.SSD1306_GotoXY    bsp_oled.o
    0x08004960   0x08004960   0x000000a8   Code   RO         3279    i.SSD1306_Putc      bsp_oled.o
    0x08004a08   0x08004a08   0x0000002a   Code   RO         3280    i.SSD1306_Puts      bsp_oled.o
    0x08004a32   0x08004a32   0x00000002   PAD
    0x08004a34   0x08004a34   0x00000048   Code   RO         3282    i.SSD1306_UpdateScreen  bsp_oled.o
    0x08004a7c   0x08004a7c   0x00000002   Code   RO          275    i.SVC_Handler       stm32f10x_it.o
    0x08004a7e   0x08004a7e   0x00000002   PAD
    0x08004a80   0x08004a80   0x00000040   Code   RO         3892    i.SendAutoUp        app_bluetooth.o
    0x08004ac0   0x08004ac0   0x00000008   Code   RO          332    i.SetSysClock       system_stm32f10x.o
    0x08004ac8   0x08004ac8   0x000000e0   Code   RO          333    i.SetSysClockTo72   system_stm32f10x.o
    0x08004ba8   0x08004ba8   0x00000044   Code   RO         3962    i.Set_Mid_Angle     app_mode.o
    0x08004bec   0x08004bec   0x000000ec   Code   RO         3963    i.Set_PID           app_mode.o
    0x08004cd8   0x08004cd8   0x0000007c   Code   RO         3809    i.Set_Pwm           app_motor.o
    0x08004d54   0x08004d54   0x00000030   Code   RO         3964    i.Set_angle         app_mode.o
    0x08004d84   0x08004d84   0x0000003c   Code   RO         3965    i.Set_control_speed  app_mode.o
    0x08004dc0   0x08004dc0   0x0000010c   Code   RO            3    i.Show_Fault_Recovery_State  main.o
    0x08004ecc   0x08004ecc   0x000000ec   Code   RO            4    i.Show_Pi_Init_State  main.o
    0x08004fb8   0x08004fb8   0x00000064   Code   RO            5    i.Show_Shutdown_State  main.o
    0x0800501c   0x0800501c   0x00000044   Code   RO            6    i.Show_Wait_Start_State  main.o
    0x08005060   0x08005060   0x0000004a   Code   RO         3893    i.StringFind        app_bluetooth.o
    0x080050aa   0x080050aa   0x00000028   Code   RO          388    i.SysTick_CLKSourceConfig  misc.o
    0x080050d2   0x080050d2   0x00000002   Code   RO          276    i.SysTick_Handler   stm32f10x_it.o
    0x080050d4   0x080050d4   0x00000060   Code   RO          335    i.SystemInit        system_stm32f10x.o
    0x08005134   0x08005134   0x00000080   Code   RO         1970    i.TI1_Config        stm32f10x_tim.o
    0x080051b4   0x080051b4   0x00000098   Code   RO         1971    i.TI2_Config        stm32f10x_tim.o
    0x0800524c   0x0800524c   0x00000090   Code   RO         1972    i.TI3_Config        stm32f10x_tim.o
    0x080052dc   0x080052dc   0x00000098   Code   RO         1973    i.TI4_Config        stm32f10x_tim.o
    0x08005374   0x08005374   0x00000018   Code   RO         2764    i.TIM3_IRQHandler   encoder.o
    0x0800538c   0x0800538c   0x00000018   Code   RO         2765    i.TIM4_IRQHandler   encoder.o
    0x080053a4   0x080053a4   0x000000d4   Code   RO         3441    i.TIM6_IRQHandler   bsp_timer.o
    0x08005478   0x08005478   0x00000060   Code   RO         3442    i.TIM6_Init         bsp_timer.o
    0x080054d8   0x080054d8   0x00000018   Code   RO         1974    i.TIM_ARRPreloadConfig  stm32f10x_tim.o
    0x080054f0   0x080054f0   0x00000006   Code   RO         1980    i.TIM_ClearFlag     stm32f10x_tim.o
    0x080054f6   0x080054f6   0x00000006   Code   RO         1981    i.TIM_ClearITPendingBit  stm32f10x_tim.o
    0x080054fc   0x080054fc   0x00000018   Code   RO         1986    i.TIM_Cmd           stm32f10x_tim.o
    0x08005514   0x08005514   0x0000001e   Code   RO         1988    i.TIM_CtrlPWMOutputs  stm32f10x_tim.o
    0x08005532   0x08005532   0x00000002   PAD
    0x08005534   0x08005534   0x000001e8   Code   RO         1991    i.TIM_DeInit        stm32f10x_tim.o
    0x0800571c   0x0800571c   0x00000042   Code   RO         1995    i.TIM_EncoderInterfaceConfig  stm32f10x_tim.o
    0x0800575e   0x0800575e   0x00000022   Code   RO         2007    i.TIM_GetITStatus   stm32f10x_tim.o
    0x08005780   0x08005780   0x000000ac   Code   RO         2009    i.TIM_ICInit        stm32f10x_tim.o
    0x0800582c   0x0800582c   0x00000012   Code   RO         2010    i.TIM_ICStructInit  stm32f10x_tim.o
    0x0800583e   0x0800583e   0x00000012   Code   RO         2011    i.TIM_ITConfig      stm32f10x_tim.o
    0x08005850   0x08005850   0x00000098   Code   RO         2015    i.TIM_OC1Init       stm32f10x_tim.o
    0x080058e8   0x080058e8   0x00000012   Code   RO         2018    i.TIM_OC1PreloadConfig  stm32f10x_tim.o
    0x080058fa   0x080058fa   0x00000002   PAD
    0x080058fc   0x080058fc   0x000000a4   Code   RO         2020    i.TIM_OC2Init       stm32f10x_tim.o
    0x080059a0   0x080059a0   0x0000001a   Code   RO         2023    i.TIM_OC2PreloadConfig  stm32f10x_tim.o
    0x080059ba   0x080059ba   0x00000002   PAD
    0x080059bc   0x080059bc   0x000000a0   Code   RO         2025    i.TIM_OC3Init       stm32f10x_tim.o
    0x08005a5c   0x08005a5c   0x00000012   Code   RO         2028    i.TIM_OC3PreloadConfig  stm32f10x_tim.o
    0x08005a6e   0x08005a6e   0x00000002   PAD
    0x08005a70   0x08005a70   0x0000007c   Code   RO         2030    i.TIM_OC4Init       stm32f10x_tim.o
    0x08005aec   0x08005aec   0x0000001a   Code   RO         2032    i.TIM_OC4PreloadConfig  stm32f10x_tim.o
    0x08005b06   0x08005b06   0x00000004   Code   RO         2051    i.TIM_SetCounter    stm32f10x_tim.o
    0x08005b0a   0x08005b0a   0x00000012   Code   RO         2052    i.TIM_SetIC1Prescaler  stm32f10x_tim.o
    0x08005b1c   0x08005b1c   0x0000001a   Code   RO         2053    i.TIM_SetIC2Prescaler  stm32f10x_tim.o
    0x08005b36   0x08005b36   0x00000012   Code   RO         2054    i.TIM_SetIC3Prescaler  stm32f10x_tim.o
    0x08005b48   0x08005b48   0x0000001a   Code   RO         2055    i.TIM_SetIC4Prescaler  stm32f10x_tim.o
    0x08005b62   0x08005b62   0x00000002   PAD
    0x08005b64   0x08005b64   0x000000a4   Code   RO         2057    i.TIM_TimeBaseInit  stm32f10x_tim.o
    0x08005c08   0x08005c08   0x00000012   Code   RO         2058    i.TIM_TimeBaseStructInit  stm32f10x_tim.o
    0x08005c1a   0x08005c1a   0x00000002   PAD
    0x08005c1c   0x08005c1c   0x00000078   Code   RO         3810    i.Turn_Off          app_motor.o
    0x08005c94   0x08005c94   0x00000108   Code   RO         3850    i.Turn_PD           pid_control.o
    0x08005d9c   0x08005d9c   0x00000024   Code   RO         3528    i.UART5_IRQHandler  bsp_bluetooth.o
    0x08005dc0   0x08005dc0   0x00000018   Code   RO         3530    i.UART5_Send_Char   bsp_bluetooth.o
    0x08005dd8   0x08005dd8   0x00000024   Code   RO         3041    i.USART1_IRQHandler  usart.o
    0x08005dfc   0x08005dfc   0x00000020   Code   RO         3043    i.USART1_Send_U8    usart.o
    0x08005e1c   0x08005e1c   0x0000002c   Code   RO         3573    i.USART2_IRQHandler  bsp_usart2.o
    0x08005e48   0x08005e48   0x000000a0   Code   RO         3576    i.USART2_init       bsp_usart2.o
    0x08005ee8   0x08005ee8   0x00000020   Code   RO         3532    i.USART5_Send_Byte  bsp_bluetooth.o
    0x08005f08   0x08005f08   0x0000001e   Code   RO         2519    i.USART_ClearITPendingBit  stm32f10x_usart.o
    0x08005f26   0x08005f26   0x00000018   Code   RO         2522    i.USART_Cmd         stm32f10x_usart.o
    0x08005f3e   0x08005f3e   0x0000001a   Code   RO         2525    i.USART_GetFlagStatus  stm32f10x_usart.o
    0x08005f58   0x08005f58   0x00000054   Code   RO         2526    i.USART_GetITStatus  stm32f10x_usart.o
    0x08005fac   0x08005fac   0x0000004a   Code   RO         2528    i.USART_ITConfig    stm32f10x_usart.o
    0x08005ff6   0x08005ff6   0x00000002   PAD
    0x08005ff8   0x08005ff8   0x000000d8   Code   RO         2529    i.USART_Init        stm32f10x_usart.o
    0x080060d0   0x080060d0   0x0000000a   Code   RO         2536    i.USART_ReceiveData  stm32f10x_usart.o
    0x080060da   0x080060da   0x00000008   Code   RO         2539    i.USART_SendData    stm32f10x_usart.o
    0x080060e2   0x080060e2   0x00000004   Code   RO          277    i.UsageFault_Handler  stm32f10x_it.o
    0x080060e6   0x080060e6   0x00000002   PAD
    0x080060e8   0x080060e8   0x000001a4   Code   RO         3851    i.Velocity_PI       pid_control.o
    0x0800628c   0x0800628c   0x00000020   Code   RO         4988    i.__0printf         mc_w.l(printfa.o)
    0x080062ac   0x080062ac   0x00000028   Code   RO         4990    i.__0sprintf        mc_w.l(printfa.o)
    0x080062d4   0x080062d4   0x00000028   Code   RO         5074    i.__ARM_fpclassify  m_ws.l(fpclassify.o)
    0x080062fc   0x080062fc   0x000000aa   Code   RO         5076    i.__kernel_poly     m_ws.l(poly.o)
    0x080063a6   0x080063a6   0x00000006   Code   RO         5061    i.__mathlib_dbl_infnan  m_ws.l(dunder.o)
    0x080063ac   0x080063ac   0x00000004   Code   RO         5062    i.__mathlib_dbl_infnan2  m_ws.l(dunder.o)
    0x080063b0   0x080063b0   0x0000000c   Code   RO         5063    i.__mathlib_dbl_invalid  m_ws.l(dunder.o)
    0x080063bc   0x080063bc   0x00000010   Code   RO         5066    i.__mathlib_dbl_underflow  m_ws.l(dunder.o)
    0x080063cc   0x080063cc   0x0000000c   Code   RO         5114    i.__read_errno      mc_w.l(errno.o)
    0x080063d8   0x080063d8   0x0000000e   Code   RO         5152    i.__scatterload_copy  mc_w.l(handlers.o)
    0x080063e6   0x080063e6   0x00000002   Code   RO         5153    i.__scatterload_null  mc_w.l(handlers.o)
    0x080063e8   0x080063e8   0x0000000e   Code   RO         5154    i.__scatterload_zeroinit  mc_w.l(handlers.o)
    0x080063f6   0x080063f6   0x00000002   PAD
    0x080063f8   0x080063f8   0x0000000c   Code   RO         5115    i.__set_errno       mc_w.l(errno.o)
    0x08006404   0x08006404   0x00000184   Code   RO         4995    i._fp_digits        mc_w.l(printfa.o)
    0x08006588   0x08006588   0x0000000e   Code   RO         5139    i._is_digit         mc_w.l(scanf_fp.o)
    0x08006596   0x08006596   0x00000002   PAD
    0x08006598   0x08006598   0x000006b4   Code   RO         4996    i._printf_core      mc_w.l(printfa.o)
    0x08006c4c   0x08006c4c   0x00000024   Code   RO         4997    i._printf_post_padding  mc_w.l(printfa.o)
    0x08006c70   0x08006c70   0x0000002e   Code   RO         4998    i._printf_pre_padding  mc_w.l(printfa.o)
    0x08006c9e   0x08006c9e   0x0000000a   Code   RO         5000    i._sputc            mc_w.l(printfa.o)
    0x08006ca8   0x08006ca8   0x000000a8   Code   RO         4039    i.accel_self_test   inv_mpu.o
    0x08006d50   0x08006d50   0x00000270   Code   RO         4715    i.asin              m_ws.l(asin.o)
    0x08006fc0   0x08006fc0   0x00000220   Code   RO         5051    i.atan              m_ws.l(atan.o)
    0x080071e0   0x080071e0   0x0000019c   Code   RO         4725    i.atan2             m_ws.l(atan2.o)
    0x0800737c   0x0800737c   0x0000002a   Code   RO         4733    i.atof              m_ws.l(atof.o)
    0x080073a6   0x080073a6   0x00000002   PAD
    0x080073a8   0x080073a8   0x000000ac   Code   RO         3533    i.bluetooth_init    bsp_bluetooth.o
    0x08007454   0x08007454   0x0000006c   Code   RO         2700    i.bsp_init          bsp.o
    0x080074c0   0x080074c0   0x0000001c   Code   RO         2701    i.bsp_mode_init     bsp.o
    0x080074dc   0x080074dc   0x00000054   Code   RO         3966    i.car_mode          app_mode.o
    0x08007530   0x08007530   0x000000ac   Code   RO         3443    i.cotrol_led        bsp_timer.o
    0x080075dc   0x080075dc   0x00000074   Code   RO         3894    i.deal_bluetooth    app_bluetooth.o
    0x08007650   0x08007650   0x00000064   Code   RO         4328    i.decode_gesture    inv_mpu_dmp_motion_driver.o
    0x080076b4   0x080076b4   0x0000004c   Code   RO         2735    i.delay_init        delay.o
    0x08007700   0x08007700   0x0000003c   Code   RO         2736    i.delay_ms          delay.o
    0x0800773c   0x0800773c   0x0000003c   Code   RO         2737    i.delay_us          delay.o
    0x08007778   0x08007778   0x0000003c   Code   RO         4329    i.dmp_enable_6x_lp_quat  inv_mpu_dmp_motion_driver.o
    0x080077b4   0x080077b4   0x0000021c   Code   RO         4330    i.dmp_enable_feature  inv_mpu_dmp_motion_driver.o
    0x080079d0   0x080079d0   0x00000058   Code   RO         4331    i.dmp_enable_gyro_cal  inv_mpu_dmp_motion_driver.o
    0x08007a28   0x08007a28   0x0000003c   Code   RO         4332    i.dmp_enable_lp_quat  inv_mpu_dmp_motion_driver.o
    0x08007a64   0x08007a64   0x00000018   Code   RO         4337    i.dmp_load_motion_driver_firmware  inv_mpu_dmp_motion_driver.o
    0x08007a7c   0x08007a7c   0x000001cc   Code   RO         4338    i.dmp_read_fifo     inv_mpu_dmp_motion_driver.o
    0x08007c48   0x08007c48   0x00000130   Code   RO         4341    i.dmp_set_accel_bias  inv_mpu_dmp_motion_driver.o
    0x08007d78   0x08007d78   0x00000070   Code   RO         4342    i.dmp_set_fifo_rate  inv_mpu_dmp_motion_driver.o
    0x08007de8   0x08007de8   0x00000130   Code   RO         4343    i.dmp_set_gyro_bias  inv_mpu_dmp_motion_driver.o
    0x08007f18   0x08007f18   0x00000138   Code   RO         4345    i.dmp_set_orientation  inv_mpu_dmp_motion_driver.o
    0x08008050   0x08008050   0x00000038   Code   RO         4348    i.dmp_set_shake_reject_thresh  inv_mpu_dmp_motion_driver.o
    0x08008088   0x08008088   0x00000026   Code   RO         4349    i.dmp_set_shake_reject_time  inv_mpu_dmp_motion_driver.o
    0x080080ae   0x080080ae   0x00000026   Code   RO         4350    i.dmp_set_shake_reject_timeout  inv_mpu_dmp_motion_driver.o
    0x080080d4   0x080080d4   0x00000046   Code   RO         4351    i.dmp_set_tap_axes  inv_mpu_dmp_motion_driver.o
    0x0800811a   0x0800811a   0x00000026   Code   RO         4352    i.dmp_set_tap_count  inv_mpu_dmp_motion_driver.o
    0x08008140   0x08008140   0x000001a0   Code   RO         4353    i.dmp_set_tap_thresh  inv_mpu_dmp_motion_driver.o
    0x080082e0   0x080082e0   0x00000026   Code   RO         4354    i.dmp_set_tap_time  inv_mpu_dmp_motion_driver.o
    0x08008306   0x08008306   0x00000026   Code   RO         4355    i.dmp_set_tap_time_multi  inv_mpu_dmp_motion_driver.o
    0x0800832c   0x0800832c   0x0000001c   Code   RO         3045    i.fputc             usart.o
    0x08008348   0x08008348   0x000000b4   Code   RO         4040    i.get_accel_prod_shift  inv_mpu.o
    0x080083fc   0x080083fc   0x0000046c   Code   RO         4041    i.get_st_biases     inv_mpu.o
    0x08008868   0x08008868   0x00000110   Code   RO         4042    i.gyro_self_test    inv_mpu.o
    0x08008978   0x08008978   0x00000076   Code   RO         2816    i.i2cRead           ioi2c.o
    0x080089ee   0x080089ee   0x00000060   Code   RO         2817    i.i2cWrite          ioi2c.o
    0x08008a4e   0x08008a4e   0x00000002   PAD
    0x08008a50   0x08008a50   0x00000038   Code   RO         3408    i.init_beep         bsp_beep.o
    0x08008a88   0x08008a88   0x00000034   Code   RO         3429    i.init_led_gpio     bsp_led.o
    0x08008abc   0x08008abc   0x00000028   Code   RO         2943    i.inv_orientation_matrix_to_scalar  mpu6050.o
    0x08008ae4   0x08008ae4   0x0000004e   Code   RO         2944    i.inv_row_2_scale   mpu6050.o
    0x08008b32   0x08008b32   0x00000002   PAD
    0x08008b34   0x08008b34   0x000002a0   Code   RO            7    i.main              main.o
    0x08008dd4   0x08008dd4   0x00000070   Code   RO         4043    i.mpu_configure_fifo  inv_mpu.o
    0x08008e44   0x08008e44   0x0000004c   Code   RO         4044    i.mpu_get_accel_fsr  inv_mpu.o
    0x08008e90   0x08008e90   0x00000054   Code   RO         4046    i.mpu_get_accel_sens  inv_mpu.o
    0x08008ee4   0x08008ee4   0x00000010   Code   RO         4051    i.mpu_get_fifo_config  inv_mpu.o
    0x08008ef4   0x08008ef4   0x00000044   Code   RO         4052    i.mpu_get_gyro_fsr  inv_mpu.o
    0x08008f38   0x08008f38   0x00000050   Code   RO         4054    i.mpu_get_gyro_sens  inv_mpu.o
    0x08008f88   0x08008f88   0x00000050   Code   RO         4056    i.mpu_get_lpf       inv_mpu.o
    0x08008fd8   0x08008fd8   0x00000020   Code   RO         4058    i.mpu_get_sample_rate  inv_mpu.o
    0x08008ff8   0x08008ff8   0x000001f0   Code   RO         4060    i.mpu_init          inv_mpu.o
    0x080091e8   0x080091e8   0x000000b8   Code   RO         4061    i.mpu_load_firmware  inv_mpu.o
    0x080092a0   0x080092a0   0x000000e0   Code   RO         4062    i.mpu_lp_accel_mode  inv_mpu.o
    0x08009380   0x08009380   0x000000c0   Code   RO         4065    i.mpu_read_fifo_stream  inv_mpu.o
    0x08009440   0x08009440   0x00000080   Code   RO         4066    i.mpu_read_mem      inv_mpu.o
    0x080094c0   0x080094c0   0x000001bc   Code   RO         4069    i.mpu_reset_fifo    inv_mpu.o
    0x0800967c   0x0800967c   0x0000011c   Code   RO         4070    i.mpu_run_self_test  inv_mpu.o
    0x08009798   0x08009798   0x00000084   Code   RO         4072    i.mpu_set_accel_fsr  inv_mpu.o
    0x0800981c   0x0800981c   0x0000014c   Code   RO         4073    i.mpu_set_bypass    inv_mpu.o
    0x08009968   0x08009968   0x00000090   Code   RO         4075    i.mpu_set_dmp_state  inv_mpu.o
    0x080099f8   0x080099f8   0x00000088   Code   RO         4076    i.mpu_set_gyro_fsr  inv_mpu.o
    0x08009a80   0x08009a80   0x0000006c   Code   RO         4077    i.mpu_set_int_latched  inv_mpu.o
    0x08009aec   0x08009aec   0x00000084   Code   RO         4079    i.mpu_set_lpf       inv_mpu.o
    0x08009b70   0x08009b70   0x0000009c   Code   RO         4080    i.mpu_set_sample_rate  inv_mpu.o
    0x08009c0c   0x08009c0c   0x000000d0   Code   RO         4081    i.mpu_set_sensors   inv_mpu.o
    0x08009cdc   0x08009cdc   0x00000080   Code   RO         4082    i.mpu_write_mem     inv_mpu.o
    0x08009d5c   0x08009d5c   0x000000b4   Code   RO         4540    i.mul               kf.o
    0x08009e10   0x08009e10   0x0000000e   Code   RO         3852    i.myabs             pid_control.o
    0x08009e1e   0x08009e1e   0x00000002   Code   RO         4083    i.myget_ms          inv_mpu.o
    0x08009e20   0x08009e20   0x00000054   Code   RO         3446    i.power_decect      bsp_timer.o
    0x08009e74   0x08009e74   0x00000090   Code   RO         2945    i.run_self_test     mpu6050.o
    0x08009f04   0x08009f04   0x00000090   Code   RO         4084    i.set_int_enable    inv_mpu.o
    0x08009f94   0x08009f94   0x000000d4   Code   RO         4026    i.show_mode_oled    oled_show.o
    0x0800a068   0x0800a068   0x0000004c   Code   RO         5080    i.sqrt              m_ws.l(sqrt.o)
    0x0800a0b4   0x0800a0b4   0x00000014   Code   RO         3283    i.ssd1306_I2C_Write  bsp_oled.o
    0x0800a0c8   0x0800a0c8   0x0000001c   Code   RO         3284    i.ssd1306_I2C_WriteMulti  bsp_oled.o
    0x0800a0e4   0x0800a0e4   0x000000a0   Code   RO         3046    i.uart_init         usart.o
    0x0800a184   0x0800a184   0x00002814   Data   RO         3392    .constdata          oled_fonts.o
    0x0800c998   0x0800c998   0x00000050   Data   RO         4085    .constdata          inv_mpu.o
    0x0800c9e8   0x0800c9e8   0x00000bf6   Data   RO         4357    .constdata          inv_mpu_dmp_motion_driver.o
    0x0800d5de   0x0800d5de   0x00000002   PAD
    0x0800d5e0   0x0800d5e0   0x000000b8   Data   RO         4542    .constdata          kf.o
    0x0800d698   0x0800d698   0x00000050   Data   RO         4716    .constdata          m_ws.l(asin.o)
    0x0800d6e8   0x0800d6e8   0x00000098   Data   RO         5052    .constdata          m_ws.l(atan.o)
    0x0800d780   0x0800d780   0x00000008   Data   RO         5078    .constdata          m_ws.l(qnan.o)
    0x0800d788   0x0800d788   0x00000040   Data   RO         5146    .constdata          mc_w.l(ctype_c.o)
    0x0800d7c8   0x0800d7c8   0x0000004e   Data   RO         4086    .conststring        inv_mpu.o
    0x0800d816   0x0800d816   0x00000002   PAD
    0x0800d818   0x0800d818   0x00000020   Data   RO         5150    Region$$Table       anon$$obj.o


    Execution Region RW_IRAM1 (Exec base: 0x20000000, Load base: 0x0800d838, Size: 0x00000ad8, Max: 0x00020000, ABSOLUTE, COMPRESSED[0x0000008c])

    Exec Addr    Load Addr    Size         Type   Attr      Idx    E Section Name        Object

    0x20000000   COMPRESSED   0x0000002e   Data   RW            9    .data               main.o
    0x2000002e   COMPRESSED   0x00000002   PAD
    0x20000030   COMPRESSED   0x00000014   Data   RW          336    .data               system_stm32f10x.o
    0x20000044   COMPRESSED   0x00000014   Data   RW         1472    .data               stm32f10x_rcc.o
    0x20000058   COMPRESSED   0x00000004   Data   RW         2738    .data               delay.o
    0x2000005c   COMPRESSED   0x0000003c   Data   RW         2947    .data               mpu6050.o
    0x20000098   COMPRESSED   0x00000004   Data   RW         3047    .data               usart.o
    0x2000009c   COMPRESSED   0x00000006   Data   RW         3286    .data               bsp_oled.o
    0x200000a2   COMPRESSED   0x00000002   PAD
    0x200000a4   COMPRESSED   0x00000018   Data   RW         3393    .data               oled_fonts.o
    0x200000bc   COMPRESSED   0x00000011   Data   RW         3447    .data               bsp_timer.o
    0x200000cd   COMPRESSED   0x00000001   PAD
    0x200000ce   COMPRESSED   0x00000004   Data   RW         3495    .data               bsp_key.o
    0x200000d2   COMPRESSED   0x0000000d   Data   RW         3632    .data               bsp_pi_comm.o
    0x200000df   COMPRESSED   0x00000001   PAD
    0x200000e0   COMPRESSED   0x00000012   Data   RW         3754    .data               app_control.o
    0x200000f2   COMPRESSED   0x00000002   PAD
    0x200000f4   COMPRESSED   0x00000008   Data   RW         3811    .data               app_motor.o
    0x200000fc   COMPRESSED   0x0000004c   Data   RW         3853    .data               pid_control.o
    0x20000148   COMPRESSED   0x00000054   Data   RW         3896    .data               app_bluetooth.o
    0x2000019c   COMPRESSED   0x00000004   Data   RW         3967    .data               app_mode.o
    0x200001a0   COMPRESSED   0x00000001   Data   RW         4027    .data               oled_show.o
    0x200001a1   COMPRESSED   0x00000003   PAD
    0x200001a4   COMPRESSED   0x0000002c   Data   RW         4087    .data               inv_mpu.o
    0x200001d0   COMPRESSED   0x0000007c   Data   RW         4509    .data               filter.o
    0x2000024c   COMPRESSED   0x00000050   Data   RW         4543    .data               kf.o
    0x2000029c   COMPRESSED   0x00000004   Data   RW         5116    .data               mc_w.l(errno.o)
    0x200002a0        -       0x00000014   Zero   RW            8    .bss                main.o
    0x200002b4        -       0x00000200   Zero   RW         3285    .bss                bsp_oled.o
    0x200004b4        -       0x00000020   Zero   RW         3631    .bss                bsp_pi_comm.o
    0x200004d4        -       0x000001d0   Zero   RW         3895    .bss                app_bluetooth.o
    0x200006a4        -       0x00000010   Zero   RW         4356    .bss                inv_mpu_dmp_motion_driver.o
    0x200006b4        -       0x00000020   Zero   RW         4541    .bss                kf.o
    0x200006d4   COMPRESSED   0x00000004   PAD
    0x200006d8        -       0x00000400   Zero   RW          377    STACK               startup_stm32f10x_hd.o


==============================================================================

Image component sizes


      Code (inc. data)   RO Data    RW Data    ZI Data      Debug   Object Name

      2290        412          0         84        464       7607   app_bluetooth.o
      1760        190          0         18          0       3914   app_control.o
       676        186          0          4          0       3888   app_mode.o
       556         68          0          8          0       3101   app_motor.o
       224         24          0          0          0       3561   bsp.o
       268         26          0          0          0       2085   bsp_battery.o
        56         10          0          0          0        452   bsp_beep.o
       264         22          0          0          0       2165   bsp_bluetooth.o
       224         26          0          4          0       2176   bsp_key.o
        52          8          0          0          0        464   bsp_led.o
       986         38          0          6        512       8514   bsp_oled.o
       610         76          0          0          0       5192   bsp_oled_i2c.o
      1920        228          0         13         32      15206   bsp_pi_comm.o
       564         98          0         17          0       2467   bsp_timer.o
       204         12          0          0          0       1158   bsp_usart2.o
         0          0          0          0          0         32   core_cm3.o
       196         24          0          4          0       1559   delay.o
       416         38          0          0          0       2615   encoder.o
       192         28          0        124          0       3091   filter.o
       112          4          0          0          0        584   intsever.o
      5874        278        158         44          0      25426   inv_mpu.o
      3096        122       3062          0         16      19474   inv_mpu_dmp_motion_driver.o
      1254         92          0          0          0       9847   ioi2c.o
      1572         86        184         80         32       3792   kf.o
      1438        600          0         46         20     269775   main.o
       152         12          0          0          0       1358   misc.o
       216         10          0          0          0       1162   motor.o
      1676        396          0         60          0      23247   mpu6050.o
         0          0      10260         24          0       1063   oled_fonts.o
       212        100          0          1          0        513   oled_show.o
       854        164          0         76          0       3192   pid_control.o
        36          8        304          0       1024        760   startup_stm32f10x_hd.o
       486         24          0          0          0       7894   stm32f10x_adc.o
       148          6          0          0          0        848   stm32f10x_exti.o
       360          4          0          0          0       2966   stm32f10x_gpio.o
        26          0          0          0          0       3362   stm32f10x_it.o
       364         50          0         20          0       5663   stm32f10x_rcc.o
      2424        264          0          0          0      17794   stm32f10x_tim.o
       472          6          0          0          0       6271   stm32f10x_usart.o
       328         28          0         20          0       1981   system_stm32f10x.o
       256         20          0          4          0       3743   usart.o

    ----------------------------------------------------------------------
     32854       3788      14004        668       2104     479962   Object Totals
         0          0         32          0          0          0   (incl. Generated)
        40          0          4         11          4          0   (incl. Padding)

    ----------------------------------------------------------------------

      Code (inc. data)   RO Data    RW Data    ZI Data      Debug   Library Member Name

       624         52         80          0          0        168   asin.o
       544         70        152          0          0        124   atan.o
       412         38          0          0          0        144   atan2.o
        42          0          0          0          0         84   atof.o
        38          6          0          0          0        272   dunder.o
        40          0          0          0          0         68   fpclassify.o
       170          0          0          0          0         96   poly.o
         0          0          8          0          0          0   qnan.o
        76          0          0          0          0         84   sqrt.o
        86          0          0          0          0          0   __dczerorl2.o
        64          0          0          0          0         84   _sgetc.o
        40          6         64          0          0         68   ctype_c.o
         0          0          0          0          0          0   entry.o
         0          0          0          0          0          0   entry10a.o
         0          0          0          0          0          0   entry11a.o
         4          0          0          0          0          0   entry12b.o
         8          4          0          0          0          0   entry2.o
         4          0          0          0          0          0   entry5.o
         0          0          0          0          0          0   entry7b.o
         0          0          0          0          0          0   entry8b.o
         8          4          0          0          0          0   entry9a.o
        24         12          0          4          0        136   errno.o
        30          0          0          0          0          0   handlers.o
        36          8          0          0          0         68   init.o
        10          0          0          0          0         68   isspace_c.o
         0          0          0          0          0          0   iusefp.o
        98          0          0          0          0         84   ldiv.o
        30          0          0          0          0         68   llshl.o
        36          0          0          0          0         68   llsshr.o
        32          0          0          0          0         68   llushr.o
        26          0          0          0          0         80   memcmp.o
        36          0          0          0          0         68   memcpya.o
        36          0          0          0          0        108   memseta.o
      2268         96          0          0          0        616   printfa.o
       878         12          0          0          0        216   scanf_fp.o
        24          0          0          0          0         68   strcat.o
        14          0          0          0          0         68   strlen.o
       156         12          0          0          0        120   strtod.o
        44          0          0          0          0         80   uidiv.o
        98          0          0          0          0         92   uldiv.o
        48          0          0          0          0         68   cdcmple.o
        48          0          0          0          0         68   cdrcmple.o
        20          0          0          0          0         68   cfcmple.o
        20          0          0          0          0         68   cfrcmple.o
        56          0          0          0          0         88   d2f.o
       334          0          0          0          0        148   dadd.o
       222          0          0          0          0        100   ddiv.o
       186          0          0          0          0        176   depilogue.o
        48          0          0          0          0         68   dfixul.o
        34          0          0          0          0         76   dflti.o
        24          0          0          0          0         76   dfltul.o
       228          0          0          0          0         96   dmul.o
        46          0          0          0          0         80   dscalb.o
       162          0          0          0          0        100   dsqrt.o
        38          0          0          0          0         68   f2d.o
       176          0          0          0          0        140   fadd.o
       124          0          0          0          0         88   fdiv.o
       110          0          0          0          0        168   fepilogue.o
        50          0          0          0          0         68   ffixi.o
        40          0          0          0          0         68   ffixui.o
        18          0          0          0          0         68   fflti.o
        10          0          0          0          0         68   ffltui.o
       100          0          0          0          0         76   fmul.o

    ----------------------------------------------------------------------
      8190        320        304          4          0       5360   Library Totals
        12          0          0          0          0          0   (incl. Padding)

    ----------------------------------------------------------------------

      Code (inc. data)   RO Data    RW Data    ZI Data      Debug   Library Name

      1946        166        240          0          0       1040   m_ws.l
      4090        154         64          4          0       2228   mc_w.l
      2142          0          0          0          0       2092   mf_w.l

    ----------------------------------------------------------------------
      8190        320        304          4          0       5360   Library Totals

    ----------------------------------------------------------------------

==============================================================================


      Code (inc. data)   RO Data    RW Data    ZI Data      Debug   

     41044       4108      14308        672       2104     468290   Grand Totals
     41044       4108      14308        140       2104     468290   ELF Image Totals (compressed)
     41044       4108      14308        140          0          0   ROM Totals

==============================================================================

    Total RO  Size (Code + RO Data)                55352 (  54.05kB)
    Total RW  Size (RW Data + ZI Data)              2776 (   2.71kB)
    Total ROM Size (Code + RO Data + RW Data)      55492 (  54.19kB)

==============================================================================

