<html>
<body>
<pre>
<h1>µVision Build Log</h1>
<h2>Tool Versions:</h2>
IDE-Version: ¦ÌVision V5.38.0.0
Copyright (C) 2022 ARM Ltd and ARM Germany GmbH. All rights reserved.
License Information: NI yubin, 1, LIC=BUURY-IU0YR-63FMB-21VS3-QK6DB-3QBE8
 
Tool Versions:
Toolchain:       MDK-ARM Plus  Version: 5.38.0.0
Toolchain Path:  F:\MDK-ARM\ARM\ARMCC\Bin
C Compiler:      Armcc.exe V5.06 update 7 (build 960)
Assembler:       Armasm.exe V5.06 update 7 (build 960)
Linker/Locator:  ArmLink.exe V5.06 update 7 (build 960)
Library Manager: ArmAr.exe V5.06 update 7 (build 960)
Hex Converter:   FromElf.exe V5.06 update 7 (build 960)
CPU DLL:         SARMCM3.DLL V5.38.0.0
Dialog DLL:      DCM.DLL V1.17.5.0
Target DLL:      STLink\ST-LINKIII-KEIL_SWO.dll V3.1.0.0
Dialog DLL:      TCM.DLL V1.56.4.0
 
<h2>Project:</h2>
F:\stm32_Balance_Car_L\USER\stm32_Balance_Car.uvprojx
Project File Date:  06/02/2026

<h2>Output:</h2>
*** Using Compiler 'V5.06 update 7 (build 960)', folder: 'F:\MDK-ARM\ARM\ARMCC\Bin'
Rebuild target 'stm32RCT6_Balance_Car'
assembling startup_stm32f10x_hd.s...
compiling stm32f10x_crc.c...
compiling stm32f10x_exti.c...
compiling core_cm3.c...
compiling system_stm32f10x.c...
compiling stm32f10x_pwr.c...
compiling stm32f10x_adc.c...
compiling stm32f10x_it.c...
compiling stm32f10x_dac.c...
compiling stm32f10x_dma.c...
compiling stm32f10x_gpio.c...
compiling misc.c...
compiling stm32f10x_flash.c...
compiling stm32f10x_i2c.c...
compiling stm32f10x_rcc.c...
compiling main.c...
compiling stm32f10x_sdio.c...
compiling stm32f10x_spi.c...
compiling delay.c...
compiling stm32f10x_usart.c...
compiling stm32f10x_tim.c...
compiling bsp.c...
compiling encoder.c...
compiling motor.c...
compiling IOI2C.c...
compiling usart.c...
compiling mpu6050.c...
compiling oled_fonts.c...
compiling intsever.c...
compiling bsp_battery.c...
compiling bsp_oled.c...
compiling bsp_oled_i2c.c...
compiling bsp_beep.c...
compiling bsp_LED.c...
compiling bsp_timer.c...
compiling bsp_key.c...
compiling bsp_bluetooth.c...
compiling bsp_usart2.c...
compiling filter.c...
compiling app_control.c...
compiling app_motor.c...
compiling pid_control.c...
compiling bsp_pi_comm.c...
compiling oled_show.c...
compiling app_mode.c...
compiling app_bluetooth.c...
compiling inv_mpu_dmp_motion_driver.c...
compiling inv_mpu.c...
compiling KF.c...
compiling app_k210.c...
compiling app_k210_AI.c...
compiling app_line.c...
compiling app_follow.c...
linking...
Program Size: Code=43648 RO-data=14312 RW-data=720 ZI-data=2168  
FromELF: creating hex file...
"..\OBJ\stm32_Balance_Car_L.axf" - 0 Error(s), 0 Warning(s).

<h2>Software Packages used:</h2>

Package Vendor: Keil
                https://www.keil.com/pack/Keil.STM32F1xx_DFP.2.4.1.pack
                Keil.STM32F1xx_DFP.2.4.1
                STMicroelectronics STM32F1 Series Device Support, Drivers and Examples

<h2>Collection of Component include folders:</h2>
  F:/MDK-ARM/Keil/STM32F1xx_DFP/2.4.1/Device/Include

<h2>Collection of Component Files used:</h2>
Build Time Elapsed:  00:00:03
</pre>
</body>
</html>
